// Jest Snapshot v1, https://jestjs.io/docs/snapshot-testing

exports[`button component renders correctly 1`] = `
<DocumentFragment>
  <a
    class="Button-module_LY8NSq_button focus-ring-module_CnED2W_ring Button-module_LY8NSq_primary button colorScheme-module_uDd7va_auto"
    data-rac=""
    data-react-aria-pressable="true"
    href="/install"
    tabindex="0"
  >
    Download Compass
  </a>
</DocumentFragment>
`;
