// Jest Snapshot v1, https://jestjs.io/docs/snapshot-testing

exports[`DefinitionList renders correctly 1`] = `
<DocumentFragment>
  .emotion-0 p:first-of-type {
  margin-top: 0!important;
}

<dl>
    <dt>
      <code
        class="Text-module__2xN8W_text Text-module__2xN8W_inlineCode Text-module__2xN8W_large colorScheme-module_uDd7va_auto literal"
        data-display="code"
      >
        MongoDefaultPartitioner
      </code>
    </dt>
    <dd
      class="emotion-0"
    >
      <strong>
        Default
      </strong>
      . Wraps the MongoSamplePartitioner and provides help for users of older versions of MongoDB.
    </dd>
  </dl>
</DocumentFragment>
`;
