// Jest Snapshot v1, https://jestjs.io/docs/snapshot-testing

exports[`Paragraph unit tests handles formatting dangling punctuation after Links and no extra multiplying on rerenders 1`] = `
<DocumentFragment>
  <p
    class="Text-module__2xN8W_text Text-module__2xN8W_body Text-module__2xN8W_large colorScheme-module_uDd7va_auto paragraph"
    data-display="p"
  >
    <a
      class="Link-module_IFszra_link colorScheme-module_uDd7va_auto viaLink"
      data-rac=""
      data-react-aria-pressable="true"
      data-viaid="via-link"
      href="https://cloud.mongodb.com?tck=docs_realm"
      tabindex="0"
      target="_self"
    >
      <span
        class="Link-module_IFszra_text"
      >
        Deploy a Free Tier Cluster.
      </span>
    </a>
  </p>
</DocumentFragment>
`;

exports[`Paragraph unit tests handles formatting dangling punctuation after Links and no extra multiplying on rerenders 2`] = `
<DocumentFragment>
  <p
    class="Text-module__2xN8W_text Text-module__2xN8W_body Text-module__2xN8W_large colorScheme-module_uDd7va_auto paragraph"
    data-display="p"
  >
    <a
      class="Link-module_IFszra_link colorScheme-module_uDd7va_auto viaLink"
      data-rac=""
      data-react-aria-pressable="true"
      data-viaid="via-link"
      href="https://cloud.mongodb.com?tck=docs_realm"
      tabindex="0"
      target="_self"
    >
      <span
        class="Link-module_IFszra_text"
      >
        Deploy a Free Tier Cluster.
      </span>
    </a>
  </p>
</DocumentFragment>
`;

exports[`Paragraph unit tests renders correctly 1`] = `
<DocumentFragment>
  <p
    class="Text-module__2xN8W_text Text-module__2xN8W_body Text-module__2xN8W_large colorScheme-module_uDd7va_auto paragraph"
    data-display="p"
  >
    Verify that MongoDB has started successfully by checking the process output for the following line:
  </p>
</DocumentFragment>
`;
