// Jest Snapshot v1, https://jestjs.io/docs/snapshot-testing

exports[`ProductUpdateDetail component renders correctly 1`] = `
<DocumentFragment>
  .emotion-0 {
  width: 100vw;
  padding: 64px;
}

.emotion-1 {
  max-width: 968px;
  margin: 0 auto;
}

.emotion-2 {
  margin-bottom: 40px;
}

.emotion-3 {
  display: -webkit-box;
  display: -webkit-flex;
  display: -ms-flexbox;
  display: flex;
  -webkit-align-items: center;
  -webkit-box-align: center;
  -ms-flex-align: center;
  align-items: center;
  -webkit-flex-direction: row;
  -ms-flex-direction: row;
  flex-direction: row;
  -webkit-text-decoration: none;
  text-decoration: none;
  font-size: 16px;
  font-weight: 500;
}

.emotion-4 {
  -webkit-flex-shrink: 0;
  -ms-flex-negative: 0;
  flex-shrink: 0;
  margin-left: 4px;
  color: #016BF8;
}

.emotion-5 {
  margin: unset;
  font-family: 'Euclid Circular A','Helvetica Neue',Helvetica,Arial,sans-serif;
  color: #001E2B;
  font-size: 13px;
  line-height: 20px;
  color: #001E2B;
  font-weight: 400;
  margin-left: 4px;
  color: #016BF8;
}

.emotion-5 strong,
.emotion-5 b {
  font-weight: 600;
}

.emotion-6 {
  margin: unset;
  font-family: 'Euclid Circular A','Helvetica Neue',Helvetica,Arial,sans-serif;
  color: #001E2B;
  font-size: 24px;
  line-height: 32px;
  font-weight: 500;
  color: #001E2B;
  line-height: 40px;
  margin-bottom: 12px;
  font-weight: 400;
  color: #001E2B;
  font-family: 'MongoDB Value Serif';
}

@media not all and (max-width: 1024px) {
  .emotion-6 {
    font-size: 48px;
    line-height: 64px;
  }
}

.emotion-7 {
  margin: unset;
  font-family: 'Euclid Circular A','Helvetica Neue',Helvetica,Arial,sans-serif;
  color: #001E2B;
  font-size: 13px;
  line-height: 20px;
  color: #001E2B;
  font-weight: 400;
  font-size: 13px;
  line-height: 20px;
  color: #5C6C75;
  margin-bottom: 24px;
}

.emotion-7 strong,
.emotion-7 b {
  font-weight: 600;
}

@media not all and (max-width: 1024px) {
  .emotion-7 {
    font-size: 16px;
    line-height: 28px;
  }
}

.emotion-8 {
  font-size: 16px;
  line-height: 28px;
  color: #001E2B;
  margin-bottom: 40px;
  white-space: pre-line;
}

.emotion-8 p {
  margin-bottom: 16px;
}

.emotion-8 p:last-child {
  margin-bottom: 0;
}

.emotion-8 a {
  color: #016BF8;
  -webkit-text-decoration: none;
  text-decoration: none;
  text-underline-offset: 2px;
}

.emotion-8 a:hover {
  -webkit-text-decoration: underline;
  text-decoration: underline;
}

.emotion-9 {
  margin: unset;
  font-family: 'Euclid Circular A','Helvetica Neue',Helvetica,Arial,sans-serif;
  color: #001E2B;
  font-size: 24px;
  line-height: 32px;
  font-weight: 500;
  color: #001E2B;
  font-size: 24px;
  line-height: 32px;
  margin-bottom: 24px;
  color: #001E2B;
  font-weight: 500;
}

.emotion-10 {
  display: grid;
  grid-template-columns: 1fr;
  gap: 16px;
}

@media not all and (max-width: 1200px) {
  .emotion-10 {
    grid-template-columns: repeat(2, 1fr);
    gap: 24px;
  }
}

.emotion-11 {
  position: relative;
  -webkit-transition: 150ms ease-in-out;
  transition: 150ms ease-in-out;
  transition-property: border,box-shadow;
  border-radius: 24px;
  font-family: 'Euclid Circular A','Helvetica Neue',Helvetica,Arial,sans-serif;
  font-size: 13px;
  line-height: 20px;
  padding: 24px;
  min-height: 68px;
  border: 1px solid #E8EDEB;
  box-shadow: 0px 2px 4px 1px color-mix(in srgb, #001E2B 15%, transparent);
  background-color: #FFFFFF;
  color: #1C2D38;
  cursor: pointer;
  display: -webkit-box;
  display: -webkit-flex;
  display: -ms-flexbox;
  display: flex;
  -webkit-flex-direction: column;
  -ms-flex-direction: column;
  flex-direction: column;
  padding: 24px;
  cursor: pointer;
  -webkit-text-decoration: none;
  text-decoration: none;
  -webkit-transition: all 0.2s ease;
  transition: all 0.2s ease;
  max-width: 472px;
}

.emotion-11:focus {
  outline: none;
  box-shadow: 0 0 0 2px #FFFFFF,0 0 0 4px #0498EC,0px 2px 4px 1px color-mix(in srgb, #001E2B 15%, transparent);
}

.emotion-11:hover,
.emotion-11:active {
  border: 1px solid #E8EDEB;
  box-shadow: 0px 18px 18px -15px color-mix(in srgb, #001E2B 20%, transparent);
}

.emotion-11:hover:focus,
.emotion-11:active:focus {
  box-shadow: 0 0 0 2px #FFFFFF,0 0 0 4px #0498EC,0px 2px 4px 1px color-mix(in srgb, #001E2B 15%, transparent);
}

.emotion-11:hover {
  -webkit-transform: translateY(-2px);
  -moz-transform: translateY(-2px);
  -ms-transform: translateY(-2px);
  transform: translateY(-2px);
  box-shadow: 0 4px 12px rgba(0, 0, 0, 0.15);
}

.emotion-12 {
  display: -webkit-inline-box;
  display: -webkit-inline-flex;
  display: -ms-inline-flexbox;
  display: inline-flex;
  -webkit-align-items: center;
  -webkit-box-align: center;
  -ms-flex-align: center;
  align-items: center;
  gap: 4px;
  margin-bottom: 16px;
  padding: 0 6px;
  width: -webkit-fit-content;
  width: -moz-fit-content;
  width: fit-content;
  border-radius: 6px;
  background-color: #C3E7FE;
}

.emotion-13 {
  -webkit-flex-shrink: 0;
  -ms-flex-negative: 0;
  flex-shrink: 0;
}

.emotion-14 {
  margin: unset;
  font-family: 'Euclid Circular A','Helvetica Neue',Helvetica,Arial,sans-serif;
  color: #001E2B;
  font-size: 13px;
  line-height: 20px;
  color: #001E2B;
  font-weight: 400;
  font-size: 12px;
  line-height: 22px;
  font-weight: 400;
  color: #083C90;
}

.emotion-14 strong,
.emotion-14 b {
  font-weight: 600;
}

.emotion-15 {
  margin: unset;
  font-family: 'Euclid Circular A','Helvetica Neue',Helvetica,Arial,sans-serif;
  color: #001E2B;
  font-size: 13px;
  line-height: 20px;
  color: #001E2B;
  font-weight: 400;
  font-size: 18px;
  line-height: 24px;
  font-weight: 600;
  color: #001E2B;
  margin: 0;
}

.emotion-15 strong,
.emotion-15 b {
  font-weight: 600;
}

<div
    class="emotion-0"
  >
    <div
      class="emotion-1"
    >
      <div
        class="emotion-2"
      >
        <a
          class="emotion-3"
          href="/products/updates"
        >
          <svg
            aria-label="Arrow Left Icon"
            class="emotion-4"
            height="16"
            role="img"
            viewBox="0 0 16 16"
            width="16"
          >
            <path
              d="M13 6.83212L6.05559 6.83212L7.59059 5.29711C7.98112 4.90659 7.98112 4.27342 7.59059 3.8829L7.35168 3.64398C6.96115 3.25346 6.32799 3.25345 5.93746 3.64398L2.55483 7.02661C2.5456 7.03518 2.5365 7.04395 2.52752 7.05292L2.2886 7.29184C1.89808 7.68237 1.89808 8.31553 2.2886 8.70605L5.93975 12.3572C6.33028 12.7477 6.96344 12.7477 7.35397 12.3572L7.59288 12.1183C7.98341 11.7278 7.98341 11.0946 7.59288 10.7041L6.0588 9.17L13 9.17C13.5523 9.17 14 8.72228 14 8.17V7.83212C14 7.27983 13.5523 6.83212 13 6.83212Z"
              fill="currentColor"
            />
          </svg>
          <p
            class="emotion-5"
          >
            See all updates
          </p>
        </a>
      </div>
      <div>
        <h3
          class="emotion-6"
        >
          MongoDB SQL Interface for Enterprise Advanced Now Generally Available
        </h3>
        <p
          class="emotion-7"
        >
          September 16, 2025
        </p>
      </div>
      <div
        class="emotion-8"
      >
        What it is: 
SQL Interface for Enterprise Advanced provides direct SQL connectivity to self-managed MongoDB deployments through standard ODBC and JDBC connections. It uses the SQL Schema Builder CLI to generate comprehensive JSON schemas and translates SQL queries into MongoDB operations in real-time.

Who it's for:
This is built for data analysts, data scientists, and data engineers who are SQL experts but need access to MongoDB data. It's designed for teams running self-managed MongoDB deployments who want to avoid learning MQL or building custom ETL pipelines.

Why it matters:
SQL Interface eliminates the friction between SQL expertise and MongoDB's document model. Teams can leverage their existing skills and tools to access live MongoDB data without maintaining ETL processes or dealing with outdated information. This enables self-service analytics and faster decision-making while preserving operational workflows.

How to get started:
Check out the link to our documentation below for configuration options and best practices, or head over to the Download Center to get the SQL Schema Builder CLI and drivers for your deployment.
      </div>
      <h3
        class="emotion-9"
      >
        Related Content
      </h3>
      <div
        class="emotion-10"
      >
        <div
          class="emotion-11"
        >
          <div
            class="emotion-12"
          >
            <svg
              aria-label="Note Icon"
              class="emotion-13"
              color="#083C90"
              height="16"
              role="img"
              viewBox="0 0 16 16"
              width="16"
            >
              <path
                d="M4.5 6.25C4.5 5.83579 4.83579 5.5 5.25 5.5H8.75C9.16421 5.5 9.5 5.83579 9.5 6.25C9.5 6.66421 9.16421 7 8.75 7H5.25C4.83579 7 4.5 6.66421 4.5 6.25Z"
                fill="currentColor"
              />
              <path
                d="M4.5 8.75C4.5 8.33579 4.83579 8 5.25 8H6.75C7.16421 8 7.5 8.33579 7.5 8.75C7.5 9.16421 7.16421 9.5 6.75 9.5H5.25C4.83579 9.5 4.5 9.16421 4.5 8.75Z"
                fill="currentColor"
              />
              <path
                clip-rule="evenodd"
                d="M15 10L11 14H3C1.89543 14 1 13.1046 1 12V4C1 2.89543 1.89543 2 3 2H13C14.1046 2 15 2.89543 15 4V10ZM13 4H3L3 12H10V10C10 9.44772 10.4477 9 11 9H13V4Z"
                fill="currentColor"
                fill-rule="evenodd"
              />
            </svg>
            <p
              class="emotion-14"
            >
              Docs
            </p>
          </div>
          <p
            class="emotion-15"
          />
        </div>
        <div
          class="emotion-11"
        >
          <div
            class="emotion-12"
          >
            <p
              class="emotion-14"
            >
              Web
            </p>
          </div>
          <p
            class="emotion-15"
          />
        </div>
      </div>
    </div>
  </div>
</DocumentFragment>
`;
