// Jest Snapshot v1, https://jestjs.io/docs/snapshot-testing

exports[`ProductUpdateDetail component renders correctly 1`] = `
<DocumentFragment>
  .emotion-0 {
  max-width: 1550px;
  margin: 48px auto 0;
  padding: 0 24px;
}

@media not all and (max-width: 1200px) {
  .emotion-0 {
    padding: 0 32px;
  }
}

.emotion-1 {
  font-family: 'Euclid Circular A','Helvetica Neue',Helvetica,Arial,sans-serif;
  display: inline;
  -webkit-align-items: center;
  -webkit-box-align: center;
  -ms-flex-align: center;
  align-items: center;
  -webkit-text-decoration: none;
  text-decoration: none;
  text-decoration-color: transparent;
  cursor: pointer;
  font-size: inherit;
  line-height: inherit;
  -webkit-appearance: none;
  -moz-appearance: none;
  -ms-appearance: none;
  appearance: none;
  background: none;
  border: none;
  padding: 0;
  font-size: 13px;
  line-height: 20px;
  color: #016BF8;
  font-weight: 400;
  font-size: 18px;
  font-weight: 600;
  line-height: 24px;
  margin-bottom: 16px;
  margin-left: 24px;
  opacity: 0.5;
}

.emotion-1:hover,
.emotion-1[data-hover='true'],
.emotion-1:focus-visible,
.emotion-1[data-focus='true'] {
  -webkit-text-decoration: underline;
  text-decoration: underline;
  -webkit-transition: text-decoration 150ms ease-in-out;
  transition: text-decoration 150ms ease-in-out;
  text-underline-offset: 4px;
  text-decoration-thickness: 2px;
}

.emotion-1:focus {
  outline: none;
}

.emotion-1:hover,
.emotion-1[data-hover='true'] {
  text-decoration-color: #E8EDEB;
}

.emotion-1:focus-visible,
.emotion-1[data-focus='true'] {
  text-decoration-color: #016BF8;
}

@media not all and (max-width: 1200px) {
  .emotion-1 {
    margin-left: 32px;
  }
}

.emotion-2 {
  display: -webkit-box;
  display: -webkit-flex;
  display: -ms-flexbox;
  display: flex;
  -webkit-flex-direction: column;
  -ms-flex-direction: column;
  flex-direction: column;
  -webkit-align-items: flex-start;
  -webkit-box-align: flex-start;
  -ms-flex-align: flex-start;
  align-items: flex-start;
  -webkit-box-pack: center;
  -ms-flex-pack: center;
  -webkit-justify-content: center;
  justify-content: center;
  padding: 0 24px;
}

@media not all and (max-width: 1200px) {
  .emotion-2 {
    -webkit-flex-direction: row;
    -ms-flex-direction: row;
    flex-direction: row;
    padding: 0 32px;
  }
}

.emotion-3 {
  display: -webkit-box;
  display: -webkit-flex;
  display: -ms-flexbox;
  display: flex;
  -webkit-flex-direction: column;
  -ms-flex-direction: column;
  flex-direction: column;
  width: 100%;
  margin-bottom: 16px;
  gap: 16px;
}

@media not all and (max-width: 767px) {
  .emotion-3 {
    -webkit-flex-direction: row;
    -ms-flex-direction: row;
    flex-direction: row;
  }
}

@media not all and (max-width: 1200px) {
  .emotion-3 {
    -webkit-flex-direction: column;
    -ms-flex-direction: column;
    flex-direction: column;
    width: 224px;
    -webkit-flex-shrink: 0;
    -ms-flex-negative: 0;
    flex-shrink: 0;
  }
}

.emotion-4 {
  display: -webkit-box;
  display: -webkit-flex;
  display: -ms-flexbox;
  display: flex;
  -webkit-flex-direction: column;
  -ms-flex-direction: column;
  flex-direction: column;
  gap: 8px;
}

@media not all and (max-width: 767px) {
  .emotion-4 {
    -webkit-flex: 1;
    -ms-flex: 1;
    flex: 1;
    min-width: 0;
  }
}

.emotion-5 {
  margin: unset;
  font-family: 'Euclid Circular A','Helvetica Neue',Helvetica,Arial,sans-serif;
  color: #001E2B;
  font-size: 13px;
  line-height: 20px;
  color: #001E2B;
  font-weight: 400;
  font-size: 16px;
  line-height: 28px;
  font-weight: 600;
  color: #001E2B;
}

.emotion-5 strong,
.emotion-5 b {
  font-weight: 600;
}

.emotion-6 {
  display: -webkit-box;
  display: -webkit-flex;
  display: -ms-flexbox;
  display: flex;
  -webkit-flex-direction: column;
  -ms-flex-direction: column;
  flex-direction: column;
  gap: 8px;
  padding-left: 16px;
}

.emotion-7 {
  display: grid;
  grid-template-columns: 14px auto;
  grid-template-areas: 'label label' '. description';
  gap: 0 8px;
  position: relative;
  -webkit-align-items: center;
  -webkit-box-align: center;
  -ms-flex-align: center;
  align-items: center;
  -webkit-box-pack: start;
  -ms-flex-pack: start;
  -webkit-justify-content: flex-start;
  justify-content: flex-start;
  z-index: 0;
}

.emotion-8 {
  color: #001E2B;
  font-family: 'Euclid Circular A','Helvetica Neue',Helvetica,Arial,sans-serif;
  font-weight: 600;
  font-size: 13px;
  line-height: 20px;
  grid-area: label;
  display: grid;
  grid-template-columns: 14px auto;
  grid-template-areas: 'check text';
  gap: 8px;
  -webkit-box-pack: start;
  -ms-flex-pack: start;
  -webkit-justify-content: flex-start;
  justify-content: flex-start;
  -webkit-align-items: baseline;
  -webkit-box-align: baseline;
  -ms-flex-align: baseline;
  align-items: baseline;
  cursor: pointer;
}

.emotion-8:hover:not(:focus-within)>.lg-ui-input-0000:not([disabled])+.lg-ui-check-wrapper-0000 {
  box-shadow: 0 0 0 3px #E8EDEB;
}

.emotion-9 {
  margin: 0;
  position: absolute;
  height: 0;
  width: 0;
  left: 0;
  top: 0;
  pointer-events: none;
  opacity: 0;
}

.emotion-9:focus-visible+.lg-ui-check-wrapper-0000 {
  box-shadow: 0 0 0 2px #FFFFFF,0 0 0 4px #0498EC;
}

.emotion-10 {
  grid-area: check;
  position: relative;
  display: -webkit-box;
  display: -webkit-flex;
  display: -ms-flexbox;
  display: flex;
  z-index: 1;
  height: 14px;
  width: 14px;
  -webkit-align-items: center;
  -webkit-box-align: center;
  -ms-flex-align: center;
  align-items: center;
  -webkit-box-pack: center;
  -ms-flex-pack: center;
  -webkit-justify-content: center;
  justify-content: center;
  border-radius: 3px;
  border: 2px solid;
  overflow: hidden;
  background-color: transparent;
  -webkit-transition: box-shadow 100ms ease-in-out,background-color 0ms linear,border-color 0ms linear;
  transition: box-shadow 100ms ease-in-out,background-color 0ms linear,border-color 0ms linear;
  transition-delay: 0ms,0ms,100ms;
  border-color: #3D4F58;
}

.emotion-10::before {
  content: '';
  position: absolute;
  inset: -41.42135623730951%;
  z-index: 1;
  border-radius: 100%;
  -webkit-transform: scale(0);
  -moz-transform: scale(0);
  -ms-transform: scale(0);
  transform: scale(0);
  transform-origin: center center;
  -webkit-transition: -webkit-transform 100ms ease-in-out;
  transition: transform 100ms ease-in-out;
  transition-delay: 50ms;
}

.emotion-10::before {
  background-color: #016BF8;
}

.emotion-11 {
  z-index: 1;
  transform-origin: center;
  -webkit-transition: -webkit-transform 100ms ease-in-out;
  transition: transform 100ms ease-in-out;
  -webkit-transform: scale(0) rotate(-45deg);
  -moz-transform: scale(0) rotate(-45deg);
  -ms-transform: scale(0) rotate(-45deg);
  transform: scale(0) rotate(-45deg);
}

.emotion-12 {
  grid-area: check;
  position: relative;
  top: 2px;
  height: 14px;
  width: 14px;
  z-index: 0;
  border-radius: 100%;
  opacity: 1;
  -webkit-transform: scale(0);
  -moz-transform: scale(0);
  -ms-transform: scale(0);
  transform: scale(0);
  transform-origin: center center;
  -webkit-transition: 0ms ease-in-out;
  transition: 0ms ease-in-out;
  transition-property: transform,opacity;
  background-color: #1254B7;
}

.emotion-13 {
  -webkit-align-self: baseline;
  -ms-flex-item-align: baseline;
  align-self: baseline;
  font-weight: 400;
}

.emotion-34 {
  display: none;
}

@media not all and (max-width: 1200px) {
  .emotion-34 {
    display: block;
  }
}

.emotion-35 {
  -webkit-appearance: none;
  -moz-appearance: none;
  -ms-appearance: none;
  appearance: none;
  padding: 0;
  margin: 0;
  background-color: transparent;
  border: 1px solid transparent;
  display: -webkit-inline-box;
  display: -webkit-inline-flex;
  display: -ms-inline-flexbox;
  display: inline-flex;
  -webkit-align-items: stretch;
  -webkit-box-align: stretch;
  -ms-flex-align: stretch;
  align-items: stretch;
  -webkit-transition: all 150ms ease-in-out;
  transition: all 150ms ease-in-out;
  position: relative;
  -webkit-text-decoration: none;
  text-decoration: none;
  cursor: pointer;
  z-index: 0;
  font-family: 'Euclid Circular A','Helvetica Neue',Helvetica,Arial,sans-serif;
  border-radius: 6px;
  background-color: #F9FBFA;
  border-color: #889397;
  color: #001E2B;
  font-size: 13px;
  line-height: 20px;
  font-weight: 500;
  height: 36px;
}

.emotion-35:focus-visible,
.emotion-35[data-focus="true"] {
  outline: none;
}

.emotion-35:active,
.emotion-35[data-active="true"],
.emotion-35:focus,
.emotion-35:hover {
  -webkit-text-decoration: none;
  text-decoration: none;
}

.emotion-35:focus-visible,
.emotion-35[data-focus="true"] {
  color: #001E2B;
}

.emotion-35:hover,
.emotion-35[data-hover="true"],
.emotion-35:active,
.emotion-35[data-active="true"] {
  color: #001E2B;
  background-color: #FFFFFF;
  box-shadow: 0 0 0 3px #E8EDEB;
}

.emotion-35:focus-visible,
.emotion-35[data-focus="true"] {
  background-color: #FFFFFF;
  box-shadow: 0 0 0 2px #FFFFFF,0 0 0 4px #0498EC;
}

.emotion-36 {
  overflow: hidden;
  position: absolute;
  top: 0;
  left: 0;
  right: 0;
  bottom: 0;
  border-radius: 5px;
}

.emotion-37 {
  display: grid;
  grid-auto-flow: column;
  -webkit-box-pack: center;
  -ms-flex-pack: center;
  -webkit-justify-content: center;
  justify-content: center;
  -webkit-align-items: center;
  -webkit-box-align: center;
  -ms-flex-align: center;
  align-items: center;
  height: 100%;
  width: 100%;
  position: relative;
  -webkit-user-select: none;
  -moz-user-select: none;
  -ms-user-select: none;
  user-select: none;
  z-index: 0;
  -webkit-transition: all 150 ease-in-out;
  transition: all 150 ease-in-out;
  padding: 0 11px;
  gap: 6px;
}

.emotion-38 {
  display: block;
  margin-bottom: 32px;
}

@media not all and (max-width: 1200px) {
  .emotion-38 {
    display: none;
  }
}

.emotion-42 {
  max-width: 1018px;
  width: 100%;
  margin: 0 0 48px 0;
}

@media not all and (max-width: 1200px) {
  .emotion-42 {
    margin: 0 99px 48px 99px;
  }
}

.emotion-43 {
  display: -webkit-box;
  display: -webkit-flex;
  display: -ms-flexbox;
  display: flex;
  -webkit-flex-direction: column;
  -ms-flex-direction: column;
  flex-direction: column;
  -webkit-box-pack: justify;
  -webkit-justify-content: space-between;
  justify-content: space-between;
  width: 100%;
  max-width: 902px;
  -webkit-flex: 1;
  -ms-flex: 1;
  flex: 1;
  margin-right: 199px;
}

.emotion-44 {
  margin-bottom: 7px;
  width: 100%;
}

.emotion-45 {
  outline: none;
}

.emotion-46 {
  position: relative;
  display: grid;
  grid-auto-flow: column;
  -webkit-align-items: center;
  -webkit-box-align: center;
  -ms-flex-align: center;
  align-items: center;
  justify-items: center;
  border: 1px solid;
  border-radius: 6px;
  z-index: 0;
  -webkit-transition: 150ms ease-in-out;
  transition: 150ms ease-in-out;
  transition-property: border-color,box-shadow;
  font-size: 13px;
  line-height: 20px;
  height: 36px;
  grid-template-columns: 36px 1fr 36px;
  color: #001E2B;
  background: #FFFFFF;
  border-color: #889397;
}

.emotion-46:hover:not(:disabled):not(:focus-within),
.emotion-46:active:not(:disabled):not(:focus-within) {
  box-shadow: 0 0 0 3px #E8EDEB;
}

.emotion-47 {
  -webkit-flex-shrink: 0;
  -ms-flex-negative: 0;
  flex-shrink: 0;
  color: #5C6C75;
  margin-left: 8px;
}

.emotion-48 {
  font-size: inherit;
  line-height: inherit;
  color: inherit;
  background-color: inherit;
  font-family: 'Euclid Circular A','Helvetica Neue',Helvetica,Arial,sans-serif;
  width: 100%;
  height: 1.5em;
  font-weight: 400;
  z-index: 1;
  outline: none;
  border: none;
  padding: 0;
}

.emotion-48[aria-disabled='true'] {
  cursor: not-allowed;
}

.emotion-48[aria-disabled='true']:hover,
.emotion-48[aria-disabled='true']:active {
  box-shadow: none;
}

.emotion-48::-webkit-input-placeholder {
  font-size: inherit;
  line-height: inherit;
}

.emotion-48::-moz-placeholder {
  font-size: inherit;
  line-height: inherit;
}

.emotion-48:-ms-input-placeholder {
  font-size: inherit;
  line-height: inherit;
}

.emotion-48::placeholder {
  font-size: inherit;
  line-height: inherit;
}

.emotion-48::-ms-clear,
.emotion-48::-ms-reveal {
  display: none;
  width: 0;
  height: 0;
}

.emotion-48::-webkit-search-decoration,
.emotion-48::-webkit-search-cancel-button,
.emotion-48::-webkit-search-results-button,
.emotion-48::-webkit-search-results-decoration {
  display: none;
}

.emotion-48:-webkit-autofill {
  color: inherit;
  background: transparent;
  border: none;
  -webkit-text-fill-color: inherit;
}

.emotion-48:-webkit-autofill[aria-disabled='false'] {
  box-shadow: 0 0 0 100px #FFFFFF inset;
}

.emotion-48:-webkit-autofill[aria-disabled='false']:focus {
  box-shadow: 0 0 0 100px #FFFFFF inset,0 0 0 3px #0498EC;
}

.emotion-48:-webkit-autofill[aria-disabled='false']:hover:not(:focus) {
  box-shadow: 0 0 0 100px #FFFFFF inset,0 0 0 3px #E8EDEB;
}

.emotion-48::-webkit-input-placeholder {
  color: #889397;
  font-weight: 400;
}

.emotion-48::-moz-placeholder {
  color: #889397;
  font-weight: 400;
}

.emotion-48:-ms-input-placeholder {
  color: #889397;
  font-weight: 400;
}

.emotion-48::placeholder {
  color: #889397;
  font-weight: 400;
}

.emotion-48[aria-disabled='true']::-webkit-input-placeholder {
  color: #889397;
}

.emotion-48[aria-disabled='true']::-moz-placeholder {
  color: #889397;
}

.emotion-48[aria-disabled='true']:-ms-input-placeholder {
  color: #889397;
}

.emotion-48[aria-disabled='true']::placeholder {
  color: #889397;
}

.emotion-48[aria-disabled='true']:-webkit-autofill,
.emotion-48[aria-disabled='true']:-webkit-autofill:hover,
.emotion-48[aria-disabled='true']:-webkit-autofill:focus {
  -webkit-appearance: none;
  -moz-appearance: none;
  -ms-appearance: none;
  appearance: none;
  border: 1px solid #889397;
  -webkit-text-fill-color: #889397;
  box-shadow: 0 0 0 100px #E8EDEB inset;
}

.emotion-49 {
  display: -webkit-box;
  display: -webkit-flex;
  display: -ms-flexbox;
  display: flex;
  -webkit-flex-direction: column;
  -ms-flex-direction: column;
  flex-direction: column;
  -webkit-flex: 1;
  -ms-flex: 1;
  flex: 1;
  padding: 16px;
  border-bottom: 1px solid #889397;
}

.emotion-49:last-child {
  border-bottom: none;
}

.emotion-49:hover {
  cursor: pointer;
}

.emotion-50 {
  margin: unset;
  font-family: 'Euclid Circular A','Helvetica Neue',Helvetica,Arial,sans-serif;
  color: #001E2B;
  font-size: 13px;
  line-height: 20px;
  color: #001E2B;
  font-weight: 400;
  font-size: 13px;
  line-height: 20px;
  color: var(--whats-new-gray-dark1);
}

.emotion-50 strong,
.emotion-50 b {
  font-weight: 600;
}

.emotion-51 {
  font-size: 18px;
  line-height: 24px;
  color: var(--whats-new-dark-blue);
  font-weight: 500;
  margin-bottom: 4px;
}

@media not all and (max-width: 767px) {
  .emotion-51 {
    font-size: 24px;
    line-height: 32px;
  }
}

.emotion-52 {
  font-size: 13px;
  line-height: 20px;
  color: #001E2B;
}

@media not all and (max-width: 767px) {
  .emotion-52 {
    font-size: 16px;
    line-height: 28px;
  }
}

.emotion-53 {
  display: -webkit-box;
  display: -webkit-flex;
  display: -ms-flexbox;
  display: flex;
  -webkit-flex-direction: row;
  -ms-flex-direction: row;
  flex-direction: row;
  -webkit-box-flex-wrap: wrap;
  -webkit-flex-wrap: wrap;
  -ms-flex-wrap: wrap;
  flex-wrap: wrap;
  gap: 8px;
  margin-top: 8px;
  min-width: 0;
  max-width: 100%;
}

.emotion-54 {
  position: relative;
  -webkit-transition: 150ms ease-in-out;
  transition: 150ms ease-in-out;
  transition-property: border,box-shadow;
  border-radius: 24px;
  font-family: 'Euclid Circular A','Helvetica Neue',Helvetica,Arial,sans-serif;
  font-size: 13px;
  line-height: 20px;
  padding: 24px;
  min-height: 68px;
  border: 1px solid #C1C7C6;
  background-color: #FFFFFF;
  color: #1C2D38;
  cursor: pointer;
  box-shadow: none;
  padding: 4px 8px;
  border-radius: 8px;
  -webkit-text-decoration: none;
  text-decoration: none;
  min-height: initial;
  max-width: 100%;
  display: -webkit-box;
  display: -webkit-flex;
  display: -ms-flexbox;
  display: flex;
  -webkit-align-items: center;
  -webkit-box-align: center;
  -ms-flex-align: center;
  align-items: center;
  gap: 8px;
  background-color: #F9FBFA;
}

.emotion-54:focus {
  outline: none;
  box-shadow: 0 0 0 2px #FFFFFF,0 0 0 4px #0498EC,0px 2px 4px 1px color-mix(in srgb, #001E2B 15%, transparent);
}

.emotion-54:hover,
.emotion-54:active {
  border: 1px solid #E8EDEB;
  box-shadow: 0px 18px 18px -15px color-mix(in srgb, #001E2B 20%, transparent);
}

.emotion-54:hover:focus,
.emotion-54:active:focus {
  box-shadow: 0 0 0 2px #FFFFFF,0 0 0 4px #0498EC,0px 2px 4px 1px color-mix(in srgb, #001E2B 15%, transparent);
}

.emotion-54 .lg-ui-lg-chat-rich-link-0000 {
  white-space: nowrap;
  overflow: hidden;
  text-overflow: ellipsis;
}

.emotion-54:hover {
  box-shadow: 0 0 0 3px #E8EDEB;
}

.emotion-55 {
  margin: unset;
  font-family: 'Euclid Circular A','Helvetica Neue',Helvetica,Arial,sans-serif;
  color: #001E2B;
  font-size: 13px;
  line-height: 20px;
  color: #001E2B;
  font-weight: 400;
}

.emotion-55 strong,
.emotion-55 b {
  font-weight: 600;
}

.emotion-56 {
  display: -webkit-inline-box;
  display: -webkit-inline-flex;
  display: -ms-inline-flexbox;
  display: inline-flex;
  gap: 2px;
  -webkit-align-items: center;
  -webkit-box-align: center;
  -ms-flex-align: center;
  align-items: center;
  border-radius: 4px;
  padding: 0 4px;
  background-color: #E1F7FF;
}

.emotion-56 svg {
  color: #083C90;
}

.emotion-56 p {
  color: #0C2657;
}

.emotion-57 {
  -webkit-flex-shrink: 0;
  -ms-flex-negative: 0;
  flex-shrink: 0;
}

.emotion-61 {
  display: -webkit-inline-box;
  display: -webkit-inline-flex;
  display: -ms-inline-flexbox;
  display: inline-flex;
  gap: 2px;
  -webkit-align-items: center;
  -webkit-box-align: center;
  -ms-flex-align: center;
  align-items: center;
  border-radius: 4px;
  padding: 0 4px;
  background-color: #F9EBFF;
}

.emotion-61 svg {
  color: #5E0C9E;
}

.emotion-61 p {
  color: #2D0B59;
}

.emotion-64 {
  display: grid;
  grid-template-columns: 1fr auto;
  -webkit-align-items: center;
  -webkit-box-align: center;
  -ms-flex-align: center;
  align-items: center;
  gap: 1rem;
  margin-top: 7px;
  padding: 16px;
  border-top: 2px solid #E8EDEB;
}

.emotion-65 {
  margin: unset;
  font-family: 'Euclid Circular A','Helvetica Neue',Helvetica,Arial,sans-serif;
  color: #001E2B;
  font-size: 13px;
  line-height: 20px;
  color: #001E2B;
  font-weight: 400;
  font-size: 13px;
  justify-self: center;
  line-height: 20px;
  color: #001E2B;
}

.emotion-65 strong,
.emotion-65 b {
  font-weight: 600;
}

.emotion-66 {
  display: -webkit-box;
  display: -webkit-flex;
  display: -ms-flexbox;
  display: flex;
}

.emotion-67 {
  display: -webkit-box;
  display: -webkit-flex;
  display: -ms-flexbox;
  display: flex;
  -webkit-align-items: center;
  -webkit-box-align: center;
  -ms-flex-align: center;
  align-items: center;
  gap: 8px;
}

.emotion-68 {
  display: -webkit-box;
  display: -webkit-flex;
  display: -ms-flexbox;
  display: flex;
  -webkit-flex-direction: column;
  -ms-flex-direction: column;
  flex-direction: column;
}

.emotion-69 {
  -webkit-appearance: none;
  -moz-appearance: none;
  -ms-appearance: none;
  appearance: none;
  padding: 0;
  margin: 0;
  background-color: transparent;
  border: 1px solid transparent;
  display: -webkit-inline-box;
  display: -webkit-inline-flex;
  display: -ms-inline-flexbox;
  display: inline-flex;
  -webkit-align-items: stretch;
  -webkit-box-align: stretch;
  -ms-flex-align: stretch;
  align-items: stretch;
  -webkit-transition: all 150ms ease-in-out;
  transition: all 150ms ease-in-out;
  position: relative;
  -webkit-text-decoration: none;
  text-decoration: none;
  cursor: pointer;
  z-index: 0;
  font-family: 'Euclid Circular A','Helvetica Neue',Helvetica,Arial,sans-serif;
  border-radius: 6px;
  background-color: #F9FBFA;
  border-color: #889397;
  color: #001E2B;
  font-size: 13px;
  line-height: 20px;
  font-weight: 500;
  height: 28px;
  font-weight: 400;
  background-color: #FFFFFF;
  width: 100%;
}

.emotion-69:focus-visible,
.emotion-69[data-focus="true"] {
  outline: none;
}

.emotion-69:active,
.emotion-69[data-active="true"],
.emotion-69:focus,
.emotion-69:hover {
  -webkit-text-decoration: none;
  text-decoration: none;
}

.emotion-69:focus-visible,
.emotion-69[data-focus="true"] {
  color: #001E2B;
}

.emotion-69:hover,
.emotion-69[data-hover="true"],
.emotion-69:active,
.emotion-69[data-active="true"] {
  color: #001E2B;
  background-color: #FFFFFF;
  box-shadow: 0 0 0 3px #E8EDEB;
}

.emotion-69:focus-visible,
.emotion-69[data-focus="true"] {
  background-color: #FFFFFF;
  box-shadow: 0 0 0 2px #FFFFFF,0 0 0 4px #0498EC;
}

.emotion-69>*:last-child {
  grid-template-columns: 1fr 16px;
  -webkit-box-pack: start;
  -ms-flex-pack: start;
  -webkit-justify-content: flex-start;
  justify-content: flex-start;
}

.emotion-69>*:last-child>svg {
  justify-self: right;
  width: 16px;
  height: 16px;
}

.emotion-69>*:last-child>svg {
  color: #5C6C75;
}

.emotion-69>*:last-child {
  padding: 0 4px 0 8px;
}

.emotion-69:focus-visible {
  box-shadow: 0 0 0 3px #0498EC;
  border-color: rgba(255, 255, 255, 0);
}

@media only screen and (max-width: 768px) and (hover: none) and (pointer: coarse),@media only screen and (max-width: 768px) and (hover: none) and (pointer: none) {
  .emotion-69 {
    height: 36px;
    font-size: 16px;
  }
}

.emotion-72 {
  display: -webkit-box;
  display: -webkit-flex;
  display: -ms-flexbox;
  display: flex;
  -webkit-box-pack: justify;
  -webkit-justify-content: space-between;
  justify-content: space-between;
  -webkit-align-items: center;
  -webkit-box-align: center;
  -ms-flex-align: center;
  align-items: center;
  -webkit-box-flex: 1;
  -webkit-flex-grow: 1;
  -ms-flex-positive: 1;
  flex-grow: 1;
  gap: 4px;
  overflow: hidden;
}

.emotion-73 {
  overflow: hidden;
  white-space: nowrap;
  text-overflow: ellipsis;
  max-width: 100%;
}

.emotion-74 {
  -webkit-flex-shrink: 0;
  -ms-flex-negative: 0;
  flex-shrink: 0;
  color: #889397;
  height: 16px;
  width: 16px;
  justify-self: left;
}

.emotion-75 {
  display: none;
}

.emotion-76 {
  display: -webkit-box;
  display: -webkit-flex;
  display: -ms-flexbox;
  display: flex;
  gap: 4px;
}

.emotion-77 {
  font-size: 13px;
}

.emotion-78 {
  display: -webkit-box;
  display: -webkit-flex;
  display: -ms-flexbox;
  display: flex;
  -webkit-align-items: center;
  -webkit-box-align: center;
  -ms-flex-align: center;
  align-items: center;
  margin-left: 5px;
}

.emotion-79 {
  border: none;
  -webkit-appearance: unset;
  padding: unset;
  display: inline-block;
  border-radius: 100px;
  position: relative;
  cursor: pointer;
  -webkit-flex-shrink: 0;
  -ms-flex-negative: 0;
  flex-shrink: 0;
  -webkit-transition: 150ms ease-in-out;
  transition: 150ms ease-in-out;
  transition-property: color,box-shadow;
  background-color: rgba(255, 255, 255, 0);
  height: 28px;
  width: 28px;
  color: #5C6C75;
  cursor: not-allowed;
  color: #C1C7C6;
  background-color: rgba(255, 255, 255, 0);
}

.emotion-79::before {
  content: '';
  -webkit-transition: 150ms all ease-in-out;
  transition: 150ms all ease-in-out;
  position: absolute;
  top: 0;
  bottom: 0;
  left: 0;
  right: 0;
  border-radius: 100%;
  -webkit-transform: scale(0.8);
  -moz-transform: scale(0.8);
  -ms-transform: scale(0.8);
  transform: scale(0.8);
}

.emotion-79:active:before,
.emotion-79:hover:before,
.emotion-79:focus:before,
.emotion-79[data-hover='true']:before,
.emotion-79[data-focus='true']:before {
  -webkit-transform: scale(1);
  -moz-transform: scale(1);
  -ms-transform: scale(1);
  transform: scale(1);
}

.emotion-79:focus {
  outline: none;
}

.emotion-79:active,
.emotion-79:hover,
.emotion-79[data-hover='true'] {
  color: #001E2B;
}

.emotion-79:active::before,
.emotion-79:hover::before,
.emotion-79[data-hover='true']::before {
  background-color: rgba(61,79,88,0.1);
}

.emotion-79:focus-visible,
.emotion-79[data-focus='true'] {
  color: #001E2B;
  box-shadow: 0 0 0 2px #FFFFFF,0 0 0 4px #0498EC;
}

.emotion-79:focus-visible::before,
.emotion-79[data-focus='true']::before {
  background-color: rgba(61,79,88,0.1);
}

.emotion-79:active,
.emotion-79:hover,
.emotion-79[data-hover='true'] {
  color: #C1C7C6;
}

.emotion-79:active::before,
.emotion-79:hover::before,
.emotion-79[data-hover='true']::before {
  background-color: rgba(255, 255, 255, 0);
}

.emotion-79:focus,
.emotion-79[data-focus='true'] {
  color: #C1C7C6;
}

.emotion-79:focus::before,
.emotion-79[data-focus='true']::before {
  background-color: rgba(255, 255, 255, 0);
}

.emotion-80 {
  position: absolute;
  top: 0;
  bottom: 0;
  left: 0;
  right: 0;
  display: -webkit-box;
  display: -webkit-flex;
  display: -ms-flexbox;
  display: flex;
  -webkit-align-items: center;
  -webkit-box-align: center;
  -ms-flex-align: center;
  align-items: center;
  -webkit-box-pack: center;
  -ms-flex-pack: center;
  -webkit-justify-content: center;
  justify-content: center;
}

<div
    class="emotion-0"
  >
    <button
      aria-disabled="true"
      class="lg-ui-0001 emotion-1"
      data-testid="clear_filter_btn"
      disabled=""
    >
      <span>
        Clear Filters
      </span>
    </button>
    <div
      class="emotion-2"
    >
      <div
        class="emotion-3"
      >
        <div
          class="emotion-4"
        >
          <p
            class="emotion-5"
          >
            Offering
          </p>
          <div
            class="emotion-6"
          >
            <div
              class="emotion-7"
              data-lgid="lg-checkbox"
              data-testid="lg-checkbox"
            >
              <label
                class="emotion-8"
                data-lgid="lg-checkbox-label"
                data-testid="lg-checkbox"
                for="checkbox-1"
                id="checkbox-1-label"
              >
                <input
                  aria-checked="false"
                  aria-disabled="false"
                  aria-label="checkbox"
                  aria-labelledby="checkbox-1-label"
                  class="lg-ui-input-0000 emotion-9"
                  id="checkbox-1"
                  type="checkbox"
                />
                <div
                  class="lg-ui-check-wrapper-0000 emotion-10"
                >
                  <svg
                    class="emotion-11"
                    fill="none"
                    height="10"
                    stroke="#FFFFFF"
                    viewBox="0 0 10 10"
                    width="10"
                    xmlns="http://www.w3.org/2000/svg"
                  >
                    <path
                      d="M2 5.5L4.12132 7.62132L8.36396 3.37868"
                      stroke="#FFFFFF"
                      stroke-linecap="round"
                      stroke-linejoin="round"
                      stroke-width="2"
                    />
                  </svg>
                </div>
                <div
                  class="lg-ui-ripple-0000 emotion-12"
                />
                <span
                  class="emotion-13"
                >
                  MongoDB Enterprise Advanced
                </span>
              </label>
            </div>
          </div>
        </div>
        <div
          class="emotion-4"
        >
          <p
            class="emotion-5"
          >
            Category
          </p>
          <div
            class="emotion-6"
          >
            <div
              class="emotion-7"
              data-lgid="lg-checkbox"
              data-testid="lg-checkbox"
            >
              <label
                class="emotion-8"
                data-lgid="lg-checkbox-label"
                data-testid="lg-checkbox"
                for="checkbox-2"
                id="checkbox-2-label"
              >
                <input
                  aria-checked="false"
                  aria-disabled="false"
                  aria-label="checkbox"
                  aria-labelledby="checkbox-2-label"
                  class="lg-ui-input-0000 emotion-9"
                  id="checkbox-2"
                  type="checkbox"
                />
                <div
                  class="lg-ui-check-wrapper-0000 emotion-10"
                >
                  <svg
                    class="emotion-11"
                    fill="none"
                    height="10"
                    stroke="#FFFFFF"
                    viewBox="0 0 10 10"
                    width="10"
                    xmlns="http://www.w3.org/2000/svg"
                  >
                    <path
                      d="M2 5.5L4.12132 7.62132L8.36396 3.37868"
                      stroke="#FFFFFF"
                      stroke-linecap="round"
                      stroke-linejoin="round"
                      stroke-width="2"
                    />
                  </svg>
                </div>
                <div
                  class="lg-ui-ripple-0000 emotion-12"
                />
                <span
                  class="emotion-13"
                >
                  Data Services
                </span>
              </label>
            </div>
          </div>
        </div>
        <div
          class="emotion-4"
        >
          <p
            class="emotion-5"
          >
            Product
          </p>
          <div
            class="emotion-6"
          >
            <div
              class="emotion-7"
              data-lgid="lg-checkbox"
              data-testid="lg-checkbox"
            >
              <label
                class="emotion-8"
                data-lgid="lg-checkbox-label"
                data-testid="lg-checkbox"
                for="checkbox-3"
                id="checkbox-3-label"
              >
                <input
                  aria-checked="false"
                  aria-disabled="false"
                  aria-label="checkbox"
                  aria-labelledby="checkbox-3-label"
                  class="lg-ui-input-0000 emotion-9"
                  id="checkbox-3"
                  type="checkbox"
                />
                <div
                  class="lg-ui-check-wrapper-0000 emotion-10"
                >
                  <svg
                    class="emotion-11"
                    fill="none"
                    height="10"
                    stroke="#FFFFFF"
                    viewBox="0 0 10 10"
                    width="10"
                    xmlns="http://www.w3.org/2000/svg"
                  >
                    <path
                      d="M2 5.5L4.12132 7.62132L8.36396 3.37868"
                      stroke="#FFFFFF"
                      stroke-linecap="round"
                      stroke-linejoin="round"
                      stroke-width="2"
                    />
                  </svg>
                </div>
                <div
                  class="lg-ui-ripple-0000 emotion-12"
                />
                <span
                  class="emotion-13"
                >
                  Atlas SQL Interface
                </span>
              </label>
            </div>
          </div>
        </div>
        <div
          class="emotion-34"
        >
          <button
            aria-disabled="false"
            class="lg-ui-button-0000 emotion-35"
            data-lgid="lg-button"
            type="button"
          >
            <div
              class="emotion-36"
            />
            <div
              class="emotion-37"
            >
              Subscribe to selected filters
            </div>
          </button>
        </div>
      </div>
      <div
        class="emotion-38"
      >
        <button
          aria-disabled="false"
          class="lg-ui-button-0000 emotion-35"
          data-lgid="lg-button"
          type="button"
        >
          <div
            class="emotion-36"
          />
          <div
            class="emotion-37"
          >
            Subscribe to selected filters
          </div>
        </button>
      </div>
      <div
        class="emotion-42"
      >
        <div
          class="emotion-43"
        >
          <div
            class="emotion-44"
          >
            <form
              class="emotion-45"
              role="search"
            >
              <div
                aria-label="Search updates by title or description..."
                class="emotion-46"
                role="searchbox"
                tabindex="-1"
              >
                <svg
                  alt=""
                  aria-hidden="true"
                  class="emotion-47"
                  height="16"
                  role="presentation"
                  viewBox="0 0 16 16"
                  width="16"
                >
                  <path
                    clip-rule="evenodd"
                    d="M2.3234 9.81874C4.07618 11.5715 6.75062 11.8398 8.78588 10.6244L12.93 14.7685C13.4377 15.2762 14.2608 15.2762 14.7685 14.7685C15.2762 14.2608 15.2762 13.4377 14.7685 12.93L10.6244 8.78588C11.8398 6.75062 11.5715 4.07619 9.81873 2.32341C7.74896 0.253628 4.39318 0.253628 2.3234 2.32341C0.253624 4.39319 0.253624 7.74896 2.3234 9.81874ZM7.98026 4.16188C9.03467 5.2163 9.03467 6.92585 7.98026 7.98026C6.92584 9.03468 5.2163 9.03468 4.16188 7.98026C3.10746 6.92585 3.10746 5.2163 4.16188 4.16188C5.2163 3.10747 6.92584 3.10747 7.98026 4.16188Z"
                    fill="currentColor"
                    fill-rule="evenodd"
                  />
                </svg>
                <input
                  class="emotion-48"
                  placeholder="Search updates by title or description..."
                  type="search"
                  value=""
                />
              </div>
            </form>
          </div>
          <div
            class="emotion-49"
          >
            <p
              class="emotion-50"
            >
              September 16, 2025
            </p>
            <div
              class="emotion-51"
            >
              MongoDB SQL Interface for Enterprise Advanced Now Generally Available
            </div>
            <div
              class="emotion-52"
            >
              What it is: SQL Interface for Enterprise Advanced provides direct SQL connectivity to self-managed M...
            </div>
            <div
              class="emotion-53"
            >
              <a
                class="emotion-54"
                href="https://dochub.mongodb.org/core/sql-schema-builder"
                target="_blank"
                title=""
                variant="Docs"
              >
                <span
                  class="lg-ui-lg-chat-rich-link-0000 emotion-55"
                />
                <div
                  class="emotion-56"
                >
                  <svg
                    aria-label="Note Icon"
                    class="emotion-57"
                    height="16"
                    role="img"
                    viewBox="0 0 16 16"
                    width="16"
                  >
                    <path
                      d="M4.5 6.25C4.5 5.83579 4.83579 5.5 5.25 5.5H8.75C9.16421 5.5 9.5 5.83579 9.5 6.25C9.5 6.66421 9.16421 7 8.75 7H5.25C4.83579 7 4.5 6.66421 4.5 6.25Z"
                      fill="currentColor"
                    />
                    <path
                      d="M4.5 8.75C4.5 8.33579 4.83579 8 5.25 8H6.75C7.16421 8 7.5 8.33579 7.5 8.75C7.5 9.16421 7.16421 9.5 6.75 9.5H5.25C4.83579 9.5 4.5 9.16421 4.5 8.75Z"
                      fill="currentColor"
                    />
                    <path
                      clip-rule="evenodd"
                      d="M15 10L11 14H3C1.89543 14 1 13.1046 1 12V4C1 2.89543 1.89543 2 3 2H13C14.1046 2 15 2.89543 15 4V10ZM13 4H3L3 12H10V10C10 9.44772 10.4477 9 11 9H13V4Z"
                      fill="currentColor"
                      fill-rule="evenodd"
                    />
                  </svg>
                  <p
                    class="emotion-55"
                  >
                    Docs
                  </p>
                </div>
              </a>
              <a
                class="emotion-54"
                href="https://www.mongodb.com/try/download/sql-interface"
                target="_blank"
                title=""
                variant="Website"
              >
                <span
                  class="lg-ui-lg-chat-rich-link-0000 emotion-55"
                />
                <div
                  class="emotion-61"
                >
                  <svg
                    aria-label="Laptop Icon"
                    class="emotion-57"
                    height="16"
                    role="img"
                    viewBox="0 0 16 16"
                    width="16"
                  >
                    <path
                      d="M5 6C5 5.72386 5.22386 5.5 5.5 5.5H10.5C10.7761 5.5 11 5.72386 11 6C11 6.27614 10.7761 6.5 10.5 6.5H5.5C5.22386 6.5 5 6.27614 5 6Z"
                      fill="currentColor"
                    />
                    <path
                      d="M5.5 7.5C5.22386 7.5 5 7.72386 5 8C5 8.27614 5.22386 8.5 5.5 8.5H8.5C8.77614 8.5 9 8.27614 9 8C9 7.72386 8.77614 7.5 8.5 7.5H5.5Z"
                      fill="currentColor"
                    />
                    <path
                      clip-rule="evenodd"
                      d="M3 2.5C2.44772 2.5 2 2.94772 2 3.5V11.313L1.7092 11.8035C1.68453 11.8351 1.66251 11.869 1.64218 11.9037L1 13C1 13.5523 1.44772 14 2 14L14 14C14.5523 14 15 13.5523 15 13L14.3578 11.9037C14.3375 11.869 14.3155 11.8351 14.2908 11.8035L14 11.313V3.5C14 2.94772 13.5523 2.5 13 2.5H3ZM12.5 4H3.5V10.5H12.5V4Z"
                      fill="currentColor"
                      fill-rule="evenodd"
                    />
                  </svg>
                  <p
                    class="emotion-55"
                  >
                    Web
                  </p>
                </div>
              </a>
            </div>
          </div>
        </div>
        <div
          class="emotion-64"
        >
          <p
            class="emotion-65"
          >
            1-1 of 1 items
          </p>
          <div
            class="emotion-66"
          >
            <div
              class="emotion-67"
            >
              <div
                class="emotion-68"
                data-lgid="lg-select"
                data-testid="lg-select"
              >
                <button
                  aria-controls="select-8-menu"
                  aria-describedby="select-8-description"
                  aria-disabled="false"
                  aria-expanded="false"
                  aria-invalid="false"
                  aria-label="pagination, 1"
                  class="lg-ui-button-0000 emotion-69"
                  data-lgid="lg-select-trigger"
                  data-testid="leafygreen-ui-select-menubutton"
                  id="select-9"
                  type="button"
                  value="1"
                >
                  <div
                    class="emotion-36"
                  />
                  <div
                    class="emotion-37"
                  >
                    <div
                      class="emotion-72"
                    >
                      <div
                        class="lg-ui-select-menu-0000 emotion-73"
                        data-lgid="lg-select-button_text"
                        data-testid="lg-select-button_text"
                      >
                        1
                      </div>
                    </div>
                    <svg
                      alt=""
                      aria-hidden="true"
                      class="emotion-74"
                      height="16"
                      role="presentation"
                      viewBox="0 0 16 16"
                      width="16"
                    >
                      <path
                        d="M8.67903 10.7962C8.45271 11.0679 8.04729 11.0679 7.82097 10.7962L4.63962 6.97649C4.3213 6.59428 4.5824 6 5.06866 6L11.4313 6C11.9176 6 12.1787 6.59428 11.8604 6.97649L8.67903 10.7962Z"
                        fill="currentColor"
                      />
                    </svg>
                  </div>
                </button>
                <span
                  class="emotion-75"
                />
                <div
                  aria-live="polite"
                  aria-relevant="all"
                  class="emotion-76"
                  data-lgid="lg-form_field-feedback"
                  data-testid="lg-form_field-feedback"
                />
              </div>
              <span
                class="emotion-77"
              >
                of 1
              </span>
            </div>
            <div
              class="emotion-78"
            >
              <button
                aria-disabled="true"
                aria-label="previous"
                class="emotion-79"
                tabindex="0"
              >
                <div
                  class="emotion-80"
                >
                  <svg
                    aria-label="Chevron Left Icon"
                    class="emotion-57"
                    height="16"
                    role="img"
                    viewBox="0 0 16 16"
                    width="16"
                  >
                    <path
                      clip-rule="evenodd"
                      d="M10.7782 1.63604C10.3877 1.24551 9.75449 1.24551 9.36396 1.63604L4.41421 6.58579L3.70711 7.29289C3.31658 7.68342 3.31658 8.31658 3.70711 8.70711L4.41421 9.41421L9.36396 14.364C9.75448 14.7545 10.3876 14.7545 10.7782 14.364L11.4853 13.6569C11.8758 13.2663 11.8758 12.6332 11.4853 12.2426L7.24264 8L11.4853 3.75736C11.8758 3.36684 11.8758 2.73367 11.4853 2.34315L10.7782 1.63604Z"
                      fill="currentColor"
                      fill-rule="evenodd"
                    />
                  </svg>
                </div>
              </button>
              <button
                aria-disabled="true"
                aria-label="next"
                class="emotion-79"
                tabindex="0"
              >
                <div
                  class="emotion-80"
                >
                  <svg
                    aria-label="Chevron Right Icon"
                    class="emotion-57"
                    height="16"
                    role="img"
                    viewBox="0 0 16 16"
                    width="16"
                  >
                    <path
                      clip-rule="evenodd"
                      d="M5.36396 14.364C5.75449 14.7545 6.38765 14.7545 6.77818 14.364L11.7279 9.41421L12.435 8.70711C12.8256 8.31658 12.8256 7.68342 12.435 7.29289L11.7279 6.58579L6.77817 1.63604C6.38765 1.24552 5.75449 1.24551 5.36396 1.63604L4.65685 2.34315C4.26633 2.73367 4.26633 3.36684 4.65685 3.75736L8.89949 8L4.65685 12.2426C4.26633 12.6332 4.26633 13.2663 4.65686 13.6569L5.36396 14.364Z"
                      fill="currentColor"
                      fill-rule="evenodd"
                    />
                  </svg>
                </div>
              </button>
            </div>
          </div>
        </div>
      </div>
    </div>
  </div>
</DocumentFragment>
`;
