// Jest Snapshot v1, https://jestjs.io/docs/snapshot-testing

exports[`MongoDBAssistantPage mobile view renders correctly in mobile view 1`] = `
<DocumentFragment>
  .emotion-0 {
  display: grid;
  grid-template-columns: auto 1fr;
  height: calc(100vh - 95px);
  grid-column: 1/-1;
}

@media only screen and (max-width: 1024px) {
  .emotion-0 {
    height: calc(100vh - 56px);
  }
}

@media only screen and (max-width: 480px) {
  .emotion-0 {
    display: grid;
    grid-template-columns: 1fr;
    grid-template-rows: 1fr;
  }
}

.emotion-1 {
  position: relative;
  -webkit-transition: width 200ms ease-in-out;
  transition: width 200ms ease-in-out;
  width: 256px;
  position: relative;
  z-index: 2;
  height: inherit;
}

@media (prefers-reduced-motion: reduce) {
  .emotion-1 {
    -webkit-transition: none;
    transition: none;
  }
}

@media only screen and (max-width: 480px) {
  .emotion-1 {
    position: absolute;
    background: white;
    box-shadow: 2px 0 10px rgba(0, 0, 0, 0.1);
  }
}

.emotion-2 {
  position: absolute;
  top: 0;
  bottom: 0;
  left: 0;
  display: -webkit-box;
  display: -webkit-flex;
  display: -ms-flexbox;
  display: flex;
}

.emotion-3 {
  position: relative;
  font-family: 'Euclid Circular A','Helvetica Neue',Helvetica,Arial,sans-serif;
  z-index: 0;
  -webkit-transition: 200ms ease-in-out;
  transition: 200ms ease-in-out;
  transition-property: box-shadow,border-color,width;
  background-color: #F9FBFA;
  width: 256px;
}

@media (prefers-reduced-motion: reduce) {
  .emotion-3 {
    transition-property: box-shadow,border-color;
  }
}

.emotion-4 {
  position: absolute;
  left: 0;
  right: 0;
  top: 0;
  bottom: 0;
  overflow: hidden;
  -webkit-transition: 200ms ease-in-out;
  transition: 200ms ease-in-out;
  transition-property: opacity,transform;
  -webkit-transform: translate3d(0, 0, 0);
  -moz-transform: translate3d(0, 0, 0);
  -ms-transform: translate3d(0, 0, 0);
  transform: translate3d(0, 0, 0);
  opacity: 1;
}

@media (prefers-reduced-motion: reduce) {
  .emotion-4 {
    -webkit-transition: opacity 200ms ease-in-out;
    transition: opacity 200ms ease-in-out;
  }
}

.emotion-5 {
  margin-block-start: 0px;
  margin-block-end: 0px;
  -webkit-padding-start: 0px;
  padding-inline-start: 0px;
  padding: 0;
  list-style-type: none;
  position: absolute;
  left: 0;
  right: 0;
  top: 0;
  bottom: 0;
  padding-top: 16px;
  padding-bottom: 16px;
  overflow-x: hidden;
  overflow-y: auto;
  width: 256px;
}

.emotion-6 {
  width: 100%;
  list-style: none;
}

.emotion-7 {
  margin: 0;
  -webkit-appearance: none;
  -moz-appearance: none;
  -ms-appearance: none;
  appearance: none;
  background: none;
  border: none;
  cursor: pointer;
  position: relative;
  width: 100%;
  min-height: 32px;
  padding: 6px 16px;
  box-sizing: border-box;
  display: -webkit-box;
  display: -webkit-flex;
  display: -ms-flexbox;
  display: flex;
  -webkit-align-items: center;
  -webkit-box-align: center;
  -ms-flex-align: center;
  align-items: center;
  font-family: 'Euclid Circular A','Helvetica Neue',Helvetica,Arial,sans-serif;
  font-weight: 400;
  text-align: left;
  -webkit-text-decoration: none;
  text-decoration: none;
  text-transform: capitalize;
  -webkit-transition: background-color 100ms ease-in-out;
  transition: background-color 100ms ease-in-out;
  color: #001E2B;
  background-color: rgba(249,251,250,0);
  font-size: 13px;
  line-height: 20px;
  position: relative;
  font-weight: 600!important;
  font-size: 13px;
  line-height: 20px;
  padding: 6.5px 16px!important;
}

.emotion-7:hover {
  background-color: #E8EDEB;
  -webkit-text-decoration: none;
  text-decoration: none;
}

.emotion-7:focus {
  -webkit-text-decoration: none;
  text-decoration: none;
  outline: none;
}

.emotion-7::-moz-focus-inner {
  border: 0;
}

.emotion-7:before {
  content: '';
  position: absolute;
  background-color: transparent;
  left: 0;
  top: 6px;
  bottom: 6px;
  width: 4px;
  border-radius: 0 6px 6px 0;
  -webkit-transition: -webkit-transform 150ms ease-in-out;
  transition: transform 150ms ease-in-out;
  -webkit-transform: scaleY(0.3);
  -moz-transform: scaleY(0.3);
  -ms-transform: scaleY(0.3);
  transform: scaleY(0.3);
}

.emotion-7:hover {
  background-color: #E8EDEB;
}

.emotion-7:focus {
  -webkit-text-decoration: none;
  text-decoration: none;
}

.emotion-7:focus:before {
  -webkit-transform: scaleY(1);
  -moz-transform: scaleY(1);
  -ms-transform: scaleY(1);
  transform: scaleY(1);
}

.emotion-7:focus {
  color: #083C90;
  background-color: #E1F7FF;
}

.emotion-7:focus:before {
  background-color: #016BF8;
}

.emotion-7:hover {
  background-color: unset!important;
}

.emotion-8 {
  margin-right: 8px;
  display: -webkit-inline-box;
  display: -webkit-inline-flex;
  display: -ms-inline-flexbox;
  display: inline-flex;
  -webkit-align-items: center;
  -webkit-box-align: center;
  -ms-flex-align: center;
  align-items: center;
}

.emotion-9 {
  margin: 6px 0;
  border: none;
  border-top: 1px solid #E8EDEB;
}

.emotion-11 {
  margin: 0;
  -webkit-appearance: none;
  -moz-appearance: none;
  -ms-appearance: none;
  appearance: none;
  background: none;
  border: none;
  cursor: pointer;
  position: relative;
  width: 100%;
  min-height: 32px;
  padding: 6px 16px;
  box-sizing: border-box;
  display: -webkit-box;
  display: -webkit-flex;
  display: -ms-flexbox;
  display: flex;
  -webkit-align-items: center;
  -webkit-box-align: center;
  -ms-flex-align: center;
  align-items: center;
  font-family: 'Euclid Circular A','Helvetica Neue',Helvetica,Arial,sans-serif;
  font-weight: 400;
  text-align: left;
  -webkit-text-decoration: none;
  text-decoration: none;
  text-transform: capitalize;
  -webkit-transition: background-color 100ms ease-in-out;
  transition: background-color 100ms ease-in-out;
  color: #001E2B;
  background-color: rgba(249,251,250,0);
  font-size: 13px;
  line-height: 20px;
  position: relative;
  color: #00684A!important;
  font-weight: 600!important;
  font-size: 12px!important;
  letter-spacing: 0.4px!important;
  text-transform: uppercase!important;
}

.emotion-11:hover {
  background-color: #E8EDEB;
  -webkit-text-decoration: none;
  text-decoration: none;
}

.emotion-11:focus {
  -webkit-text-decoration: none;
  text-decoration: none;
  outline: none;
}

.emotion-11::-moz-focus-inner {
  border: 0;
}

.emotion-11:before {
  content: '';
  position: absolute;
  background-color: transparent;
  left: 0;
  top: 6px;
  bottom: 6px;
  width: 4px;
  border-radius: 0 6px 6px 0;
  -webkit-transition: -webkit-transform 150ms ease-in-out;
  transition: transform 150ms ease-in-out;
  -webkit-transform: scaleY(0.3);
  -moz-transform: scaleY(0.3);
  -ms-transform: scaleY(0.3);
  transform: scaleY(0.3);
}

.emotion-11:hover {
  background-color: #E8EDEB;
}

.emotion-11:focus {
  -webkit-text-decoration: none;
  text-decoration: none;
}

.emotion-11:focus:before {
  -webkit-transform: scaleY(1);
  -moz-transform: scaleY(1);
  -ms-transform: scaleY(1);
  transform: scaleY(1);
}

.emotion-11:focus {
  color: #083C90;
  background-color: #E1F7FF;
}

.emotion-11:focus:before {
  background-color: #016BF8;
}

.dark-theme .emotion-11 {
  color: #C0FAE6!important;
}

.emotion-13 {
  -webkit-flex-shrink: 0;
  -ms-flex-negative: 0;
  flex-shrink: 0;
}

.emotion-15 {
  display: -webkit-box;
  display: -webkit-flex;
  display: -ms-flexbox;
  display: flex;
  -webkit-flex-direction: column;
  -ms-flex-direction: column;
  flex-direction: column;
  position: relative;
}

.emotion-15~.emotion-15>.lg-ui-side-nav-group-button-0000 {
  padding: 16px 16px 8px 16px;
}

.emotion-15>div {
  color: #5C6C75;
  padding: 14px;
}

.dark-theme .emotion-15>div {
  color: #C1C7C6;
}

.emotion-15 svg {
  color: #5C6C75;
}

.dark-theme .emotion-15 svg {
  color: #C1C7C6;
}

.emotion-16 {
  position: relative;
  display: -webkit-box;
  display: -webkit-flex;
  display: -ms-flexbox;
  display: flex;
  -webkit-align-items: center;
  -webkit-box-align: center;
  -ms-flex-align: center;
  align-items: center;
  -webkit-box-pack: justify;
  -webkit-justify-content: space-between;
  justify-content: space-between;
  margin-top: 0;
  margin-bottom: 0;
  padding: 16px 16px 8px;
  color: #00684A;
}

.emotion-17 {
  display: -webkit-inline-box;
  display: -webkit-inline-flex;
  display: -ms-inline-flexbox;
  display: inline-flex;
  -webkit-align-items: center;
  -webkit-box-align: center;
  -ms-flex-align: center;
  align-items: center;
  gap: 8px;
}

.emotion-18 {
  display: -webkit-inline-box;
  display: -webkit-inline-flex;
  display: -ms-inline-flexbox;
  display: inline-flex;
  color: #00684A;
}

.emotion-20 {
  margin: unset;
  font-family: 'Euclid Circular A','Helvetica Neue',Helvetica,Arial,sans-serif;
  color: #001E2B;
  font-size: 12px;
  font-weight: 700;
  text-transform: uppercase;
  line-height: 20px;
  letter-spacing: 0.4px;
  color: #001E2B;
  color: inherit;
}

.emotion-21 {
  margin-block-start: 0px;
  margin-block-end: 0px;
  -webkit-padding-start: 0px;
  padding-inline-start: 0px;
  padding: 0;
  list-style-type: none;
}

.emotion-22 {
  position: relative;
}

.emotion-24 {
  margin: 0;
  -webkit-appearance: none;
  -moz-appearance: none;
  -ms-appearance: none;
  appearance: none;
  background: none;
  border: none;
  cursor: pointer;
  position: relative;
  width: 100%;
  min-height: 32px;
  padding: 6px 16px;
  box-sizing: border-box;
  display: -webkit-box;
  display: -webkit-flex;
  display: -ms-flexbox;
  display: flex;
  -webkit-align-items: center;
  -webkit-box-align: center;
  -ms-flex-align: center;
  align-items: center;
  font-family: 'Euclid Circular A','Helvetica Neue',Helvetica,Arial,sans-serif;
  font-weight: 400;
  text-align: left;
  -webkit-text-decoration: none;
  text-decoration: none;
  text-transform: capitalize;
  -webkit-transition: background-color 100ms ease-in-out;
  transition: background-color 100ms ease-in-out;
  color: #001E2B;
  background-color: rgba(249,251,250,0);
  font-size: 13px;
  line-height: 20px;
  cursor: default;
  font-weight: 700;
  -webkit-text-decoration: none;
  text-decoration: none;
  color: #00684A;
  position: relative;
}

.emotion-24:hover {
  background-color: #E8EDEB;
  -webkit-text-decoration: none;
  text-decoration: none;
}

.emotion-24:focus {
  -webkit-text-decoration: none;
  text-decoration: none;
  outline: none;
}

.emotion-24::-moz-focus-inner {
  border: 0;
}

.emotion-24:before {
  content: '';
  position: absolute;
  background-color: transparent;
  left: 0;
  top: 6px;
  bottom: 6px;
  width: 4px;
  border-radius: 0 6px 6px 0;
  -webkit-transition: -webkit-transform 150ms ease-in-out;
  transition: transform 150ms ease-in-out;
  -webkit-transform: scaleY(0.3);
  -moz-transform: scaleY(0.3);
  -ms-transform: scaleY(0.3);
  transform: scaleY(0.3);
}

.emotion-24:hover {
  background-color: #E8EDEB;
}

.emotion-24:before {
  -webkit-transform: scaleY(1);
  -moz-transform: scaleY(1);
  -ms-transform: scaleY(1);
  transform: scaleY(1);
}

.emotion-24,
.emotion-24:hover {
  background-color: #E3FCF7;
}

.emotion-24:before {
  background-color: #00A35C;
}

.emotion-24:focus {
  -webkit-text-decoration: none;
  text-decoration: none;
}

.emotion-24:focus:before {
  -webkit-transform: scaleY(1);
  -moz-transform: scaleY(1);
  -ms-transform: scaleY(1);
  transform: scaleY(1);
}

.emotion-24:focus {
  color: #083C90;
  background-color: #E1F7FF;
}

.emotion-24:focus:before {
  background-color: #016BF8;
}

.emotion-25 {
  position: absolute;
  left: 0;
  right: 0;
  top: 0;
  bottom: 0;
  overflow: hidden;
  -webkit-transition: 200ms ease-in-out;
  transition: 200ms ease-in-out;
  transition-property: opacity,transform;
  -webkit-transform: translate3d(0, -8px, 0);
  -moz-transform: translate3d(0, -8px, 0);
  -ms-transform: translate3d(0, -8px, 0);
  transform: translate3d(0, -8px, 0);
  opacity: 0;
  pointer-events: none;
}

@media (prefers-reduced-motion: reduce) {
  .emotion-25 {
    -webkit-transition: opacity 200ms ease-in-out;
    transition: opacity 200ms ease-in-out;
  }
}

.emotion-26 {
  margin-block-start: 0px;
  margin-block-end: 0px;
  -webkit-padding-start: 0px;
  padding-inline-start: 0px;
  padding: 0;
  list-style-type: none;
  position: absolute;
  left: 0;
  right: 0;
  top: 0;
  bottom: 0;
  padding-top: 16px;
  padding-bottom: 16px;
  overflow-x: hidden;
  overflow-y: auto;
}

.emotion-27 {
  display: -webkit-box;
  display: -webkit-flex;
  display: -ms-flexbox;
  display: flex;
  -webkit-align-items: center;
  -webkit-box-align: center;
  -ms-flex-align: center;
  align-items: center;
  -webkit-box-pack: center;
  -ms-flex-pack: center;
  -webkit-justify-content: center;
  justify-content: center;
  height: 40px;
  border-bottom: 1px solid #E8EDEB;
  color: #00684A;
}

.emotion-27:first-of-type {
  border-top: 1px solid #E8EDEB;
}

.emotion-32 {
  position: relative;
  position: absolute;
  bottom: 16px;
  right: -16px;
  width: 32px;
  height: 32px;
  display: -webkit-box;
  display: -webkit-flex;
  display: -ms-flexbox;
  display: flex;
  -webkit-align-items: center;
  -webkit-box-align: center;
  -ms-flex-align: center;
  align-items: center;
  -webkit-box-pack: center;
  -ms-flex-pack: center;
  -webkit-justify-content: center;
  justify-content: center;
  border-radius: 100%;
  cursor: pointer;
  -webkit-transition: 150ms ease-in-out;
  transition: 150ms ease-in-out;
  transition-property: color,border-color,box-shadow;
  color: #00684A;
  box-shadow: 0 3px 4px rgba(0,30,43,0.1);
  background-color: #FFFFFF;
  border: 1px solid #E8EDEB;
}

.emotion-32:hover .lg-ui-collapse-menu-0000 {
  -webkit-transform: translate3d(-2px, 0, 0);
  -moz-transform: translate3d(-2px, 0, 0);
  -ms-transform: translate3d(-2px, 0, 0);
  transform: translate3d(-2px, 0, 0);
}

.emotion-32:focus {
  outline: none;
}

.emotion-32:focus-visible {
  border-color: transparent;
}

.emotion-32::-moz-focus-inner {
  border: 0;
}

.emotion-32:hover {
  background-color: #F9FBFA;
  box-shadow: 0 2px 2px rgba(0,30,43,0.2);
}

.emotion-32:focus-visible {
  color: #016BF8;
  box-shadow: 0 0 0 2px #FFFFFF,0 0 0 4px #0498EC;
  background-color: #F9FBFA;
}

.emotion-33 {
  -webkit-transition: -webkit-transform 80ms ease-in-out;
  transition: transform 80ms ease-in-out;
  display: inline-block;
  height: 16px;
}

@media (prefers-reduced-motion: reduce) {
  .emotion-33 {
    transition-property: unset;
  }
}

.emotion-35 {
  display: none;
}

.emotion-36 {
  z-index: 1;
  -webkit-box-pack: justify;
  -webkit-justify-content: space-between;
  justify-content: space-between;
  display: -webkit-box;
  display: -webkit-flex;
  display: -ms-flexbox;
  display: flex;
  -webkit-flex-direction: column;
  -ms-flex-direction: column;
  flex-direction: column;
  height: inherit;
}

@media only screen and (max-width: 480px) {
  .emotion-36 {
    position: absolute;
  }
}

.emotion-37 {
  border-bottom: 1px solid #E8EDEB;
  padding: 13.5px 24px;
  display: -webkit-box;
  display: -webkit-flex;
  display: -ms-flexbox;
  display: flex;
  -webkit-box-pack: center;
  -ms-flex-pack: center;
  -webkit-justify-content: center;
  justify-content: center;
  -webkit-align-items: center;
  -webkit-box-align: center;
  -ms-flex-align: center;
  align-items: center;
  width: 100%;
  box-sizing: border-box;
  position: relative;
}

.emotion-38 {
  margin: unset;
  font-family: 'Euclid Circular A','Helvetica Neue',Helvetica,Arial,sans-serif;
  color: #001E2B;
  font-size: 16px;
  line-height: 28px;
  color: #001E2B;
  font-weight: 600;
}

.emotion-38 strong,
.emotion-38 b {
  font-weight: 600;
}

.emotion-39 {
  position: absolute;
  right: 24px;
  top: 50%;
  -webkit-transform: translateY(-50%);
  -moz-transform: translateY(-50%);
  -ms-transform: translateY(-50%);
  transform: translateY(-50%);
}

.emotion-40 {
  overflow-y: auto;
  height: inherit;
  -webkit-box-pack: justify;
  -webkit-justify-content: space-between;
  justify-content: space-between;
  display: -webkit-box;
  display: -webkit-flex;
  display: -ms-flexbox;
  display: flex;
  -webkit-flex-direction: column;
  -ms-flex-direction: column;
  flex-direction: column;
}

.emotion-41 {
  display: -webkit-box;
  display: -webkit-flex;
  display: -ms-flexbox;
  display: flex;
  -webkit-flex-direction: column;
  -ms-flex-direction: column;
  flex-direction: column;
  -webkit-box-pack: center;
  -ms-flex-pack: center;
  -webkit-justify-content: center;
  justify-content: center;
  text-align: center;
  -webkit-align-items: center;
  -webkit-box-align: center;
  -ms-flex-align: center;
  align-items: center;
  gap: 16px;
  padding-top: 20vh;
  padding-left: 32px;
  padding-right: 32px;
}

@media only screen and (max-width: 480px) {
  .emotion-41 {
    padding-left: 80px;
  }
}

.emotion-41 h2 {
  color: #001E2B;
}

.dark-theme .emotion-41 h2 {
  color: #E8EDEB;
}

.emotion-41 p {
  color: #5C6C75;
}

.dark-theme .emotion-41 p {
  color: #C1C7C6;
}

.emotion-42 {
  margin: unset;
  font-family: 'Euclid Circular A','Helvetica Neue',Helvetica,Arial,sans-serif;
  color: #001E2B;
  font-size: 32px;
  line-height: 40px;
  font-weight: 400;
  font-family: 'MongoDB Value Serif','Times New Roman',serif;
  color: #00684A;
}

.emotion-43 {
  margin: unset;
  font-family: 'Euclid Circular A','Helvetica Neue',Helvetica,Arial,sans-serif;
  color: #001E2B;
  font-size: 16px;
  line-height: 28px;
  color: #001E2B;
  font-weight: 400;
}

.emotion-43 strong,
.emotion-43 b {
  font-weight: 600;
}

.emotion-44 {
  margin-top: auto;
  padding-top: 20px;
  padding-bottom: 32px;
  padding-left: 32px;
  padding-right: 32px;
}

@media only screen and (max-width: 480px) {
  .emotion-44 {
    padding-left: 80px;
  }
}

.emotion-45 {
  margin: unset;
  font-family: 'Euclid Circular A','Helvetica Neue',Helvetica,Arial,sans-serif;
  color: #001E2B;
  display: block;
  font-size: 11px;
  line-height: 16px;
  letter-spacing: 0.2px;
  color: #5C6C75;
  max-width: 650px;
  width: 100%;
  text-align: center;
  margin: 0 auto;
}

.emotion-46 {
  font-family: 'Euclid Circular A','Helvetica Neue',Helvetica,Arial,sans-serif;
  display: inline;
  -webkit-align-items: center;
  -webkit-box-align: center;
  -ms-flex-align: center;
  align-items: center;
  -webkit-text-decoration: none;
  text-decoration: none;
  text-decoration-color: transparent;
  cursor: pointer;
  font-size: inherit;
  line-height: inherit;
  -webkit-appearance: none;
  -moz-appearance: none;
  -ms-appearance: none;
  appearance: none;
  background: none;
  border: none;
  padding: 0;
  font-size: 16px;
  line-height: 28px;
  color: #016BF8;
  font-weight: 400;
  color: inherit;
  font-size: inherit;
  font-weight: inherit;
  font-family: inherit;
  -webkit-text-decoration: underline;
  text-decoration: underline;
  text-underline-offset: 3px;
  text-decoration-thickness: 1px;
}

.emotion-46:hover,
.emotion-46[data-hover='true'],
.emotion-46:focus-visible,
.emotion-46[data-focus='true'] {
  -webkit-text-decoration: underline;
  text-decoration: underline;
  -webkit-transition: text-decoration 150ms ease-in-out;
  transition: text-decoration 150ms ease-in-out;
  text-underline-offset: 4px;
  text-decoration-thickness: 2px;
}

.emotion-46:focus {
  outline: none;
}

.emotion-46:hover,
.emotion-46[data-hover='true'] {
  text-decoration-color: #E8EDEB;
}

.emotion-46:focus-visible,
.emotion-46[data-focus='true'] {
  text-decoration-color: #016BF8;
}

<div
    class="emotion-0"
  >
    <div
      class="lg-ui-side-nav-0000 emotion-1"
      data-testid="side-nav-container"
    >
      <div
        class="emotion-2"
      >
        <nav
          aria-label="Full page MongoDB Assistant"
          class="emotion-3"
          id="side-nav-3"
        >
          <div
            class="emotion-4"
          >
            <ul
              class="emotion-5"
            >
              <li
                class="emotion-6"
              >
                <div
                  aria-current="false"
                  aria-disabled="false"
                  class="lg-ui-side-nav-item-0000 emotion-7"
                >
                  <span
                    class="emotion-8"
                  >
                    <svg
                      aria-hidden="true"
                      aria-label="Sparkle Icon"
                      class=""
                      fill="none"
                      height="16"
                      role="img"
                      viewBox="0 0 16 16"
                      width="16"
                      xmlns="http://www.w3.org/2000/svg"
                    >
                      <path
                        d="M6.27413 2.89343L5.27579 5.88842C5.17568 6.18877 4.94 6.42445 4.63965 6.52456L1.64466 7.52289C1.18616 7.67573 1.18615 8.32427 1.64466 8.47711L4.63965 9.47544C4.94 9.57555 5.17568 9.81123 5.27579 10.1116L6.27413 13.1066C6.42696 13.5651 7.0755 13.5651 7.22834 13.1066L8.22667 10.1116C8.32679 9.81123 8.56247 9.57555 8.86281 9.47544L11.8578 8.47711C12.3163 8.32427 12.3163 7.67573 11.8578 7.52289L8.86281 6.52456C8.56247 6.42445 8.32679 6.18877 8.22667 5.88842L7.22834 2.89343C7.0755 2.43492 6.42696 2.43492 6.27413 2.89343Z"
                        fill="url(#paint0_linear_7198_11304)"
                      />
                      <path
                        d="M12.5477 1.17194L12.3166 1.8651C12.2165 2.16545 11.9808 2.40113 11.6805 2.50125L10.9873 2.7323C10.758 2.80872 10.758 3.13299 10.9873 3.20941L11.6805 3.44046C11.9808 3.54058 12.2165 3.77626 12.3166 4.0766L12.5477 4.76977C12.6241 4.99902 12.9483 4.99902 13.0248 4.76977L13.2558 4.0766C13.3559 3.77626 13.5916 3.54058 13.892 3.44046L14.5851 3.20941C14.8144 3.13299 14.8144 2.80872 14.5851 2.7323L13.892 2.50125C13.5916 2.40113 13.3559 2.16545 13.2558 1.8651L13.0248 1.17194C12.9483 0.942687 12.6241 0.942687 12.5477 1.17194Z"
                        fill="url(#paint1_linear_7198_11304)"
                      />
                      <path
                        d="M12.5477 11.2302L12.3166 11.9234C12.2165 12.2237 11.9808 12.4594 11.6805 12.5595L10.9873 12.7906C10.758 12.867 10.758 13.1913 10.9873 13.2677L11.6805 13.4988C11.9808 13.5989 12.2165 13.8346 12.3166 14.1349L12.5477 14.8281C12.6241 15.0573 12.9483 15.0573 13.0248 14.8281L13.2558 14.1349C13.3559 13.8346 13.5916 13.5989 13.892 13.4988L14.5851 13.2677C14.8144 13.1913 14.8144 12.867 14.5851 12.7906L13.892 12.5595C13.5916 12.4594 13.3559 12.2237 13.2558 11.9234L13.0248 11.2302C12.9483 11.001 12.6241 11.001 12.5477 11.2302Z"
                        fill="url(#paint2_linear_7198_11304)"
                      />
                      <defs>
                        <lineargradient
                          gradientUnits="userSpaceOnUse"
                          id="paint0_linear_7198_11304"
                          x1="3.00078"
                          x2="12.5008"
                          y1="3"
                          y2="14"
                        >
                          <stop
                            offset="0.0931517"
                            stop-color="#00ED64"
                          />
                          <stop
                            offset="1"
                            stop-color="#0498EC"
                          />
                        </lineargradient>
                        <lineargradient
                          gradientUnits="userSpaceOnUse"
                          id="paint1_linear_7198_11304"
                          x1="3.00078"
                          x2="12.5008"
                          y1="3"
                          y2="14"
                        >
                          <stop
                            offset="0.0931517"
                            stop-color="#00ED64"
                          />
                          <stop
                            offset="1"
                            stop-color="#0498EC"
                          />
                        </lineargradient>
                        <lineargradient
                          gradientUnits="userSpaceOnUse"
                          id="paint2_linear_7198_11304"
                          x1="3.00078"
                          x2="12.5008"
                          y1="3"
                          y2="14"
                        >
                          <stop
                            offset="0.0931517"
                            stop-color="#00ED64"
                          />
                          <stop
                            offset="1"
                            stop-color="#0498EC"
                          />
                        </lineargradient>
                      </defs>
                    </svg>
                  </span>
                  MongoDB Assistant
                </div>
              </li>
              <hr
                class="emotion-9"
              />
              <li
                class="emotion-6"
              >
                <button
                  aria-current="false"
                  aria-disabled="false"
                  class="lg-ui-side-nav-item-0000 emotion-11"
                >
                  <span
                    class="emotion-8"
                  >
                    <svg
                      aria-hidden="true"
                      aria-label="Plus Icon"
                      class="emotion-13"
                      height="16"
                      role="img"
                      viewBox="0 0 16 16"
                      width="16"
                    >
                      <path
                        clip-rule="evenodd"
                        d="M7.5 2C6.94772 2 6.5 2.44772 6.5 3V6.5H3C2.44772 6.5 2 6.94772 2 7.5V8.5C2 9.05228 2.44772 9.5 3 9.5H6.5V13C6.5 13.5523 6.94772 14 7.5 14H8.5C9.05228 14 9.5 13.5523 9.5 13V9.5H13C13.5523 9.5 14 9.05228 14 8.5V7.5C14 6.94771 13.5523 6.5 13 6.5H9.5V3C9.5 2.44772 9.05228 2 8.5 2H7.5Z"
                        fill="currentColor"
                        fill-rule="evenodd"
                      />
                    </svg>
                  </span>
                  New Chat
                </button>
              </li>
              <hr
                class="emotion-9"
              />
              <li
                class="emotion-15"
              >
                <div
                  class="emotion-16"
                  data-testid="side-nav-group-header-label"
                  id="menu-group-label-id-1"
                >
                  <div
                    class="emotion-17"
                  >
                    <span
                      class="emotion-18"
                    >
                      <svg
                        alt=""
                        aria-hidden="true"
                        class="emotion-13"
                        data-testid="side-nav-group-header-icon"
                        height="16"
                        role="presentation"
                        viewBox="0 0 16 16"
                        width="16"
                      >
                        <path
                          d="M13 8C13 10.7614 10.7614 13 8 13C7.16895 13 6.38526 12.7973 5.69568 12.4385C5.34783 12.2576 4.90944 12.3087 4.65841 12.6099L4.32712 13.0075C4.05174 13.3379 4.1087 13.8355 4.48034 14.0521C5.51438 14.6548 6.71687 15 8 15C11.866 15 15 11.866 15 8C15 4.13401 11.866 1 8 1C6.05606 1 4.2972 1.7924 3.02879 3.07181L1.96954 2.14618C1.56206 1.7901 0.931193 2.13127 1.00611 2.66721L1.4606 5.9185C1.50083 6.20624 1.7463 6.4287 2.03684 6.43H5.31972C5.86086 6.43241 6.1144 5.76821 5.70691 5.41212L4.53896 4.3915C5.4373 3.52965 6.65679 3 8 3C10.7614 3 13 5.23858 13 8Z"
                          fill="currentColor"
                        />
                        <path
                          d="M7.25 5.25C7.25 4.83579 7.58579 4.5 8 4.5C8.41421 4.5 8.75 4.83579 8.75 5.25V7.91793L10.4294 9.44169C10.7412 9.71445 10.7728 10.1883 10.5 10.5C10.2272 10.8117 9.75342 10.8433 9.44169 10.5706L7.50697 8.81519C7.49904 8.80826 7.49125 8.80117 7.48361 8.79391C7.41388 8.72781 7.35954 8.65118 7.32088 8.56868C7.27541 8.47196 7.25 8.36395 7.25 8.25V5.25Z"
                          fill="currentColor"
                        />
                      </svg>
                    </span>
                    <div
                      class="emotion-20"
                    >
                      Recent Chats
                    </div>
                  </div>
                </div>
                <ul
                  aria-labelledby="menu-group-label-id-1"
                  class="emotion-21"
                >
                  <div
                    class="emotion-22"
                  >
                    <li
                      class="emotion-6"
                    >
                      <button
                        aria-current="page"
                        aria-disabled="false"
                        class="lg-ui-side-nav-item-0000 emotion-24"
                      >
                        Conversation 1
                      </button>
                    </li>
                  </div>
                </ul>
              </li>
            </ul>
          </div>
          <div
            class="emotion-25"
          >
            <ul
              aria-hidden="true"
              class="emotion-26"
            >
              <li
                class="emotion-27"
              >
                <svg
                  aria-hidden="true"
                  aria-label="Sparkle Icon"
                  class=""
                  fill="none"
                  height="16"
                  role="img"
                  viewBox="0 0 16 16"
                  width="16"
                  xmlns="http://www.w3.org/2000/svg"
                >
                  <path
                    d="M6.27413 2.89343L5.27579 5.88842C5.17568 6.18877 4.94 6.42445 4.63965 6.52456L1.64466 7.52289C1.18616 7.67573 1.18615 8.32427 1.64466 8.47711L4.63965 9.47544C4.94 9.57555 5.17568 9.81123 5.27579 10.1116L6.27413 13.1066C6.42696 13.5651 7.0755 13.5651 7.22834 13.1066L8.22667 10.1116C8.32679 9.81123 8.56247 9.57555 8.86281 9.47544L11.8578 8.47711C12.3163 8.32427 12.3163 7.67573 11.8578 7.52289L8.86281 6.52456C8.56247 6.42445 8.32679 6.18877 8.22667 5.88842L7.22834 2.89343C7.0755 2.43492 6.42696 2.43492 6.27413 2.89343Z"
                    fill="url(#paint0_linear_7198_11304)"
                  />
                  <path
                    d="M12.5477 1.17194L12.3166 1.8651C12.2165 2.16545 11.9808 2.40113 11.6805 2.50125L10.9873 2.7323C10.758 2.80872 10.758 3.13299 10.9873 3.20941L11.6805 3.44046C11.9808 3.54058 12.2165 3.77626 12.3166 4.0766L12.5477 4.76977C12.6241 4.99902 12.9483 4.99902 13.0248 4.76977L13.2558 4.0766C13.3559 3.77626 13.5916 3.54058 13.892 3.44046L14.5851 3.20941C14.8144 3.13299 14.8144 2.80872 14.5851 2.7323L13.892 2.50125C13.5916 2.40113 13.3559 2.16545 13.2558 1.8651L13.0248 1.17194C12.9483 0.942687 12.6241 0.942687 12.5477 1.17194Z"
                    fill="url(#paint1_linear_7198_11304)"
                  />
                  <path
                    d="M12.5477 11.2302L12.3166 11.9234C12.2165 12.2237 11.9808 12.4594 11.6805 12.5595L10.9873 12.7906C10.758 12.867 10.758 13.1913 10.9873 13.2677L11.6805 13.4988C11.9808 13.5989 12.2165 13.8346 12.3166 14.1349L12.5477 14.8281C12.6241 15.0573 12.9483 15.0573 13.0248 14.8281L13.2558 14.1349C13.3559 13.8346 13.5916 13.5989 13.892 13.4988L14.5851 13.2677C14.8144 13.1913 14.8144 12.867 14.5851 12.7906L13.892 12.5595C13.5916 12.4594 13.3559 12.2237 13.2558 11.9234L13.0248 11.2302C12.9483 11.001 12.6241 11.001 12.5477 11.2302Z"
                    fill="url(#paint2_linear_7198_11304)"
                  />
                  <defs>
                    <lineargradient
                      gradientUnits="userSpaceOnUse"
                      id="paint0_linear_7198_11304"
                      x1="3.00078"
                      x2="12.5008"
                      y1="3"
                      y2="14"
                    >
                      <stop
                        offset="0.0931517"
                        stop-color="#00ED64"
                      />
                      <stop
                        offset="1"
                        stop-color="#0498EC"
                      />
                    </lineargradient>
                    <lineargradient
                      gradientUnits="userSpaceOnUse"
                      id="paint1_linear_7198_11304"
                      x1="3.00078"
                      x2="12.5008"
                      y1="3"
                      y2="14"
                    >
                      <stop
                        offset="0.0931517"
                        stop-color="#00ED64"
                      />
                      <stop
                        offset="1"
                        stop-color="#0498EC"
                      />
                    </lineargradient>
                    <lineargradient
                      gradientUnits="userSpaceOnUse"
                      id="paint2_linear_7198_11304"
                      x1="3.00078"
                      x2="12.5008"
                      y1="3"
                      y2="14"
                    >
                      <stop
                        offset="0.0931517"
                        stop-color="#00ED64"
                      />
                      <stop
                        offset="1"
                        stop-color="#0498EC"
                      />
                    </lineargradient>
                  </defs>
                </svg>
              </li>
              <li
                class="emotion-27"
              >
                <svg
                  aria-hidden="true"
                  aria-label="Plus Icon"
                  class="emotion-13"
                  height="16"
                  role="img"
                  viewBox="0 0 16 16"
                  width="16"
                >
                  <path
                    clip-rule="evenodd"
                    d="M7.5 2C6.94772 2 6.5 2.44772 6.5 3V6.5H3C2.44772 6.5 2 6.94772 2 7.5V8.5C2 9.05228 2.44772 9.5 3 9.5H6.5V13C6.5 13.5523 6.94772 14 7.5 14H8.5C9.05228 14 9.5 13.5523 9.5 13V9.5H13C13.5523 9.5 14 9.05228 14 8.5V7.5C14 6.94771 13.5523 6.5 13 6.5H9.5V3C9.5 2.44772 9.05228 2 8.5 2H7.5Z"
                    fill="currentColor"
                    fill-rule="evenodd"
                  />
                </svg>
              </li>
              <li
                class="emotion-27"
              >
                <svg
                  alt=""
                  aria-hidden="true"
                  class="emotion-13"
                  data-testid="side-nav-group-header-icon"
                  height="16"
                  role="presentation"
                  viewBox="0 0 16 16"
                  width="16"
                >
                  <path
                    d="M13 8C13 10.7614 10.7614 13 8 13C7.16895 13 6.38526 12.7973 5.69568 12.4385C5.34783 12.2576 4.90944 12.3087 4.65841 12.6099L4.32712 13.0075C4.05174 13.3379 4.1087 13.8355 4.48034 14.0521C5.51438 14.6548 6.71687 15 8 15C11.866 15 15 11.866 15 8C15 4.13401 11.866 1 8 1C6.05606 1 4.2972 1.7924 3.02879 3.07181L1.96954 2.14618C1.56206 1.7901 0.931193 2.13127 1.00611 2.66721L1.4606 5.9185C1.50083 6.20624 1.7463 6.4287 2.03684 6.43H5.31972C5.86086 6.43241 6.1144 5.76821 5.70691 5.41212L4.53896 4.3915C5.4373 3.52965 6.65679 3 8 3C10.7614 3 13 5.23858 13 8Z"
                    fill="currentColor"
                  />
                  <path
                    d="M7.25 5.25C7.25 4.83579 7.58579 4.5 8 4.5C8.41421 4.5 8.75 4.83579 8.75 5.25V7.91793L10.4294 9.44169C10.7412 9.71445 10.7728 10.1883 10.5 10.5C10.2272 10.8117 9.75342 10.8433 9.44169 10.5706L7.50697 8.81519C7.49904 8.80826 7.49125 8.80117 7.48361 8.79391C7.41388 8.72781 7.35954 8.65118 7.32088 8.56868C7.27541 8.47196 7.25 8.36395 7.25 8.25V5.25Z"
                    fill="currentColor"
                  />
                </svg>
              </li>
            </ul>
          </div>
        </nav>
        <button
          aria-controls="side-nav-3"
          aria-expanded="true"
          aria-label="Collapse navigation"
          class="emotion-32"
          data-testid="side-nav-collapse-toggle"
        >
          <div
            class="lg-ui-collapse-menu-0000 emotion-33"
          >
            <svg
              alt=""
              aria-hidden="true"
              class="emotion-13"
              height="16"
              role="presentation"
              viewBox="0 0 16 16"
              width="16"
            >
              <path
                clip-rule="evenodd"
                d="M10.7782 1.63604C10.3877 1.24551 9.75449 1.24551 9.36396 1.63604L4.41421 6.58579L3.70711 7.29289C3.31658 7.68342 3.31658 8.31658 3.70711 8.70711L4.41421 9.41421L9.36396 14.364C9.75448 14.7545 10.3876 14.7545 10.7782 14.364L11.4853 13.6569C11.8758 13.2663 11.8758 12.6332 11.4853 12.2426L7.24264 8L11.4853 3.75736C11.8758 3.36684 11.8758 2.73367 11.4853 2.34315L10.7782 1.63604Z"
                fill="currentColor"
                fill-rule="evenodd"
              />
            </svg>
          </div>
          <span
            class="emotion-35"
          />
        </button>
      </div>
    </div>
    <div
      class="emotion-36"
    >
      <header
        class="emotion-37"
      >
        <p
          class="emotion-38"
        >
          Conversation 1
        </p>
        <div
          class="emotion-39"
        >
          <div
            data-testid="dark-mode-dropdown"
          >
            Dark Mode Dropdown
          </div>
        </div>
      </header>
      <div
        class="emotion-40"
      >
        <div
          class="emotion-41"
        >
          <h2
            class="emotion-42"
          >
            Hello! How can I help you?
          </h2>
          <p
            class="emotion-43"
          >
            I'm here to give expert guidance and recommendations for all things MongoDB.
          </p>
        </div>
        <div />
        <div
          class="emotion-44"
        >
          <small
            class="emotion-45"
          >
            This is a generative AI chatbot. By interacting with it, you agree to MongoDB's 
            <a
              class="lg-ui-0001 emotion-46"
              href="https://www.mongodb.com/legal/terms-of-use?tck=mongodb_ai_chatbot"
              rel="noopener noreferrer"
              target="_blank"
            >
              <span>
                Terms of Use
              </span>
            </a>
             and 
            <a
              class="lg-ui-0001 emotion-46"
              href="https://www.mongodb.com/legal/acceptable-use-policy?tck=mongodb_ai_chatbot"
              rel="noopener noreferrer"
              target="_blank"
            >
              <span>
                Acceptable Use Policy
              </span>
            </a>
            . To learn more about how we use your data, please see our 
            <a
              class="lg-ui-0001 emotion-46"
              href="https://www.mongodb.com/docs/ai-chatbot-data-usage/?tck=mongodb_ai_chatbot"
              rel="noopener noreferrer"
              target="_blank"
            >
              <span>
                Data Usage Policy
              </span>
            </a>
            .
          </small>
        </div>
      </div>
    </div>
  </div>
</DocumentFragment>
`;
