// Jest Snapshot v1, https://jestjs.io/docs/snapshot-testing

exports[`admonitions render correctly 1`] = `
<DocumentFragment>
  .emotion-0 {
  font-family: 'Euclid Circular A','Helvetica Neue',Helvetica,Arial,sans-serif;
  color: #001E2B;
  -webkit-padding-start: 12px;
  padding-inline-start: 12px;
  position: relative;
  margin-top: 24px;
  margin-bottom: 24px;
}

.emotion-0:after {
  content: '';
  position: absolute;
  width: 3px;
  top: 0px;
  bottom: 0px;
  left: 0;
  border-radius: 2px;
  background-color: #016BF8;
}

.emotion-0 p,
.emotion-0 li::marker {
  color: var(--font-color-primary);
}

.emotion-0 p>a[class^='leafy'] {
  color: var(--link-color-primary);
  font-weight: var(--link-font-weight);
}

.emotion-0>li:last-of-type,
.emotion-0>ul:last-of-type,
.emotion-0>ol:last-of-type,
.emotion-0>li:last-of-type>p,
.emotion-0>p:last-of-type {
  margin-bottom: 0px;
}

.emotion-0 h2 {
  color: #1254B7;
}

.emotion-0:after {
  background-color: #016BF8;
}

.dark-theme .emotion-0 h2 {
  color: #C3E7FE;
}

.dark-theme .emotion-0:after {
  background-color: #0498EC;
}

.emotion-1 {
  width: 100%;
  margin-block-end: 4px;
  color: #1254B7;
}

.emotion-2 {
  margin: unset;
  font-family: 'Euclid Circular A','Helvetica Neue',Helvetica,Arial,sans-serif;
  color: #001E2B;
  font-size: 12px;
  font-weight: 600;
  text-transform: uppercase;
  line-height: 20px;
  letter-spacing: 0.4px;
  color: #001E2B;
}

.emotion-4 {
  margin: unset;
  font-family: 'Euclid Circular A','Helvetica Neue',Helvetica,Arial,sans-serif;
  color: #001E2B;
  font-size: 16px;
  line-height: 28px;
  color: #001E2B;
  font-weight: 400;
}

.emotion-4 strong,
.emotion-4 b {
  font-weight: 600;
}

<div
    class="emotion-0"
    role="note"
  >
    <h2
      class="emotion-1 emotion-2"
    >
      Note
    </h2>
    <div
      class="emotion-3 emotion-4"
    >
      These instructions are for installing MongoDB directly from
    </div>
  </div>
</DocumentFragment>
`;
