// Jest Snapshot v1, https://jestjs.io/docs/snapshot-testing

exports[`Glossary Component renders correctly 1`] = `
<DocumentFragment>
  .emotion-0 {
  display: inline;
  margin-top: -85px;
  position: absolute;
  padding-bottom: 2px;
}

.emotion-1 p:first-of-type {
  margin-top: 0!important;
}

.emotion-4 {
  margin: unset;
  font-family: 'Euclid Circular A','Helvetica Neue',Helvetica,Arial,sans-serif;
  color: #001E2B;
  font-size: 13px;
  line-height: 20px;
  color: #001E2B;
  font-weight: 400;
  margin-bottom: 16px;
  color: var(--font-color-primary);
}

.emotion-4 strong,
.emotion-4 b {
  font-weight: 600;
}

.emotion-5 {
  -webkit-align-items: center;
  -webkit-box-align: center;
  -ms-flex-align: center;
  align-items: center;
  cursor: pointer;
  position: relative;
  -webkit-text-decoration: none;
  text-decoration: none;
  text-decoration-color: transparent;
  line-height: 13px;
  color: var(--link-color-primary);
  font-weight: var(--link-font-weight);
}

.emotion-5>span>code,
.emotion-5>code {
  color: var(--link-color-primary);
  font-weight: var(--link-font-weight);
}

.emotion-5:focus,
.emotion-5:hover {
  text-decoration-line: underline;
  -webkit-transition: text-decoration 150ms ease-in-out;
  transition: text-decoration 150ms ease-in-out;
  text-underline-offset: 4px;
  text-decoration-thickness: 2px;
}

.emotion-5:focus {
  text-decoration-color: #016BF8;
  outline: none;
}

.emotion-5:hover {
  text-decoration-color: #E8EDEB;
}

.emotion-6 {
  position: relative;
  border-radius: 2px;
  -webkit-text-decoration: underline dotted 2px;
  text-decoration: underline dotted 2px;
  text-underline-offset: 0.125em;
  text-decoration-color: #001E2B;
}

.emotion-6:hover a>*::after {
  height: 0;
}

.emotion-6:focus,
.emotion-6:focus-visible {
  outline-color: #0498EC;
  outline-offset: 3px;
  outline-style: solid;
  outline-width: 2px;
}

.emotion-6:hover,
.emotion-6:focus,
.emotion-6:focus-visible {
  text-decoration-color: #001E2B;
}

.emotion-7 {
  margin: unset;
  font-family: 'Euclid Circular A','Helvetica Neue',Helvetica,Arial,sans-serif;
  color: #001E2B;
  font-size: 13px;
  line-height: 20px;
  color: #001E2B;
  font-weight: 400;
  font-size: 16px;
  font-weight: 600;
  margin-bottom: 4px;
}

.emotion-7 strong,
.emotion-7 b {
  font-weight: 600;
}

.emotion-8 {
  padding-left: 24px;
}

.emotion-29 {
  font-family: 'Euclid Circular A','Helvetica Neue',Helvetica,Arial,sans-serif;
  display: inline;
  -webkit-align-items: center;
  -webkit-box-align: center;
  -ms-flex-align: center;
  align-items: center;
  -webkit-text-decoration: none;
  text-decoration: none;
  text-decoration-color: transparent;
  cursor: pointer;
  font-size: inherit;
  line-height: inherit;
  -webkit-appearance: none;
  -moz-appearance: none;
  -ms-appearance: none;
  appearance: none;
  background: none;
  border: none;
  padding: 0;
  font-size: 13px;
  line-height: 20px;
  color: #016BF8;
  font-weight: 400;
  display: inline;
  color: var(--link-color-primary);
  font-weight: var(--link-font-weight);
}

.emotion-29:hover,
.emotion-29[data-hover='true'],
.emotion-29:focus-visible,
.emotion-29[data-focus='true'] {
  -webkit-text-decoration: underline;
  text-decoration: underline;
  -webkit-transition: text-decoration 150ms ease-in-out;
  transition: text-decoration 150ms ease-in-out;
  text-underline-offset: 4px;
  text-decoration-thickness: 2px;
}

.emotion-29:focus {
  outline: none;
}

.emotion-29:hover,
.emotion-29[data-hover='true'] {
  text-decoration-color: #E8EDEB;
}

.emotion-29:focus-visible,
.emotion-29[data-focus='true'] {
  text-decoration-color: #016BF8;
}

.emotion-29>span>code,
.emotion-29>code {
  color: var(--link-color-primary);
  font-weight: var(--link-font-weight);
}

.emotion-31 {
  font-family: 'Euclid Circular A','Helvetica Neue',Helvetica,Arial,sans-serif;
  color: #001E2B;
  -webkit-padding-start: 12px;
  padding-inline-start: 12px;
  position: relative;
  margin-top: 24px;
  margin-bottom: 24px;
}

.emotion-31::after {
  content: '';
  position: absolute;
  width: 3px;
  top: 0px;
  bottom: 0px;
  left: 0;
  border-radius: 2px;
  background-color: #016BF8;
}

.emotion-31 p,
.emotion-31 li::marker {
  color: var(--font-color-primary);
}

.emotion-31 p>a[class^='leafy'] {
  color: var(--link-color-primary);
  font-weight: var(--link-font-weight);
}

.emotion-31>li:last-of-type,
.emotion-31>ul:last-of-type,
.emotion-31>ol:last-of-type,
.emotion-31>li:last-of-type>p,
.emotion-31>p:last-of-type {
  margin-bottom: 0px;
}

.emotion-31 h2 {
  color: #1254B7;
}

.emotion-31:after {
  background-color: #016BF8;
}

.dark-theme .emotion-31 h2 {
  color: #C3E7FE;
}

.dark-theme .emotion-31:after {
  background-color: #0498EC;
}

.emotion-32 {
  margin: unset;
  font-family: 'Euclid Circular A','Helvetica Neue',Helvetica,Arial,sans-serif;
  color: #001E2B;
  font-size: 12px;
  font-weight: 600;
  text-transform: uppercase;
  line-height: 20px;
  letter-spacing: 0.4px;
  color: #001E2B;
  width: 100%;
  margin-block-end: 4px;
  color: #1254B7;
}

.emotion-33 {
  margin: unset;
  font-family: 'Euclid Circular A','Helvetica Neue',Helvetica,Arial,sans-serif;
  color: #001E2B;
  font-size: 16px;
  line-height: 28px;
  color: #001E2B;
  font-weight: 400;
}

.emotion-33 strong,
.emotion-33 b {
  font-weight: 600;
}

.emotion-33 a:not(.lg-ui-0001) {
  font-family: 'Euclid Circular A','Helvetica Neue',Helvetica,Arial,sans-serif;
  display: inline;
  -webkit-align-items: center;
  -webkit-box-align: center;
  -ms-flex-align: center;
  align-items: center;
  -webkit-text-decoration: none;
  text-decoration: none;
  text-decoration-color: transparent;
  cursor: pointer;
  font-size: inherit;
  line-height: inherit;
  -webkit-appearance: none;
  -moz-appearance: none;
  -ms-appearance: none;
  appearance: none;
  background: none;
  border: none;
  padding: 0;
  color: #016BF8;
  font-weight: 400;
}

.emotion-33 a:not(.lg-ui-0001):hover,
.emotion-33 a:not(.lg-ui-0001)[data-hover='true'],
.emotion-33 a:not(.lg-ui-0001):focus-visible,
.emotion-33 a:not(.lg-ui-0001)[data-focus='true'] {
  -webkit-text-decoration: underline;
  text-decoration: underline;
  -webkit-transition: text-decoration 150ms ease-in-out;
  transition: text-decoration 150ms ease-in-out;
  text-underline-offset: 4px;
  text-decoration-thickness: 2px;
}

.emotion-33 a:not(.lg-ui-0001):focus {
  outline: none;
}

.emotion-33 a:not(.lg-ui-0001):hover,
.emotion-33 a:not(.lg-ui-0001)[data-hover='true'] {
  text-decoration-color: #E8EDEB;
}

.emotion-33 a:not(.lg-ui-0001):focus-visible,
.emotion-33 a:not(.lg-ui-0001)[data-focus='true'] {
  text-decoration-color: #016BF8;
}

.emotion-34 {
  margin: unset;
  font-family: 'Euclid Circular A','Helvetica Neue',Helvetica,Arial,sans-serif;
  color: #001E2B;
  font-size: 16px;
  line-height: 28px;
  color: #001E2B;
  font-weight: 400;
  margin-bottom: 16px;
  color: var(--font-color-primary);
}

.emotion-34 strong,
.emotion-34 b {
  font-weight: 600;
}

.emotion-54 {
  font-family: 'Euclid Circular A','Helvetica Neue',Helvetica,Arial,sans-serif;
  color: #001E2B;
  -webkit-padding-start: 12px;
  padding-inline-start: 12px;
  position: relative;
  margin-top: 24px;
  margin-bottom: 24px;
}

.emotion-54::after {
  content: '';
  position: absolute;
  width: 3px;
  top: 0px;
  bottom: 0px;
  left: 0;
  border-radius: 2px;
  background-color: #FFC010;
}

.emotion-54 p,
.emotion-54 li::marker {
  color: var(--font-color-primary);
}

.emotion-54 p>a[class^='leafy'] {
  color: var(--link-color-primary);
  font-weight: var(--link-font-weight);
}

.emotion-54>li:last-of-type,
.emotion-54>ul:last-of-type,
.emotion-54>ol:last-of-type,
.emotion-54>li:last-of-type>p,
.emotion-54>p:last-of-type {
  margin-bottom: 0px;
}

.emotion-54 h2 {
  color: #944F01;
}

.emotion-54:after {
  background-color: #FFC010;
}

.dark-theme .emotion-54 h2 {
  color: #FFEC9E;
}

.dark-theme .emotion-54:after {
  background-color: #FFC010;
}

.emotion-55 {
  margin: unset;
  font-family: 'Euclid Circular A','Helvetica Neue',Helvetica,Arial,sans-serif;
  color: #001E2B;
  font-size: 12px;
  font-weight: 600;
  text-transform: uppercase;
  line-height: 20px;
  letter-spacing: 0.4px;
  color: #001E2B;
  width: 100%;
  margin-block-end: 4px;
  color: #944F01;
}

.emotion-58 {
  font-family: 'Euclid Circular A','Helvetica Neue',Helvetica,Arial,sans-serif;
  display: inline;
  -webkit-align-items: center;
  -webkit-box-align: center;
  -ms-flex-align: center;
  align-items: center;
  -webkit-text-decoration: none;
  text-decoration: none;
  text-decoration-color: transparent;
  cursor: pointer;
  font-size: inherit;
  line-height: inherit;
  -webkit-appearance: none;
  -moz-appearance: none;
  -ms-appearance: none;
  appearance: none;
  background: none;
  border: none;
  padding: 0;
  font-size: 16px;
  line-height: 28px;
  color: #016BF8;
  font-weight: 400;
  display: inline;
  color: var(--link-color-primary);
  font-weight: var(--link-font-weight);
}

.emotion-58:hover,
.emotion-58[data-hover='true'],
.emotion-58:focus-visible,
.emotion-58[data-focus='true'] {
  -webkit-text-decoration: underline;
  text-decoration: underline;
  -webkit-transition: text-decoration 150ms ease-in-out;
  transition: text-decoration 150ms ease-in-out;
  text-underline-offset: 4px;
  text-decoration-thickness: 2px;
}

.emotion-58:focus {
  outline: none;
}

.emotion-58:hover,
.emotion-58[data-hover='true'] {
  text-decoration-color: #E8EDEB;
}

.emotion-58:focus-visible,
.emotion-58[data-focus='true'] {
  text-decoration-color: #016BF8;
}

.emotion-58>span>code,
.emotion-58>code {
  color: var(--link-color-primary);
  font-weight: var(--link-font-weight);
}

.emotion-59 {
  font-size: 15px;
  line-height: 24px;
  display: inline;
  -webkit-transition: all 0.15s ease-in-out;
  transition: all 0.15s ease-in-out;
  border-radius: 3px;
  font-family: 'Source Code Pro',Menlo,monospace;
  line-height: 20px;
  background-color: #F9FBFA;
  border: 1px solid #E8EDEB;
  color: #1C2D38;
  white-space: nowrap;
  font-size: unset;
  display: inline;
  color: var(--font-color-primary);
  background: var(--background-color-secondary);
  word-wrap: break-word;
  white-space: unset;
}

.lg-ui-0000:hover>.emotion-59 {
  -webkit-text-decoration: none;
  text-decoration: none;
}

.lg-ui-0000:hover>.emotion-59 {
  box-shadow: 0 0 0 3px #E8EDEB;
  border: 1px solid #C1C7C6;
}

.lg-ui-0000:focus-visible>.emotion-59 {
  box-shadow: 0 0 0 2px #FFFFFF,0 0 0 4px #0498EC;
  border: 1px solid #016BF8;
}

a .emotion-59 {
  color: inherit;
}

.emotion-80 {
  font-family: 'Euclid Circular A','Helvetica Neue',Helvetica,Arial,sans-serif;
  color: #001E2B;
  -webkit-padding-start: 12px;
  padding-inline-start: 12px;
  position: relative;
  margin-top: 24px;
  margin-bottom: 24px;
}

.emotion-80::after {
  content: '';
  position: absolute;
  width: 3px;
  top: 0px;
  bottom: 0px;
  left: 0;
  border-radius: 2px;
  background-color: #5C6C75;
}

.emotion-80 p,
.emotion-80 li::marker {
  color: var(--font-color-primary);
}

.emotion-80 p>a[class^='leafy'] {
  color: var(--link-color-primary);
  font-weight: var(--link-font-weight);
}

.emotion-80>li:last-of-type,
.emotion-80>ul:last-of-type,
.emotion-80>ol:last-of-type,
.emotion-80>li:last-of-type>p,
.emotion-80>p:last-of-type {
  margin-bottom: 0px;
}

.emotion-80 h2 {
  color: #5C6C75;
}

.emotion-80:after {
  background-color: #5C6C75;
}

.dark-theme .emotion-80 h2 {
  color: #C1C7C6;
}

.dark-theme .emotion-80:after {
  background-color: #C1C7C6;
}

.emotion-81 {
  margin: unset;
  font-family: 'Euclid Circular A','Helvetica Neue',Helvetica,Arial,sans-serif;
  color: #001E2B;
  font-size: 12px;
  font-weight: 600;
  text-transform: uppercase;
  line-height: 20px;
  letter-spacing: 0.4px;
  color: #001E2B;
  width: 100%;
  margin-block-end: 4px;
  color: #5C6C75;
}

.emotion-124 {
  margin-top: 0px;
}

.emotion-125::marker {
  color: var(--font-color-primary);
}

.emotion-125>p {
  margin-bottom: 8px;
}

.emotion-157 {
  display: table;
  margin: 24px 0;
  min-width: 150px;
  table-layout: fixed;
  width: 100%;
}

.emotion-157 button>div>div {
  font-size: 13px;
}

.emotion-157 pre {
  background-color: #F9FBFA;
  color: #001E2B;
}

.dark-theme .emotion-157 pre {
  background-color: #001E2B;
  color: #F9FBFA;
}

.emotion-157 [data-testid='leafygreen-code-panel'] {
  background-color: #FFFFFF;
  border-color: #E8EDEB;
}

.dark-theme .emotion-157 [data-testid='leafygreen-code-panel'] {
  background-color: #3D4F58;
  border-color: #3D4F58;
}

.emotion-157 [class*='lg-highlight-hljs-'] .lg-highlight-keyword,
.emotion-157 [class*='lg-highlight-hljs-'] .lg-highlight-keyword.lg-highlight-function,
.emotion-157 [class*='lg-highlight-hljs-'] .lg-highlight-keyword.lg-highlight-class,
.emotion-157 [class*='lg-highlight-hljs-'] .lg-highlight-selector-tag,
.emotion-157 [class*='lg-highlight-hljs-'] .lg-highlight-selector-attr,
.emotion-157 [class*='lg-highlight-hljs-'] .lg-highlight-selector-pseudo,
.emotion-157 [class*='lg-highlight-hljs-'] .lg-highlight-selector-id,
.emotion-157 [class*='lg-highlight-hljs-'] .lg-highlight-selector-class {
  color: #CC3887;
}

.dark-theme .emotion-157 [class*='lg-highlight-hljs-'] .lg-highlight-keyword,
.dark-theme .emotion-157 [class*='lg-highlight-hljs-'] .lg-highlight-keyword.lg-highlight-function,
.dark-theme .emotion-157 [class*='lg-highlight-hljs-'] .lg-highlight-keyword.lg-highlight-class,
.dark-theme .emotion-157 [class*='lg-highlight-hljs-'] .lg-highlight-selector-tag,
.dark-theme .emotion-157 [class*='lg-highlight-hljs-'] .lg-highlight-selector-attr,
.dark-theme .emotion-157 [class*='lg-highlight-hljs-'] .lg-highlight-selector-pseudo,
.dark-theme .emotion-157 [class*='lg-highlight-hljs-'] .lg-highlight-selector-id,
.dark-theme .emotion-157 [class*='lg-highlight-hljs-'] .lg-highlight-selector-class {
  color: #FF7DC3;
}

.emotion-157 [class*='lg-highlight-hljs-'] .lg-highlight-regexp,
.emotion-157 [class*='lg-highlight-hljs-'] .lg-highlight-number,
.emotion-157 [class*='lg-highlight-hljs-'] .lg-highlight-literal,
.emotion-157 [class*='lg-highlight-hljs-'] .lg-highlight-function.lg-highlight-title {
  color: #016ee9;
}

.dark-theme .emotion-157 [class*='lg-highlight-hljs-'] .lg-highlight-regexp,
.dark-theme .emotion-157 [class*='lg-highlight-hljs-'] .lg-highlight-number,
.dark-theme .emotion-157 [class*='lg-highlight-hljs-'] .lg-highlight-literal,
.dark-theme .emotion-157 [class*='lg-highlight-hljs-'] .lg-highlight-function.lg-highlight-title {
  color: #2dc4ff;
}

.emotion-157 [class*='lg-highlight-hljs-'] .lg-highlight-quote,
.emotion-157 [class*='lg-highlight-hljs-'] .lg-highlight-section,
.emotion-157 [class*='lg-highlight-hljs-'] .lg-highlight-name {
  color: #007ab8;
}

.dark-theme .emotion-157 [class*='lg-highlight-hljs-'] .lg-highlight-quote,
.dark-theme .emotion-157 [class*='lg-highlight-hljs-'] .lg-highlight-section,
.dark-theme .emotion-157 [class*='lg-highlight-hljs-'] .lg-highlight-name {
  color: #a5e3ff;
}

.emotion-157 [class*='lg-highlight-hljs-'] .lg-highlight-string,
.emotion-157 [class*='lg-highlight-hljs-'] .lg-highlight-addition {
  color: #12824D;
}

.dark-theme .emotion-157 [class*='lg-highlight-hljs-'] .lg-highlight-string,
.dark-theme .emotion-157 [class*='lg-highlight-hljs-'] .lg-highlight-addition {
  color: #35DE7B;
}

.emotion-157 [class*='lg-highlight-hljs-'] .lg-highlight-meta,
.emotion-157 [class*='lg-highlight-hljs-'] .lg-highlight-meta-string {
  color: #956d00;
}

.dark-theme .emotion-157 [class*='lg-highlight-hljs-'] .lg-highlight-meta,
.dark-theme .emotion-157 [class*='lg-highlight-hljs-'] .lg-highlight-meta-string {
  color: #EDB210;
}

.emotion-157 [class*='lg-highlight-hljs-'] .lg-highlight-variable,
.emotion-157 [class*='lg-highlight-hljs-'] .lg-highlight-deletion,
.emotion-157 [class*='lg-highlight-hljs-'] .lg-highlight-symbol,
.emotion-157 [class*='lg-highlight-hljs-'] .lg-highlight-bullet,
.emotion-157 [class*='lg-highlight-hljs-'] .lg-highlight-meta,
.emotion-157 [class*='lg-highlight-hljs-'] .lg-highlight-link,
.emotion-157 [class*='lg-highlight-hljs-'] .lg-highlight-attr,
.emotion-157 [class*='lg-highlight-hljs-'] .lg-highlight-attribute,
.emotion-157 [class*='lg-highlight-hljs-'] .lg-highlight-language,
.emotion-157 [class*='lg-highlight-hljs-'] .lg-highlight-template-variable,
.emotion-157 [class*='lg-highlight-hljs-'] .lg-highlight-built_in,
.emotion-157 [class*='lg-highlight-hljs-'] .lg-highlight-type,
.emotion-157 [class*='lg-highlight-hljs-'] .lg-highlight-params {
  color: #D83713;
}

.dark-theme .emotion-157 [class*='lg-highlight-hljs-'] .lg-highlight-variable,
.dark-theme .emotion-157 [class*='lg-highlight-hljs-'] .lg-highlight-deletion,
.dark-theme .emotion-157 [class*='lg-highlight-hljs-'] .lg-highlight-symbol,
.dark-theme .emotion-157 [class*='lg-highlight-hljs-'] .lg-highlight-bullet,
.dark-theme .emotion-157 [class*='lg-highlight-hljs-'] .lg-highlight-meta,
.dark-theme .emotion-157 [class*='lg-highlight-hljs-'] .lg-highlight-link,
.dark-theme .emotion-157 [class*='lg-highlight-hljs-'] .lg-highlight-attr,
.dark-theme .emotion-157 [class*='lg-highlight-hljs-'] .lg-highlight-attribute,
.dark-theme .emotion-157 [class*='lg-highlight-hljs-'] .lg-highlight-language,
.dark-theme .emotion-157 [class*='lg-highlight-hljs-'] .lg-highlight-template-variable,
.dark-theme .emotion-157 [class*='lg-highlight-hljs-'] .lg-highlight-built_in,
.dark-theme .emotion-157 [class*='lg-highlight-hljs-'] .lg-highlight-type,
.dark-theme .emotion-157 [class*='lg-highlight-hljs-'] .lg-highlight-params {
  color: #FF6F44;
}

.emotion-157 [class*='lg-highlight-hljs-'] .lg-highlight-title,
.emotion-157 [class*='lg-highlight-hljs-'] .lg-highlight-class.lg-highlight-title {
  color: #001E2B;
}

.dark-theme .emotion-157 [class*='lg-highlight-hljs-'] .lg-highlight-title,
.dark-theme .emotion-157 [class*='lg-highlight-hljs-'] .lg-highlight-class.lg-highlight-title {
  color: #F9FBFA;
}

.emotion-157 [class*='lg-highlight-hljs-'] .lg-highlight-doctag,
.emotion-157 [class*='lg-highlight-hljs-'] .lg-highlight-formula {
  color: #001E2B;
}

.dark-theme .emotion-157 [class*='lg-highlight-hljs-'] .lg-highlight-doctag,
.dark-theme .emotion-157 [class*='lg-highlight-hljs-'] .lg-highlight-formula {
  color: #F9FBFA;
}

.emotion-157 [class*='lg-highlight-hljs-'] .lg-highlight-comment {
  color: #3D4F58;
}

.dark-theme .emotion-157 [class*='lg-highlight-hljs-'] .lg-highlight-comment {
  color: #C1C7C6;
}

.emotion-157>div>div {
  display: grid;
  grid-template-columns: code panel;
}

.emotion-157>div {
  border-top-left-radius: 12px;
  border-top-right-radius: 12px;
  border-color: #E8EDEB;
}

.dark-theme .emotion-157>div {
  border-color: #3D4F58;
}

.emotion-158 {
  border: 1px solid #E8EDEB;
  border-radius: 12px;
  overflow: hidden;
}

.emotion-159 {
  position: relative;
  display: grid;
  grid-template-areas: 'code panel';
  grid-template-columns: auto 38px;
  border-radius: inherit;
  z-index: 0;
}

.emotion-159:before,
.emotion-159:after {
  content: '';
  display: block;
  position: absolute;
  z-index: 1;
  top: 0;
  height: 100%;
  width: 40px;
  border-radius: 40%;
  box-shadow: unset;
  -webkit-transition: box-shadow 100ms ease-in-out;
  transition: box-shadow 100ms ease-in-out;
}

.emotion-159:before {
  grid-column: 1;
  left: -40px;
}

.emotion-159:after {
  grid-column: 2;
}

.emotion-160 {
  grid-area: code;
  overflow-x: auto;
  border-radius: inherit;
  border-top-right-radius: 0;
  border-bottom-right-radius: 0;
  border: 0;
  padding-top: 8px;
  padding-bottom: 8px;
  margin: 0;
  position: relative;
  -webkit-transition: box-shadow 100ms ease-in-out;
  transition: box-shadow 100ms ease-in-out;
  -webkit-transition: height 300ms ease-in-out;
  transition: height 300ms ease-in-out;
  white-space: pre;
  background-color: #F9FBFA;
  color: #001E2B;
  display: -webkit-box;
  display: -webkit-flex;
  display: -ms-flexbox;
  display: flex;
  -webkit-align-items: center;
  -webkit-box-align: center;
  -ms-flex-align: center;
  align-items: center;
  padding-top: 6px;
  padding-bottom: 6px;
}

@media only screen and (max-device-width: 812px) and (-webkit-min-device-pixel-ratio: 2) {
  .emotion-160 {
    white-space: pre-wrap;
  }
}

@media only screen and (min-device-width: 813px) and (-webkit-min-device-pixel-ratio: 2) {
  .emotion-160 {
    white-space: pre;
  }
}

.emotion-160:focus-visible {
  outline: none;
}

.emotion-161 {
  color: inherit;
  font-family: 'Source Code Pro',Menlo,monospace;
  font-size: 13px;
  line-height: 20px;
}

.emotion-162 {
  border-spacing: 0;
}

.emotion-163 {
  border-spacing: 0;
  vertical-align: top;
  padding: 0 16px;
}

.emotion-164 {
  display: -webkit-box;
  display: -webkit-flex;
  display: -ms-flexbox;
  display: flex;
  -webkit-align-items: center;
  -webkit-box-align: center;
  -ms-flex-align: center;
  align-items: center;
  -webkit-flex-shrink: 0;
  -ms-flex-negative: 0;
  flex-shrink: 0;
  gap: 4px;
  background-color: #FFFFFF;
  -webkit-flex-direction: column;
  -ms-flex-direction: column;
  flex-direction: column;
  padding: 6px;
  border-left: solid 1px;
  border-color: #E8EDEB;
  z-index: 2;
  grid-area: panel;
}

.emotion-164 svg {
  width: 16px;
  height: 16px;
}

.emotion-218 {
  font-size: 13px;
  line-height: 20px;
  display: inline;
  -webkit-transition: all 0.15s ease-in-out;
  transition: all 0.15s ease-in-out;
  border-radius: 3px;
  font-family: 'Source Code Pro',Menlo,monospace;
  line-height: 20px;
  background-color: #F9FBFA;
  border: 1px solid #E8EDEB;
  color: #1C2D38;
  white-space: nowrap;
  font-size: unset;
  display: inline;
  color: var(--font-color-primary);
  background: var(--background-color-secondary);
  word-wrap: break-word;
  white-space: unset;
}

.lg-ui-0000:hover>.emotion-218 {
  -webkit-text-decoration: none;
  text-decoration: none;
}

.lg-ui-0000:hover>.emotion-218 {
  box-shadow: 0 0 0 3px #E8EDEB;
  border: 1px solid #C1C7C6;
}

.lg-ui-0000:focus-visible>.emotion-218 {
  box-shadow: 0 0 0 2px #FFFFFF,0 0 0 4px #0498EC;
  border: 1px solid #016BF8;
}

a .emotion-218 {
  color: inherit;
}

<dl>
    <div
      class="emotion-0"
      id="std-term-agent"
    />
    <dt>
      agent
    </dt>
    <dd
      class="emotion-1"
    >
      A lightweight program that provides an interface between your MongoDB processes and mms.
    </dd>
    <div
      class="emotion-0"
      id="std-term-agent-API-key"
    />
    <dt>
      agent API key
    </dt>
    <dd
      class="emotion-1"
    >
      <p
        class="emotion-4"
      >
        A unique identifier that authenticates a project's

        <a
          class="emotion-5"
          href="/reference/glossary#std-term-MongoDB-Agent/"
        >
          MongoDB Agents
        </a>
         to Cloud Manager. A project can have multiple agent 
        <span
          class="emotion-6"
          tabindex="0"
        >
          API
        </span>
         keys.
      </p>
      <section>
        <p
          class="emotion-7"
        >
          See also: 
        </p>
        <div
          class="emotion-8"
        >
          <p
            class="emotion-4"
          >
            <a
              class="emotion-5"
              href="/tutorial/manage-agent-api-key"
            >
              Manage Agent API Keys
            </a>
          </p>
        </div>
      </section>
    </dd>
    <div
      class="emotion-0"
      id="std-term-authentication-mechanism"
    />
    <dt>
      authentication mechanism
    </dt>
    <dd
      class="emotion-1"
    >
      <p
        class="emotion-4"
      >
        A method to enable access to a MongoDB database. This is separate
from authorization, which grants you permission to use certain
actions on a MongoDB database.
      </p>
      <section>
        <p
          class="emotion-7"
        >
          See also: 
        </p>
        <div
          class="emotion-8"
        >
          <p
            class="emotion-4"
          >
            <a
              class="emotion-5"
              href="/tutorial/edit-host-authentication-credentials"
            >
              Configure MongoDB Authentication and Authorization
            </a>
          </p>
        </div>
      </section>
    </dd>
    <div
      class="emotion-0"
      id="std-term-automation"
    />
    <dt>
      automation
    </dt>
    <dd
      class="emotion-1"
    >
      <p
        class="emotion-4"
      >
        The assisted management of MongoDB processes through the Cloud Manager
interface. The 
        <a
          class="emotion-5"
          href="/reference/glossary#std-term-MongoDB-Agent/"
        >
          MongoDB Agents
        </a>
         installed on
your MongoDB hosts allow you to deploy, configure, and update
MongoDB processes directly from Cloud Manager.
      </p>
      <section>
        <p
          class="emotion-7"
        >
          See also: 
        </p>
        <div
          class="emotion-8"
        >
          <p
            class="emotion-4"
          >
            <a
              class="emotion-5"
              href="/application#std-label-automation/"
            >
              Automation
            </a>
          </p>
        </div>
      </section>
    </dd>
    <div
      class="emotion-0"
      id="std-term-Automation-Agent"
    />
    <dt>
      Automation Agent
    </dt>
    <dd
      class="emotion-1"
    >
      <p
        class="emotion-4"
      >
        The lightweight component that had automated common management
tasks. The Automation Agent runs on every server that ran a

        <a
          class="lg-ui-0001 emotion-29"
          href="https://www.mongodb.com/docs/manual/reference/program/mongod/#mongodb-binary-bin.mongod"
          target="_self"
        >
          <span>
            mongod
          </span>
        </a>
         or 
        <a
          class="lg-ui-0001 emotion-29"
          href="https://www.mongodb.com/docs/manual/reference/program/mongos/#mongodb-binary-bin.mongos"
          target="_self"
        >
          <span>
            mongos.
          </span>
        </a>
      </p>
      <div
        class="emotion-31"
        role="note"
      >
        <h2
          class="emotion-32"
        >
          Note
        </h2>
        <div
          class="emotion-33"
        >
          <p
            class="emotion-34"
          >
            This has been replaced with the 
            <a
              class="emotion-5"
              href="/reference/glossary#std-term-MongoDB-Agent/"
            >
              MongoDB Agent.
            </a>
          </p>
        </div>
      </div>
    </dd>
    <div
      class="emotion-0"
      id="std-term-Backup-Agent"
    />
    <dt>
      Backup Agent
    </dt>
    <dd
      class="emotion-1"
    >
      <p
        class="emotion-4"
      >
        The lightweight component that had run within your data center and
backed up MongoDB processes via the MongoDB wire protocol. No direct
file system access was needed.
      </p>
      <div
        class="emotion-31"
        role="note"
      >
        <h2
          class="emotion-32"
        >
          Note
        </h2>
        <div
          class="emotion-33"
        >
          <p
            class="emotion-34"
          >
            This has been replaced with the 
            <a
              class="emotion-5"
              href="/reference/glossary#std-term-MongoDB-Agent/"
            >
              MongoDB Agent.
            </a>
          </p>
        </div>
      </div>
    </dd>
    <div
      class="emotion-0"
      id="std-term-batch"
    />
    <dt>
      batch
    </dt>
    <dd
      class="emotion-1"
    >
      <p
        class="emotion-4"
      >
        The collection of jobs needed to restore a 
        <a
          class="lg-ui-0001 emotion-29"
          href="https://www.mongodb.com/docs/manual/reference/glossary/#std-term-sharded-cluster"
          target="_self"
        >
          <span>
            sharded cluster
          </span>
        </a>
        :
one job for each shard and one job for the 
        <a
          class="lg-ui-0001 emotion-29"
          href="https://www.mongodb.com/docs/manual/reference/glossary/#std-term-config-server"
          target="_self"
        >
          <span>
            config server.
          </span>
        </a>
      </p>
      <p
        class="emotion-4"
      >
        Replica set restore jobs do not use batches.
      </p>
    </dd>
    <div
      class="emotion-0"
      id="std-term-checkpoint"
    />
    <dt>
      checkpoint
    </dt>
    <dd
      class="emotion-1"
    >
      <p
        class="emotion-4"
      >
        A point in time between snapshots to which you can restore a sharded
cluster. Cloud Manager must stop the 
        <a
          class="lg-ui-0001 emotion-29"
          href="https://docs.mongodb.com/manual/reference/glossary/#std-term-balancer"
          target="_self"
        >
          <span>
            balancer
          </span>
        </a>
         each time it creates a
checkpoint. Cloud Manager doesn't require checkpoints and disables
checkpoints by default.
      </p>
      <div
        class="emotion-54"
        role="note"
      >
        <h2
          class="emotion-55"
        >
          Important
        </h2>
        <div
          class="emotion-33"
        >
          <p
            class="emotion-34"
          >
            You may use checkpoints for clusters that run MongoDB with

            <a
              class="lg-ui-0001 emotion-58"
              href="https://docs.mongodb.com/manual/reference/command/setFeatureCompatibilityVersion/#mongodb-dbcommand-dbcmd.setFeatureCompatibilityVersion"
              target="_self"
            >
              <span>
                <code
                  class="emotion-59"
                >
                  Feature Compatibility Version
                </code>
              </span>
            </a>
             of 4.0 or earlier. Checkpoints were removed from
MongoDB instances with 
            <span
              class="emotion-6"
              tabindex="0"
            >
              FCV
            </span>
             4.2 or later.
          </p>
        </div>
      </div>
      <section>
        <p
          class="emotion-7"
        >
          See also: 
        </p>
        <div
          class="emotion-8"
        >
          <p
            class="emotion-4"
          >
            <a
              class="emotion-5"
              href="/core/backup-preparations#std-label-checkpoint/"
            >
              Checkpoints
            </a>
          </p>
        </div>
      </section>
    </dd>
    <div
      class="emotion-0"
      id="std-term-cluster"
    />
    <dt>
      cluster
    </dt>
    <dd
      class="emotion-1"
    >
      In Cloud Manager, 
      <em>
        cluster
      </em>
       can refer to either a 
      <a
        class="lg-ui-0001 emotion-29"
        href="https://www.mongodb.com/docs/manual/reference/glossary/#std-term-replica-set"
        target="_self"
      >
        <span>
          replica set
        </span>
      </a>
       or

      <a
        class="lg-ui-0001 emotion-29"
        href="https://www.mongodb.com/docs/manual/reference/glossary/#std-term-sharded-cluster"
        target="_self"
      >
        <span>
          sharded cluster.
        </span>
      </a>
    </dd>
    <div
      class="emotion-0"
      id="std-term-custom-snapshot"
    />
    <dt>
      custom snapshot
    </dt>
    <dd
      class="emotion-1"
    >
      <p
        class="emotion-4"
      >
        A backup of the state of your MongoDB deployment at a point in time
between 
        <a
          class="lg-ui-0001 emotion-29"
          href="https://www.mongodb.com/docs/manual/reference/glossary/#std-term-snapshot"
          target="_self"
        >
          <span>
            stored snapshots
          </span>
        </a>
        . Cloud Manager builds a custom
snapshot by applying oplog data to a stored snapshot.
      </p>
      <section>
        <p
          class="emotion-7"
        >
          See also: 
        </p>
        <div
          class="emotion-8"
        >
          <p
            class="emotion-4"
          >
            <a
              class="emotion-5"
              href="/tutorial/nav/restore-overview"
            >
              Restore Overview
            </a>
          </p>
        </div>
      </section>
    </dd>
    <div
      class="emotion-0"
      id="std-term-deduplication"
    />
    <dt>
      deduplication
    </dt>
    <dd
      class="emotion-1"
    >
      <p
        class="emotion-4"
      >
        A process that eliminates redundant data. This data can be additional
copies of database or file system documents or redundant data within
those documents at the block level when written to a storage medium
like spinning or solid state disks. Only unique documents or blocks
are written to a storage medium. This process usually applies to
backups or data archiving.
      </p>
      <div
        class="emotion-80"
        role="note"
      >
        <h2
          class="emotion-81"
        >
          Example
        </h2>
        <div
          class="emotion-33"
        >
          <p
            class="emotion-34"
          >
            Each recipient in an email system may have their own copy of an
email sent to the whole company. With deduplication, all copies of
this except one are replaced with pointers to a single stored copy
before backing up the email system. This effectively reduces the
amount of storage capacity needed to back up this one email by 99
percent.
          </p>
        </div>
      </div>
    </dd>
    <div
      class="emotion-0"
      id="std-term-deployment"
    />
    <dt>
      deployment
    </dt>
    <dd
      class="emotion-1"
    >
      Usually refers to all the MongoDB processes that run within a Cloud Manager

      <a
        class="lg-ui-0001 emotion-29"
        href="https://www.mongodb.com/docs/cloud-manager/reference/glossary/#std-term-project"
        target="_self"
      >
        <span>
          project
        </span>
      </a>
      . 
      <em>
        Deployment
      </em>
       can also refer to a specific set of
MongoDB processes, such as a specific 
      <a
        class="lg-ui-0001 emotion-29"
        href="https://www.mongodb.com/docs/manual/reference/glossary/#std-term-sharded-cluster"
        target="_self"
      >
        <span>
          sharded cluster
        </span>
      </a>
       or

      <a
        class="lg-ui-0001 emotion-29"
        href="https://www.mongodb.com/docs/manual/reference/glossary/#std-term-replica-set"
        target="_self"
      >
        <span>
          replica set.
        </span>
      </a>
    </dd>
    <div
      class="emotion-0"
      id="std-term-dirty-bytes"
    />
    <dt>
      dirty bytes
    </dt>
    <dd
      class="emotion-1"
    >
      Data that has been updated in the WiredTiger cache but not flushed to
disk.
    </dd>
    <div
      class="emotion-0"
      id="std-term-excluded-namespace"
    />
    <dt>
      excluded namespace
    </dt>
    <dd
      class="emotion-1"
    >
      <p
        class="emotion-4"
      >
        A database or collection that Cloud Manager will not back up, as designated
by its 
        <a
          class="emotion-5"
          href="/reference/glossary#std-term-namespace/"
        >
          namespace.
        </a>
      </p>
      <section>
        <p
          class="emotion-7"
        >
          See also: 
        </p>
        <div
          class="emotion-8"
        >
          <p
            class="emotion-4"
          >
            <a
              class="emotion-5"
              href="/core/backup-preparations#std-label-namespaces-filter/"
            >
              Namespaces Filter
            </a>
          </p>
        </div>
      </section>
    </dd>
    <div
      class="emotion-0"
      id="std-term-group"
    />
    <dt>
      group
    </dt>
    <dd
      class="emotion-1"
    >
      <p
        class="emotion-4"
      >
        A distinct set of MongoDB processes and Cloud Manager users. Synonymous with

        <a
          class="lg-ui-0001 emotion-29"
          href="https://www.mongodb.com/docs/cloud-manager/reference/glossary/#std-term-project"
          target="_self"
        >
          <span>
            project.
          </span>
        </a>
      </p>
      <section>
        <p
          class="emotion-7"
        >
          See also: 
        </p>
        <div
          class="emotion-8"
        >
          <p
            class="emotion-4"
          >
            <a
              class="emotion-5"
              href="/tutorial/manage-projects"
            >
              Manage Projects
            </a>
          </p>
        </div>
      </section>
    </dd>
    <div
      class="emotion-0"
      id="std-term-host"
    />
    <dt>
      host
    </dt>
    <dd
      class="emotion-1"
    >
      A physical machine, virtual machine, or container that serves one or
more MongoDB processes.
    </dd>
    <div
      class="emotion-0"
      id="std-term-initial-sync"
    />
    <dt>
      initial sync
    </dt>
    <dd
      class="emotion-1"
    >
      <p
        class="emotion-4"
      >
        The MongoDB operation that replicates data from an existing

        <a
          class="lg-ui-0001 emotion-29"
          href="https://www.mongodb.com/docs/manual/reference/glossary/#std-term-replica-set"
          target="_self"
        >
          <span>
            replica set
          </span>
        </a>
         member to a new member. Cloud Manager uses initial
sync when 
        <a
          class="emotion-5"
          href="/tutorial/enable-backup"
        >
          starting a new backup.
        </a>
      </p>
      <section>
        <p
          class="emotion-7"
        >
          See also: 
        </p>
        <div
          class="emotion-8"
        >
          <p
            class="emotion-4"
          >
            <a
              class="lg-ui-0001 emotion-29"
              href="https://www.mongodb.com/docs/manual/core/replica-set-sync/"
              target="_self"
            >
              <span>
                Replica Set Data Synchronization
              </span>
            </a>
             in the MongoDB manual
          </p>
        </div>
      </section>
    </dd>
    <div
      class="emotion-0"
      id="std-term-link-token"
    />
    <dt>
      link-token
    </dt>
    <dd
      class="emotion-1"
    >
      A string that contains the information necessary to connect from
Cloud Manager to Atlas during a Live Migration from an Cloud Manager deployment
to a deployment in Atlas.
    </dd>
    <div
      class="emotion-0"
      id="std-term-migration-host"
    />
    <dt>
      migration host
    </dt>
    <dd
      class="emotion-1"
    >
      <p
        class="emotion-4"
      >
        A dedicated server with its own specially-configured MongoDB Agent configured for live migration.
You run the Live Migration (push) process on the migration host to migrate
your MongoDB deployment to Atlas.
      </p>
      <section>
        <p
          class="emotion-7"
        >
          See also: 
        </p>
        <div
          class=""
        >
          <ul
            class="emotion-124"
          >
            <li
              class="emotion-125"
            >
              <p
                class="emotion-4"
              >
                <a
                  class="emotion-5"
                  href="/tutorial/provision-migration-host"
                >
                  Provision a Migration Host for MongoDB Agent
                </a>
              </p>
            </li>
            <li
              class="emotion-125"
            >
              <p
                class="emotion-4"
              >
                <a
                  class="emotion-5"
                  href="/tutorial/migrate-to-atlas"
                >
                  Migrate from Cloud Manager to Atlas
                </a>
              </p>
            </li>
          </ul>
        </div>
      </section>
    </dd>
    <div
      class="emotion-0"
      id="std-term-MongoDB-Agent"
    />
    <dt>
      MongoDB Agent
    </dt>
    <dd
      class="emotion-1"
    >
      <p
        class="emotion-4"
      >
        A lightweight 
        <a
          class="emotion-5"
          href="/reference/glossary#std-term-agent/"
        >
          agent
        </a>
         that can monitor, manage, and back up
your MongoDB databases.
      </p>
      <section>
        <p
          class="emotion-7"
        >
          See also: 
        </p>
        <div
          class="emotion-8"
        >
          <p
            class="emotion-4"
          >
            <a
              class="emotion-5"
              href="/tutorial/nav/mongodb-agent"
            >
              MongoDB Agent
            </a>
          </p>
        </div>
      </section>
    </dd>
    <div
      class="emotion-0"
      id="std-term-monitoring"
    />
    <dt>
      monitoring
    </dt>
    <dd
      class="emotion-1"
    >
      <p
        class="emotion-4"
      >
        The real-time reporting, visualization, and alerting of the state of
your MongoDB processes.
      </p>
      <section>
        <p
          class="emotion-7"
        >
          See also: 
        </p>
        <div
          class="emotion-8"
        >
          <p
            class="emotion-4"
          >
            <a
              class="emotion-5"
              href="/application#std-label-monitoring-functional-overview/"
            >
              Monitoring
            </a>
          </p>
        </div>
      </section>
    </dd>
    <div
      class="emotion-0"
      id="std-term-Monitoring-Agent"
    />
    <dt>
      Monitoring Agent
    </dt>
    <dd
      class="emotion-1"
    >
      <p
        class="emotion-4"
      >
        The lightweight component that had run within your data center and
monitored your MongoDB processes via the MongoDB wire protocol. No
direct file system access was needed.
      </p>
      <div
        class="emotion-31"
        role="note"
      >
        <h2
          class="emotion-32"
        >
          Note
        </h2>
        <div
          class="emotion-33"
        >
          <p
            class="emotion-34"
          >
            This has been replaced with the 
            <a
              class="emotion-5"
              href="/reference/glossary#std-term-MongoDB-Agent/"
            >
              MongoDB Agent.
            </a>
          </p>
        </div>
      </div>
    </dd>
    <div
      class="emotion-0"
      id="std-term-namespace"
    />
    <dt>
      namespace
    </dt>
    <dd
      class="emotion-1"
    >
      <p
        class="emotion-4"
      >
        The combination of the database name and collection name:
      </p>
      <script
        class="structured_data"
        type="application/ld+json"
      >
        {"@context":"https://schema.org","@type":"SoftwareSourceCode","codeSampleType":"code snippet","text":"\\"database-name.collection-name\\"","programmingLanguage":"JavaScript"}
      </script>
      <div
        class="intro-code-block emotion-157"
      >
        <div
          class="emotion-158"
        >
          <div
            class="emotion-159"
          >
            <pre
              class="emotion-160"
              tabindex="-1"
            >
              <code
                class="lg-highlight-hljs-light javascript emotion-161"
              >
                <table
                  class="emotion-162"
                >
                  <tbody>
                    <tr
                      class=""
                    >
                      <td
                        class="emotion-163"
                      >
                        <span
                          class="lg-highlight-string"
                        >
                          "database-name.collection-name"
                        </span>
                      </td>
                    </tr>
                  </tbody>
                </table>
              </code>
            </pre>
            <div
              class="emotion-164"
              data-testid="leafygreen-code-panel"
            />
          </div>
        </div>
      </div>
    </dd>
    <div
      class="emotion-0"
      id="std-term-oplog-slice"
    />
    <dt>
      oplog slice
    </dt>
    <dd
      class="emotion-1"
    >
      Compressed batch of entries for the tailed 
      <a
        class="lg-ui-0001 emotion-29"
        href="https://www.mongodb.com/docs/manual/reference/glossary/#std-term-oplog"
        target="_self"
      >
        <span>
          oplog
        </span>
      </a>
       of a
backed-up shard or replica set. The 
      <a
        class="emotion-5"
        href="/reference/glossary#std-term-MongoDB-Agent/"
      >
        MongoDB Agent
      </a>
       creates an
oplog slice and sends it to Cloud Manager, which stores it in the

      <a
        class="emotion-5"
        href="/reference/glossary#std-term-Oplog-Store-Database/"
      >
        Oplog Store Database.
      </a>
    </dd>
    <div
      class="emotion-0"
      id="std-term-Oplog-Store-Database"
    />
    <dt>
      Oplog Store Database
    </dt>
    <dd
      class="emotion-1"
    >
      The database where Ops Manager stores 
      <a
        class="emotion-5"
        href="/reference/glossary#std-term-oplog-slice/"
      >
        oplog slices
      </a>
      
before applying them to a deployment's backup.
    </dd>
    <div
      class="emotion-0"
      id="std-term-ping"
    />
    <dt>
      ping
    </dt>
    <dd
      class="emotion-1"
    >
      A data transmission that the 
      <a
        class="emotion-5"
        href="/reference/glossary#std-term-MongoDB-Agent/"
      >
        MongoDB Agent
      </a>
       sends to Cloud Manager to
confirm that the Agent and its MongoDB processes are running and
reachable.
    </dd>
    <div
      class="emotion-0"
      id="std-term-point-in-time-restore"
    />
    <dt>
      point-in-time restore
    </dt>
    <dd
      class="emotion-1"
    >
      <p
        class="emotion-4"
      >
        A database restoration that captures the state of your data at a
moment in-between 
        <a
          class="lg-ui-0001 emotion-29"
          href="https://www.mongodb.com/docs/manual/reference/glossary/#std-term-snapshot"
          target="_self"
        >
          <span>
            snapshots
          </span>
        </a>
        . Point-in-time
restores take longer to perform than snapshot restores.
      </p>
      <section>
        <p
          class="emotion-7"
        >
          See also: 
        </p>
        <div
          class="emotion-8"
        >
          <p
            class="emotion-4"
          >
            <a
              class="emotion-5"
              href="/tutorial/nav/restore-overview"
            >
              Restore Overview
            </a>
          </p>
        </div>
      </section>
    </dd>
    <div
      class="emotion-0"
      id="std-term-process"
    />
    <dt>
      process
    </dt>
    <dd
      class="emotion-1"
    >
      <p
        class="emotion-4"
      >
        An instance of MongoDB running on a given host and port. The MongoDB
database process is 
        <a
          class="lg-ui-0001 emotion-29"
          href="https://www.mongodb.com/docs/manual/reference/program/mongod/#mongodb-binary-bin.mongod"
          target="_self"
        >
          <span>
            mongod
          </span>
        </a>
        . MongoDB also uses the

        <a
          class="lg-ui-0001 emotion-29"
          href="https://www.mongodb.com/docs/manual/reference/program/mongos/#mongodb-binary-bin.mongos"
          target="_self"
        >
          <span>
            mongos
          </span>
        </a>
         process to route operations in the

        <a
          class="lg-ui-0001 emotion-29"
          href="https://www.mongodb.com/docs/manual/reference/glossary/#std-term-sharded-cluster"
          target="_self"
        >
          <span>
            sharded clusters.
          </span>
        </a>
      </p>
      <section>
        <p
          class="emotion-7"
        >
          See also: 
        </p>
        <div
          class="emotion-8"
        >
          <p
            class="emotion-4"
          >
            <a
              class="lg-ui-0001 emotion-29"
              href="https://www.mongodb.com/docs/manual/reference/program/"
              target="_self"
            >
              <span>
                MongoDB Package Components
              </span>
            </a>
          </p>
        </div>
      </section>
    </dd>
    <div
      class="emotion-0"
      id="std-term-project"
    />
    <dt>
      project
    </dt>
    <dd
      class="emotion-1"
    >
      <p
        class="emotion-4"
      >
        A distinct set of MongoDB processes and Cloud Manager users. Synonymous with

        <a
          class="lg-ui-0001 emotion-29"
          href="https://www.mongodb.com/docs/cloud-manager/reference/glossary/#std-term-group"
          target="_self"
        >
          <span>
            group.
          </span>
        </a>
      </p>
      <section>
        <p
          class="emotion-7"
        >
          See also: 
        </p>
        <div
          class="emotion-8"
        >
          <p
            class="emotion-4"
          >
            <a
              class="emotion-5"
              href="/tutorial/manage-projects"
            >
              Manage Projects
            </a>
          </p>
        </div>
      </section>
    </dd>
    <div
      class="emotion-0"
      id="std-term-Public-API-key"
    />
    <dt>
      Public API key
    </dt>
    <dd
      class="emotion-1"
    >
      A unique identifier that authenticates a Cloud Manager user through the

      <a
        class="emotion-5"
        href="/core/api"
      >
        Cloud Manager Administration API
      </a>
      . The key belongs to
the user, as opposed to the 
      <a
        class="lg-ui-0001 emotion-29"
        href="https://www.mongodb.com/docs/cloud-manager/reference/glossary/#std-term-agent-api-key"
        target="_self"
      >
        <span>
          agent API key
        </span>
      </a>
      , which belongs to
the project.
    </dd>
    <div
      class="emotion-0"
      id="std-term-Query-Insights"
    />
    <dt>
      Query Insights
    </dt>
    <dd
      class="emotion-1"
    >
      <p
        class="emotion-4"
      >
        MongoDB Atlas tool that monitors collection-level

        <a
          class="lg-ui-0001 emotion-29"
          href="https://www.mongodb.com/docs/manual/reference/operator/aggregation/collStats/#latencystats-document"
          target="_self"
        >
          <span>
            query latency
          </span>
        </a>
        . You can view query latency metrics and
statistics for certain hosts and operation types. Manage pinned
namespaces and choose up to five namespaces to show in the
corresponding query latency charts.
      </p>
      <section>
        <p
          class="emotion-7"
        >
          See also: 
        </p>
        <div
          class="emotion-8"
        >
          <p
            class="emotion-4"
          >
            <a
              class="emotion-5"
              href="/query-insights#std-label-query-insights/"
            >
              Monitor Collection-Level Query Latency
            </a>
          </p>
        </div>
      </section>
    </dd>
    <div
      class="emotion-0"
      id="std-term-queryable-backup"
    />
    <dt>
      queryable backup
    </dt>
    <dd
      class="emotion-1"
    >
      <p
        class="emotion-4"
      >
        A feature provided by Cloud Manager in which Cloud Manager quickly and securely makes
a given snapshot accessible over a MongoDB connection string. You can
use the connection string with standard MongoDB tools such as

        <a
          class="lg-ui-0001 emotion-29"
          href="https://www.mongodb.com/docs/mongodb-shell/#mongodb-binary-bin.mongosh"
          target="_self"
        >
          <span>
            <code
              class="emotion-218"
            >
              mongosh
            </code>
          </span>
        </a>
         or mongodump to access the snapshot for read-only
operations.
      </p>
      <p
        class="emotion-4"
      >
        Queryable backups start up quickly regardless of the snapshot's total
data size. They are uniquely useful for restoring a small subset of
data, such as a document that was accidentally deleted, or reading
out a single collection with mongodump.
      </p>
      <section>
        <p
          class="emotion-7"
        >
          See also: 
        </p>
        <div
          class="emotion-8"
        >
          <p
            class="emotion-4"
          >
            <a
              class="emotion-5"
              href="/tutorial/query-backup"
            >
              Query a Backup Snapshot
            </a>
          </p>
        </div>
      </section>
    </dd>
    <div
      class="emotion-0"
      id="std-term-Recovery-Point-Objective"
    />
    <dt>
      Recovery Point Objective
    </dt>
    <dd
      class="emotion-1"
    >
      The maximum tolerable age of backup files that must be recovered from
storage for normal operations to resume after a failure or disaster
occurs.
    </dd>
    <div
      class="emotion-0"
      id="std-term-Recovery-Time-Objective"
    />
    <dt>
      Recovery Time Objective
    </dt>
    <dd
      class="emotion-1"
    >
      The maximum tolerable length of time that a system can be offline
after a failure or disaster occurs.
    </dd>
    <div
      class="emotion-0"
      id="std-term-role"
    />
    <dt>
      role
    </dt>
    <dd
      class="emotion-1"
    >
      <p
        class="emotion-4"
      >
        The permissions granted to a Cloud Manager or MongoDB user.
      </p>
      <section>
        <p
          class="emotion-7"
        >
          See also: 
        </p>
        <div
          class=""
        >
          <ul
            class="emotion-124"
          >
            <li
              class="emotion-125"
            >
              <p
                class="emotion-4"
              >
                <a
                  class="emotion-5"
                  href="/reference/user-roles"
                >
                  Cloud Manager Roles
                </a>
                 for Cloud Manager user roles
              </p>
            </li>
            <li
              class="emotion-125"
            >
              <p
                class="emotion-4"
              >
                <a
                  class="lg-ui-0001 emotion-29"
                  href="https://www.mongodb.com/docs/manual/reference/built-in-roles/"
                  target="_self"
                >
                  <span>
                    Built-in Roles
                  </span>
                </a>
                 in the
MongoDB manual for MongoDB user roles
              </p>
            </li>
          </ul>
        </div>
      </section>
    </dd>
    <div
      class="emotion-0"
      id="std-term-rolling-restart"
    />
    <dt>
      rolling restart
    </dt>
    <dd
      class="emotion-1"
    >
      <p
        class="emotion-4"
      >
        A technique used to maintain cluster availability during maintenance
periods by updating nodes in a replica set one-by-one, always
maintaining a primary node, until all nodes are updated.
      </p>
      <section>
        <p
          class="emotion-7"
        >
          See also: 
        </p>
        <div
          class="emotion-8"
        >
          <p
            class="emotion-4"
          >
            <a
              class="emotion-5"
              href="/reference/faq/faq-automation#std-label-rolling-restart-faq/"
            >
              How does Cloud Manager perform maintenance on cluster nodes?
            </a>
          </p>
        </div>
      </section>
    </dd>
    <div
      class="emotion-0"
      id="std-term-server"
    />
    <dt>
      server
    </dt>
    <dd
      class="emotion-1"
    >
      A physical or virtual machine that serves one or more MongoDB
processes.
    </dd>
    <div
      class="emotion-0"
      id="std-term-snapshot"
    />
    <dt>
      snapshot
    </dt>
    <dd
      class="emotion-1"
    >
      <p
        class="emotion-4"
      >
        Single backup of your data that Cloud Manager captures at a specific
interval and stores. The 
        <a
          class="emotion-5"
          href="/core/backup-preparations#std-label-snapshot-frequency-and-retention/"
        >
          Snapshot Frequency and Retention Policy
        </a>
         determines the interval
for taking snapshots and how long to store them. You can

        <a
          class="emotion-5"
          href="/tutorial/query-backup"
        >
          query specific backups.
        </a>
      </p>
      <section>
        <p
          class="emotion-7"
        >
          See also: 
        </p>
        <div
          class=""
        >
          <ul
            class="emotion-124"
          >
            <li
              class="emotion-125"
            >
              <p
                class="emotion-4"
              >
                <a
                  class="emotion-5"
                  href="/reference/glossary#std-term-custom-snapshot/"
                >
                  custom snapshot
                </a>
              </p>
            </li>
          </ul>
        </div>
      </section>
    </dd>
    <div
      class="emotion-0"
      id="std-term-snapshot-frequency-and-retention-policy"
    />
    <dt>
      snapshot frequency and retention policy
    </dt>
    <dd
      class="emotion-1"
    >
      <p
        class="emotion-4"
      >
        The schedule for how often to take 
        <a
          class="lg-ui-0001 emotion-29"
          href="https://www.mongodb.com/docs/manual/reference/glossary/#std-term-snapshot"
          target="_self"
        >
          <span>
            snapshots
          </span>
        </a>
         and
how long to store them.
      </p>
      <section>
        <p
          class="emotion-7"
        >
          See also: 
        </p>
        <div
          class="emotion-8"
        >
          <p
            class="emotion-4"
          >
            <a
              class="emotion-5"
              href="/core/backup-preparations#std-label-snapshot-frequency-and-retention/"
            >
              Snapshot Frequency and Retention Policy
            </a>
          </p>
        </div>
      </section>
    </dd>
    <div
      class="emotion-0"
      id="std-term-snapshot-store"
    />
    <dt>
      snapshot store
    </dt>
    <dd
      class="emotion-1"
    >
      The location where your 
      <a
        class="lg-ui-0001 emotion-29"
        href="https://www.mongodb.com/docs/manual/reference/glossary/#std-term-snapshot"
        target="_self"
      >
        <span>
          snapshots
        </span>
      </a>
       are stored.
    </dd>
    <div
      class="emotion-0"
      id="std-term-storage-engine"
    />
    <dt>
      storage engine
    </dt>
    <dd
      class="emotion-1"
    >
      <p
        class="emotion-4"
      >
        The database storage engine manages how data is stored on disk.
MongoDB versions 3.0 and later offer multiple storage engines.
      </p>
      <section>
        <p
          class="emotion-7"
        >
          See also: 
        </p>
        <div
          class=""
        >
          <ul
            class="emotion-124"
          >
            <li
              class="emotion-125"
            >
              <p
                class="emotion-4"
              >
                <a
                  class="lg-ui-0001 emotion-29"
                  href="https://www.mongodb.com/docs/manual/core/storage/"
                  target="_self"
                >
                  <span>
                    Storage
                  </span>
                </a>
              </p>
            </li>
            <li
              class="emotion-125"
            >
              <p
                class="emotion-4"
              >
                <a
                  class="lg-ui-0001 emotion-29"
                  href="https://www.mongodb.com/docs/manual/faq/storage/"
                  target="_self"
                >
                  <span>
                    MongoDB Storage FAQ
                  </span>
                </a>
                 in the MongoDB
manual
              </p>
            </li>
          </ul>
        </div>
      </section>
    </dd>
  </dl>
</DocumentFragment>
`;
