// Jest Snapshot v1, https://goo.gl/fbAQLP

exports[`renders correctly 1`] = `
<DocumentFragment>
  <script
    class="structured_data"
    type="application/ld+json"
  >
    {"@context":"https://schema.org","@type":"SoftwareSourceCode","codeSampleType":"code snippet","text":"sample code","programmingLanguage":"Java"}
  </script>
  .emotion-0 {
  display: table;
  margin: 24px 0;
  min-width: 150px;
  table-layout: fixed;
  width: 100%;
}

.emotion-0 button>div>div {
  font-size: 13px;
}

.emotion-0 pre {
  background-color: #F9FBFA;
  color: #001E2B;
}

.dark-theme .emotion-0 pre {
  background-color: #001E2B;
  color: #F9FBFA;
}

.emotion-0 [data-testid='leafygreen-code-panel'] {
  background-color: #FFFFFF;
  border-color: #E8EDEB;
}

.dark-theme .emotion-0 [data-testid='leafygreen-code-panel'] {
  background-color: #3D4F58;
  border-color: #3D4F58;
}

.emotion-0 [class*='lg-highlight-hljs-'] .lg-highlight-keyword,
.emotion-0 [class*='lg-highlight-hljs-'] .lg-highlight-keyword.lg-highlight-function,
.emotion-0 [class*='lg-highlight-hljs-'] .lg-highlight-keyword.lg-highlight-class,
.emotion-0 [class*='lg-highlight-hljs-'] .lg-highlight-selector-tag,
.emotion-0 [class*='lg-highlight-hljs-'] .lg-highlight-selector-attr,
.emotion-0 [class*='lg-highlight-hljs-'] .lg-highlight-selector-pseudo,
.emotion-0 [class*='lg-highlight-hljs-'] .lg-highlight-selector-id,
.emotion-0 [class*='lg-highlight-hljs-'] .lg-highlight-selector-class {
  color: #CC3887;
}

.dark-theme .emotion-0 [class*='lg-highlight-hljs-'] .lg-highlight-keyword,
.dark-theme .emotion-0 [class*='lg-highlight-hljs-'] .lg-highlight-keyword.lg-highlight-function,
.dark-theme .emotion-0 [class*='lg-highlight-hljs-'] .lg-highlight-keyword.lg-highlight-class,
.dark-theme .emotion-0 [class*='lg-highlight-hljs-'] .lg-highlight-selector-tag,
.dark-theme .emotion-0 [class*='lg-highlight-hljs-'] .lg-highlight-selector-attr,
.dark-theme .emotion-0 [class*='lg-highlight-hljs-'] .lg-highlight-selector-pseudo,
.dark-theme .emotion-0 [class*='lg-highlight-hljs-'] .lg-highlight-selector-id,
.dark-theme .emotion-0 [class*='lg-highlight-hljs-'] .lg-highlight-selector-class {
  color: #FF7DC3;
}

.emotion-0 [class*='lg-highlight-hljs-'] .lg-highlight-regexp,
.emotion-0 [class*='lg-highlight-hljs-'] .lg-highlight-number,
.emotion-0 [class*='lg-highlight-hljs-'] .lg-highlight-literal,
.emotion-0 [class*='lg-highlight-hljs-'] .lg-highlight-function.lg-highlight-title {
  color: #016ee9;
}

.dark-theme .emotion-0 [class*='lg-highlight-hljs-'] .lg-highlight-regexp,
.dark-theme .emotion-0 [class*='lg-highlight-hljs-'] .lg-highlight-number,
.dark-theme .emotion-0 [class*='lg-highlight-hljs-'] .lg-highlight-literal,
.dark-theme .emotion-0 [class*='lg-highlight-hljs-'] .lg-highlight-function.lg-highlight-title {
  color: #2dc4ff;
}

.emotion-0 [class*='lg-highlight-hljs-'] .lg-highlight-quote,
.emotion-0 [class*='lg-highlight-hljs-'] .lg-highlight-section,
.emotion-0 [class*='lg-highlight-hljs-'] .lg-highlight-name {
  color: #007ab8;
}

.dark-theme .emotion-0 [class*='lg-highlight-hljs-'] .lg-highlight-quote,
.dark-theme .emotion-0 [class*='lg-highlight-hljs-'] .lg-highlight-section,
.dark-theme .emotion-0 [class*='lg-highlight-hljs-'] .lg-highlight-name {
  color: #a5e3ff;
}

.emotion-0 [class*='lg-highlight-hljs-'] .lg-highlight-string,
.emotion-0 [class*='lg-highlight-hljs-'] .lg-highlight-addition {
  color: #12824D;
}

.dark-theme .emotion-0 [class*='lg-highlight-hljs-'] .lg-highlight-string,
.dark-theme .emotion-0 [class*='lg-highlight-hljs-'] .lg-highlight-addition {
  color: #35DE7B;
}

.emotion-0 [class*='lg-highlight-hljs-'] .lg-highlight-meta,
.emotion-0 [class*='lg-highlight-hljs-'] .lg-highlight-meta-string {
  color: #956d00;
}

.dark-theme .emotion-0 [class*='lg-highlight-hljs-'] .lg-highlight-meta,
.dark-theme .emotion-0 [class*='lg-highlight-hljs-'] .lg-highlight-meta-string {
  color: #EDB210;
}

.emotion-0 [class*='lg-highlight-hljs-'] .lg-highlight-variable,
.emotion-0 [class*='lg-highlight-hljs-'] .lg-highlight-deletion,
.emotion-0 [class*='lg-highlight-hljs-'] .lg-highlight-symbol,
.emotion-0 [class*='lg-highlight-hljs-'] .lg-highlight-bullet,
.emotion-0 [class*='lg-highlight-hljs-'] .lg-highlight-meta,
.emotion-0 [class*='lg-highlight-hljs-'] .lg-highlight-link,
.emotion-0 [class*='lg-highlight-hljs-'] .lg-highlight-attr,
.emotion-0 [class*='lg-highlight-hljs-'] .lg-highlight-attribute,
.emotion-0 [class*='lg-highlight-hljs-'] .lg-highlight-language,
.emotion-0 [class*='lg-highlight-hljs-'] .lg-highlight-template-variable,
.emotion-0 [class*='lg-highlight-hljs-'] .lg-highlight-built_in,
.emotion-0 [class*='lg-highlight-hljs-'] .lg-highlight-type,
.emotion-0 [class*='lg-highlight-hljs-'] .lg-highlight-params {
  color: #D83713;
}

.dark-theme .emotion-0 [class*='lg-highlight-hljs-'] .lg-highlight-variable,
.dark-theme .emotion-0 [class*='lg-highlight-hljs-'] .lg-highlight-deletion,
.dark-theme .emotion-0 [class*='lg-highlight-hljs-'] .lg-highlight-symbol,
.dark-theme .emotion-0 [class*='lg-highlight-hljs-'] .lg-highlight-bullet,
.dark-theme .emotion-0 [class*='lg-highlight-hljs-'] .lg-highlight-meta,
.dark-theme .emotion-0 [class*='lg-highlight-hljs-'] .lg-highlight-link,
.dark-theme .emotion-0 [class*='lg-highlight-hljs-'] .lg-highlight-attr,
.dark-theme .emotion-0 [class*='lg-highlight-hljs-'] .lg-highlight-attribute,
.dark-theme .emotion-0 [class*='lg-highlight-hljs-'] .lg-highlight-language,
.dark-theme .emotion-0 [class*='lg-highlight-hljs-'] .lg-highlight-template-variable,
.dark-theme .emotion-0 [class*='lg-highlight-hljs-'] .lg-highlight-built_in,
.dark-theme .emotion-0 [class*='lg-highlight-hljs-'] .lg-highlight-type,
.dark-theme .emotion-0 [class*='lg-highlight-hljs-'] .lg-highlight-params {
  color: #FF6F44;
}

.emotion-0 [class*='lg-highlight-hljs-'] .lg-highlight-title,
.emotion-0 [class*='lg-highlight-hljs-'] .lg-highlight-class.lg-highlight-title {
  color: #001E2B;
}

.dark-theme .emotion-0 [class*='lg-highlight-hljs-'] .lg-highlight-title,
.dark-theme .emotion-0 [class*='lg-highlight-hljs-'] .lg-highlight-class.lg-highlight-title {
  color: #F9FBFA;
}

.emotion-0 [class*='lg-highlight-hljs-'] .lg-highlight-doctag,
.emotion-0 [class*='lg-highlight-hljs-'] .lg-highlight-formula {
  color: #001E2B;
}

.dark-theme .emotion-0 [class*='lg-highlight-hljs-'] .lg-highlight-doctag,
.dark-theme .emotion-0 [class*='lg-highlight-hljs-'] .lg-highlight-formula {
  color: #F9FBFA;
}

.emotion-0 [class*='lg-highlight-hljs-'] .lg-highlight-comment {
  color: #3D4F58;
}

.dark-theme .emotion-0 [class*='lg-highlight-hljs-'] .lg-highlight-comment {
  color: #C1C7C6;
}

.emotion-1>div>div {
  display: grid;
  grid-template-columns: code panel;
}

.emotion-1>div {
  border-top-left-radius: 12px;
  border-top-right-radius: 12px;
  border-color: #E8EDEB;
}

.dark-theme .emotion-1>div {
  border-color: #3D4F58;
}

.emotion-2 {
  border: 1px solid #E8EDEB;
  border-radius: 12px;
  overflow: hidden;
}

.emotion-3 {
  position: relative;
  display: grid;
  grid-template-areas: 'code panel';
  grid-template-columns: auto 38px;
  border-radius: inherit;
  z-index: 0;
}

.emotion-3:before,
.emotion-3:after {
  content: '';
  display: block;
  position: absolute;
  z-index: 1;
  top: 0;
  height: 100%;
  width: 40px;
  border-radius: 40%;
  box-shadow: unset;
  -webkit-transition: box-shadow 100ms ease-in-out;
  transition: box-shadow 100ms ease-in-out;
}

.emotion-3:before {
  grid-column: 1;
  left: -40px;
}

.emotion-3:after {
  grid-column: 2;
}

.emotion-4 {
  grid-area: code;
  overflow-x: auto;
  border-radius: inherit;
  border-top-right-radius: 0;
  border-bottom-right-radius: 0;
  border: 0;
  padding-top: 8px;
  padding-bottom: 8px;
  margin: 0;
  position: relative;
  -webkit-transition: box-shadow 100ms ease-in-out;
  transition: box-shadow 100ms ease-in-out;
  white-space: pre;
  background-color: #F9FBFA;
  color: #001E2B;
  display: -webkit-box;
  display: -webkit-flex;
  display: -ms-flexbox;
  display: flex;
  -webkit-align-items: center;
  -webkit-box-align: center;
  -ms-flex-align: center;
  align-items: center;
  padding-top: 6px;
  padding-bottom: 6px;
}

@media only screen and (max-device-width: 812px) and (-webkit-min-device-pixel-ratio: 2) {
  .emotion-4 {
    white-space: pre-wrap;
  }
}

@media only screen and (min-device-width: 813px) and (-webkit-min-device-pixel-ratio: 2) {
  .emotion-4 {
    white-space: pre;
  }
}

.emotion-4:focus-visible {
  outline: none;
  box-shadow: 0 0 0 2px #0498EC inset;
}

.emotion-5 {
  color: inherit;
  font-family: 'Source Code Pro',Menlo,monospace;
  font-size: 13px;
  line-height: 20px;
}

.emotion-6 {
  border-spacing: 0;
}

.emotion-7 {
  background-color: #FEF7DB;
  background-image: none;
  background-attachment: fixed;
}

.emotion-7>td {
  border-top: 1px solid #FFEC9E;
}

.emotion-7+tr>td {
  border-top: 1px solid #FFEC9E;
}

.emotion-7+.emotion-7>td {
  border-top: 0;
}

.emotion-7:last-child>td {
  border-bottom: 1px solid #FFEC9E;
}

.emotion-8 {
  border-spacing: 0;
  vertical-align: top;
  padding: 0 16px;
  -webkit-user-select: none;
  -moz-user-select: none;
  -ms-user-select: none;
  user-select: none;
  text-align: right;
  padding-left: 15px;
  padding-right: 0;
  color: #944F01;
}

.emotion-9 {
  border-spacing: 0;
  vertical-align: top;
  padding: 0 16px;
}

.emotion-10 {
  display: -webkit-box;
  display: -webkit-flex;
  display: -ms-flexbox;
  display: flex;
  -webkit-align-items: center;
  -webkit-box-align: center;
  -ms-flex-align: center;
  align-items: center;
  -webkit-flex-shrink: 0;
  -ms-flex-negative: 0;
  flex-shrink: 0;
  gap: 4px;
  background-color: #FFFFFF;
  -webkit-flex-direction: column;
  -ms-flex-direction: column;
  flex-direction: column;
  padding: 6px;
  border-left: solid 1px;
  border-color: #E8EDEB;
  z-index: 2;
  grid-area: panel;
}

.emotion-10 svg {
  width: 16px;
  height: 16px;
}

<div
    class=" emotion-0 emotion-1 intro-code-block"
  >
    <div
      class="emotion-2"
    >
      <div
        class="emotion-3"
      >
        <pre
          class="emotion-4"
          tabindex="-1"
        >
          <code
            class="lg-highlight-hljs-light java emotion-5"
          >
            <table
              class="emotion-6"
            >
              <tbody>
                <tr
                  class="emotion-7"
                >
                  <td
                    class="emotion-8"
                  >
                    1
                  </td>
                  <td
                    class="emotion-9"
                  >
                    sample code
                  </td>
                </tr>
              </tbody>
            </table>
          </code>
        </pre>
        <div
          class="emotion-10"
          data-testid="leafygreen-code-panel"
        />
      </div>
    </div>
  </div>
</DocumentFragment>
`;
