// Jest Snapshot v1, https://jestjs.io/docs/snapshot-testing

exports[`internal page nav renders a page with next and previous links correctly 1`] = `
<DocumentFragment>
  .emotion-0 {
  padding-bottom: 2.5em;
  width: 100%;
  display: -webkit-box;
  display: -webkit-flex;
  display: -ms-flexbox;
  display: flex;
  -webkit-box-pack: justify;
  -webkit-justify-content: space-between;
  justify-content: space-between;
  -webkit-column-gap: 16px;
  column-gap: 16px;
  margin-top: 88px;
}

@media only screen and (max-width: 480px) {
  .emotion-0 {
    -webkit-flex-direction: column-reverse;
    -ms-flex-direction: column-reverse;
    flex-direction: column-reverse;
    row-gap: 64px;
    margin-top: 66px;
  }
}

@media print {
  .emotion-0 {
    display: none;
  }
}

.emotion-0 a {
  -webkit-text-decoration: none;
  text-decoration: none;
}

<div
    class="emotion-0"
  />
  ,
</DocumentFragment>
`;

exports[`internal page nav renders a page with no next link correctly 1`] = `
<DocumentFragment>
  .emotion-0 {
  padding-bottom: 2.5em;
  width: 100%;
  display: -webkit-box;
  display: -webkit-flex;
  display: -ms-flexbox;
  display: flex;
  -webkit-box-pack: justify;
  -webkit-justify-content: space-between;
  justify-content: space-between;
  -webkit-column-gap: 16px;
  column-gap: 16px;
  margin-top: 88px;
}

@media only screen and (max-width: 480px) {
  .emotion-0 {
    -webkit-flex-direction: column-reverse;
    -ms-flex-direction: column-reverse;
    flex-direction: column-reverse;
    row-gap: 64px;
    margin-top: 66px;
  }
}

@media print {
  .emotion-0 {
    display: none;
  }
}

.emotion-0 a {
  -webkit-text-decoration: none;
  text-decoration: none;
}

<div
    class="emotion-0"
  />
  ,
</DocumentFragment>
`;

exports[`internal page nav renders a page with no previous link correctly 1`] = `
<DocumentFragment>
  .emotion-0 {
  padding-bottom: 2.5em;
  width: 100%;
  display: -webkit-box;
  display: -webkit-flex;
  display: -ms-flexbox;
  display: flex;
  -webkit-box-pack: justify;
  -webkit-justify-content: space-between;
  justify-content: space-between;
  -webkit-column-gap: 16px;
  column-gap: 16px;
  margin-top: 88px;
}

@media only screen and (max-width: 480px) {
  .emotion-0 {
    -webkit-flex-direction: column-reverse;
    -ms-flex-direction: column-reverse;
    flex-direction: column-reverse;
    row-gap: 64px;
    margin-top: 66px;
  }
}

@media print {
  .emotion-0 {
    display: none;
  }
}

.emotion-0 a {
  -webkit-text-decoration: none;
  text-decoration: none;
}

<div
    class="emotion-0"
  />
  ,
</DocumentFragment>
`;
