// Jest Snapshot v1, https://jestjs.io/docs/snapshot-testing

exports[`List renders correctly 1`] = `
<DocumentFragment>
  .emotion-0 {
  margin-top: 0px;
}

.emotion-1::marker {
  color: var(--font-color-primary);
}

.emotion-1>p {
  margin-bottom: 8px;
}

.emotion-2 {
  margin: unset;
  font-family: 'Euclid Circular A','Helvetica Neue',Helvetica,Arial,sans-serif;
  color: #001E2B;
  font-size: 13px;
  line-height: 20px;
  color: #001E2B;
  font-weight: 400;
  margin-bottom: 16px;
  color: var(--font-color-primary);
}

.emotion-2 strong,
.emotion-2 b {
  font-weight: 600;
}

.emotion-3 {
  font-style: normal;
  font-weight: 700;
}

<ol
    class="emotion-0"
    start="2"
    type="a"
  >
    <li
      class="emotion-1"
    >
      <p
        class="emotion-2"
      >
        In , click 
        <span
          class="guilabel emotion-3"
        >
          Charts
        </span>
         in the navigation bar.
      </p>
    </li>
    <li
      class="emotion-1"
    >
      <p
        class="emotion-2"
      >
        If this is the first time you are launching , click

        <span
          class="guilabel emotion-3"
        >
          Activate MongoDB Charts
        </span>
        . This provisions a new
 instance in the  project.
      </p>
    </li>
  </ol>
</DocumentFragment>
`;
