// Jest Snapshot v1, https://goo.gl/fbAQLP

exports[`Paragraph unit tests handles formatting dangling punctuation after Links and no extra multiplying on rerenders 1`] = `
<DocumentFragment>
  .emotion-0 {
  margin: unset;
  font-family: 'Euclid Circular A','Helvetica Neue',Helvetica,Arial,sans-serif;
  color: #001E2B;
  font-size: 13px;
  line-height: 20px;
  color: #001E2B;
  font-weight: 400;
  margin-bottom: 16px;
  color: var(--font-color-primary);
}

.emotion-0 strong,
.emotion-0 b {
  font-weight: 700;
}

.emotion-1 {
  font-family: 'Euclid Circular A','Helvetica Neue',Helvetica,Arial,sans-serif;
  display: -webkit-inline-box;
  display: -webkit-inline-flex;
  display: -ms-inline-flexbox;
  display: inline-flex;
  -webkit-align-items: center;
  -webkit-box-align: center;
  -ms-flex-align: center;
  align-items: center;
  -webkit-text-decoration: none;
  text-decoration: none;
  text-decoration-color: transparent;
  cursor: pointer;
  font-size: inherit;
  line-height: inherit;
  -webkit-appearance: none;
  -moz-appearance: none;
  -ms-appearance: none;
  appearance: none;
  background: none;
  border: none;
  padding: 0;
  font-size: 13px;
  line-height: 20px;
  color: #016BF8;
  font-weight: 400;
  display: inline;
  color: var(--link-color-primary);
  font-weight: var(--link-font-weight);
}

.emotion-1:hover,
.emotion-1:focus {
  -webkit-text-decoration: underline;
  text-decoration: underline;
  -webkit-transition: text-decoration 150ms ease-in-out;
  transition: text-decoration 150ms ease-in-out;
  text-underline-offset: 4px;
  text-decoration-thickness: 2px;
}

.emotion-1:focus {
  outline: none;
}

.emotion-1:hover {
  text-decoration-color: #E8EDEB;
}

.emotion-1:focus {
  text-decoration-color: #016BF8;
}

.emotion-1>span>code,
.emotion-1>code {
  color: var(--link-color-primary);
  font-weight: var(--link-font-weight);
}

<p
    class="emotion-0"
  >
    <a
      class="lg-ui-0001 emotion-1"
      href="https://cloud.mongodb.com?tck=docs_realm"
      target="_self"
    >
      <span>
        Deploy a Free Tier Cluster.
      </span>
    </a>
  </p>
</DocumentFragment>
`;

exports[`Paragraph unit tests handles formatting dangling punctuation after Links and no extra multiplying on rerenders 2`] = `
<DocumentFragment>
  .emotion-0 {
  margin: unset;
  font-family: 'Euclid Circular A','Helvetica Neue',Helvetica,Arial,sans-serif;
  color: #001E2B;
  font-size: 13px;
  line-height: 20px;
  color: #001E2B;
  font-weight: 400;
  margin-bottom: 16px;
  color: var(--font-color-primary);
}

.emotion-0 strong,
.emotion-0 b {
  font-weight: 700;
}

.emotion-1 {
  font-family: 'Euclid Circular A','Helvetica Neue',Helvetica,Arial,sans-serif;
  display: -webkit-inline-box;
  display: -webkit-inline-flex;
  display: -ms-inline-flexbox;
  display: inline-flex;
  -webkit-align-items: center;
  -webkit-box-align: center;
  -ms-flex-align: center;
  align-items: center;
  -webkit-text-decoration: none;
  text-decoration: none;
  text-decoration-color: transparent;
  cursor: pointer;
  font-size: inherit;
  line-height: inherit;
  -webkit-appearance: none;
  -moz-appearance: none;
  -ms-appearance: none;
  appearance: none;
  background: none;
  border: none;
  padding: 0;
  font-size: 13px;
  line-height: 20px;
  color: #016BF8;
  font-weight: 400;
  display: inline;
  color: var(--link-color-primary);
  font-weight: var(--link-font-weight);
}

.emotion-1:hover,
.emotion-1:focus {
  -webkit-text-decoration: underline;
  text-decoration: underline;
  -webkit-transition: text-decoration 150ms ease-in-out;
  transition: text-decoration 150ms ease-in-out;
  text-underline-offset: 4px;
  text-decoration-thickness: 2px;
}

.emotion-1:focus {
  outline: none;
}

.emotion-1:hover {
  text-decoration-color: #E8EDEB;
}

.emotion-1:focus {
  text-decoration-color: #016BF8;
}

.emotion-1>span>code,
.emotion-1>code {
  color: var(--link-color-primary);
  font-weight: var(--link-font-weight);
}

<p
    class="emotion-0"
  >
    <a
      class="lg-ui-0001 emotion-1"
      href="https://cloud.mongodb.com?tck=docs_realm"
      target="_self"
    >
      <span>
        Deploy a Free Tier Cluster.
      </span>
    </a>
  </p>
</DocumentFragment>
`;

exports[`Paragraph unit tests renders correctly 1`] = `
<DocumentFragment>
  .emotion-0 {
  margin: unset;
  font-family: 'Euclid Circular A','Helvetica Neue',Helvetica,Arial,sans-serif;
  color: #001E2B;
  font-size: 13px;
  line-height: 20px;
  color: #001E2B;
  font-weight: 400;
  margin-bottom: 16px;
  color: var(--font-color-primary);
}

.emotion-0 strong,
.emotion-0 b {
  font-weight: 700;
}

<p
    class="emotion-0"
  >
    Verify that MongoDB has started successfully by
checking the process output for the following line:
  </p>
</DocumentFragment>
`;
