// Jest Snapshot v1, https://goo.gl/fbAQLP

exports[`renders correctly 1`] = `
<DocumentFragment>
  .emotion-0 {
  display: -webkit-box;
  display: -webkit-flex;
  display: -ms-flexbox;
  display: flex;
  -webkit-box-pack: justify;
  -webkit-justify-content: space-between;
  justify-content: space-between;
  -webkit-align-items: center;
  -webkit-box-align: center;
  -ms-flex-align: center;
  align-items: center;
  -webkit-column-gap: 5px;
  column-gap: 5px;
}

.emotion-1 {
  margin: unset;
  font-family: 'Euclid Circular A','Helvetica Neue',Helvetica,Arial,sans-serif;
  color: #001E2B;
  font-size: 32px;
  line-height: 40px;
  font-weight: 400;
  font-family: 'MongoDB Value Serif','Times New Roman',serif;
  color: #00684A;
  margin-top: 24px;
  margin-bottom: 8px;
  color: var(--heading-color-primary);
  margin-top: 16px;
  margin-bottom: 24px;
}

.emotion-2 {
  position: absolute;
  -webkit-align-self: center;
  -ms-flex-item-align: center;
  align-self: center;
  padding: 0 10px;
  visibility: hidden;
}

.emotion-3 {
  color: #889397;
  vertical-align: middle;
  margin-top: -2px;
}

.emotion-4 {
  display: inline;
  left: 0;
  top: 0;
  margin-top: -85px;
  position: absolute;
  padding-bottom: 2px;
}

@media only screen and (max-width: 767px) {
  .emotion-4 {
    margin-top: -85px;
  }
}

.emotion-5 {
  position: relative;
  display: -webkit-box;
  display: -webkit-flex;
  display: -ms-flexbox;
  display: flex;
  min-width: 145px;
}

.emotion-5 [data-theme] {
  width: 310px;
}

@media only screen and (max-width: 1024px) {
  .emotion-5 {
    display: none;
  }
}

.emotion-6 {
  -webkit-appearance: none;
  -moz-appearance: none;
  -ms-appearance: none;
  appearance: none;
  padding: 0;
  margin: 0;
  background-color: transparent;
  border: 1px solid transparent;
  display: -webkit-inline-box;
  display: -webkit-inline-flex;
  display: -ms-inline-flexbox;
  display: inline-flex;
  -webkit-align-items: stretch;
  -webkit-box-align: stretch;
  -ms-flex-align: stretch;
  align-items: stretch;
  -webkit-transition: all 150ms ease-in-out;
  transition: all 150ms ease-in-out;
  position: relative;
  -webkit-text-decoration: none;
  text-decoration: none;
  cursor: pointer;
  z-index: 0;
  font-family: 'Euclid Circular A','Helvetica Neue',Helvetica,Arial,sans-serif;
  border-radius: 6px;
  background-color: #F9FBFA;
  border-color: #889397;
  color: #001E2B;
  font-size: 13px;
  line-height: 20px;
  font-weight: 500;
  height: 36px;
  border-top-right-radius: 0px;
  border-bottom-right-radius: 0px;
  z-index: 1;
}

.emotion-6:focus-visible,
.emotion-6[data-focus="true"] {
  outline: none;
}

.emotion-6:active,
.emotion-6[data-active="true"],
.emotion-6:focus,
.emotion-6:hover {
  -webkit-text-decoration: none;
  text-decoration: none;
}

.emotion-6:focus-visible,
.emotion-6[data-focus="true"] {
  color: #001E2B;
}

.emotion-6:hover,
.emotion-6[data-hover="true"],
.emotion-6:active,
.emotion-6[data-active="true"] {
  color: #001E2B;
  background-color: #FFFFFF;
  box-shadow: 0 0 0 3px #E8EDEB;
}

.emotion-6:focus-visible,
.emotion-6[data-focus="true"] {
  background-color: #FFFFFF;
  box-shadow: 0 0 0 2px #FFFFFF,0 0 0 4px #0498EC;
}

.emotion-6,
.emotion-6:hover,
.emotion-6:focus,
.emotion-6:focus-visible,
.emotion-6:active {
  border-right-color: #889397;
}

.emotion-7 {
  overflow: hidden;
  position: absolute;
  top: 0;
  left: 0;
  right: 0;
  bottom: 0;
  border-radius: 5px;
}

.emotion-8 {
  display: grid;
  grid-auto-flow: column;
  -webkit-box-pack: center;
  -ms-flex-pack: center;
  -webkit-justify-content: center;
  justify-content: center;
  -webkit-align-items: center;
  -webkit-box-align: center;
  -ms-flex-align: center;
  align-items: center;
  height: 100%;
  width: 100%;
  position: relative;
  -webkit-user-select: none;
  -moz-user-select: none;
  -ms-user-select: none;
  user-select: none;
  z-index: 0;
  -webkit-transition: all 150 ease-in-out;
  transition: all 150 ease-in-out;
  padding: 0 11px;
  gap: 6px;
}

.emotion-9 {
  color: #889397;
  height: 16px;
  width: 16px;
  justify-self: right;
}

.emotion-10 {
  -webkit-appearance: none;
  -moz-appearance: none;
  -ms-appearance: none;
  appearance: none;
  padding: 0;
  margin: 0;
  background-color: transparent;
  border: 1px solid transparent;
  display: -webkit-inline-box;
  display: -webkit-inline-flex;
  display: -ms-inline-flexbox;
  display: inline-flex;
  -webkit-align-items: stretch;
  -webkit-box-align: stretch;
  -ms-flex-align: stretch;
  align-items: stretch;
  -webkit-transition: all 150ms ease-in-out;
  transition: all 150ms ease-in-out;
  position: relative;
  -webkit-text-decoration: none;
  text-decoration: none;
  cursor: pointer;
  z-index: 0;
  font-family: 'Euclid Circular A','Helvetica Neue',Helvetica,Arial,sans-serif;
  border-radius: 6px;
  background-color: #F9FBFA;
  border-color: #889397;
  color: #001E2B;
  font-size: 13px;
  line-height: 20px;
  font-weight: 500;
  height: 36px;
  border-top-left-radius: 0px;
  border-bottom-left-radius: 0px;
  margin-left: -1px;
  width: 32px;
}

.emotion-10:focus-visible,
.emotion-10[data-focus="true"] {
  outline: none;
}

.emotion-10:active,
.emotion-10[data-active="true"],
.emotion-10:focus,
.emotion-10:hover {
  -webkit-text-decoration: none;
  text-decoration: none;
}

.emotion-10:focus-visible,
.emotion-10[data-focus="true"] {
  color: #001E2B;
}

.emotion-10:hover,
.emotion-10[data-hover="true"],
.emotion-10:active,
.emotion-10[data-active="true"] {
  color: #001E2B;
  background-color: #FFFFFF;
  box-shadow: 0 0 0 3px #E8EDEB;
}

.emotion-10:focus-visible,
.emotion-10[data-focus="true"] {
  background-color: #FFFFFF;
  box-shadow: 0 0 0 2px #FFFFFF,0 0 0 4px #0498EC;
}

.emotion-10:focus,
.emotion-10:focus-visible,
.emotion-10:hover {
  z-index: 1;
}

.emotion-10,
.emotion-10:hover,
.emotion-10:focus,
.emotion-10:focus-visible,
.emotion-10:active {
  border-left-color: #889397;
}

.emotion-10 svg {
  color: #3D4F58;
}

.emotion-13 {
  color: #001E2B;
  height: 16px;
  width: 16px;
  justify-self: right;
}

.emotion-13 .lg-ui-button-0000:hover,
.emotion-13 .lg-ui-button-0000:active {
  color: currentColor;
}

.emotion-14 {
  display: none;
}

<section>
    <div
      class="emotion-0"
    >
      <h1
        class="contains-headerlink emotion-1"
        weight="medium"
      >
        Connect to your MongoDB instance
        <a
          class="headerlink emotion-2"
          href="#"
          title="Permalink to this heading"
        >
          <svg
            aria-label="Link Icon"
            class="emotion-3"
            fill="none"
            height="12"
            role="img"
            viewBox="0 0 16 16"
            width="12"
            xmlns="http://www.w3.org/2000/svg"
          >
            <path
              d="M6.039 9.953a3.596 3.596 0 0 1-.327-.38l1.45-1.445a1.553 1.553 0 0 0 2.496.423l2.885-2.87a1.57 1.57 0 0 0 .01-2.213 1.553 1.553 0 0 0-2.203-.01l-.379.377A.995.995 0 0 1 8.56 3.83a1.005 1.005 0 0 1 .006-1.418l.38-.377a3.542 3.542 0 0 1 5.024.023 3.58 3.58 0 0 1-.022 5.047l-2.884 2.871a3.542 3.542 0 0 1-5.025-.022Z"
              fill="currentColor"
            />
            <path
              d="M9.961 6.047c.12.12.228.248.327.38l-1.45 1.445a1.553 1.553 0 0 0-2.496-.423l-2.885 2.87a1.57 1.57 0 0 0-.01 2.213 1.553 1.553 0 0 0 2.203.01l.379-.377a.995.995 0 0 1 1.411.006 1.005 1.005 0 0 1-.006 1.418l-.38.377a3.542 3.542 0 0 1-5.024-.023 3.58 3.58 0 0 1 .022-5.047l2.884-2.871a3.542 3.542 0 0 1 5.025.022Z"
              fill="currentColor"
            />
          </svg>
          <div
            class="emotion-4"
            id=""
          />
        </a>
      </h1>
      <div
        class="emotion-5"
        data-lgid="lg-split_button"
        data-testid="lg-split_button"
      >
        <button
          aria-disabled="false"
          class="lg-ui-button-0000 emotion-6"
          data-lgid="lg-split_button-button"
          data-testid="lg-split_button-button"
          type="button"
        >
          <div
            class="emotion-7"
          />
          <div
            class="emotion-8"
          >
            <svg
              alt=""
              aria-hidden="true"
              class="emotion-9"
              fill="none"
              height="16"
              role="presentation"
              viewBox="0 0 16 16"
              width="16"
              xmlns="http://www.w3.org/2000/svg"
            >
              <path
                clip-rule="evenodd"
                d="M1 5.714v4.572C1 11.233 1.768 12 2.714 12H5.75V7.11c0-.566.227-1.108.63-1.504l2.294-2.252c.1-.099.21-.186.326-.262v-.378C9 1.768 8.232 1 7.286 1H5.8v3.429c0 .71-.576 1.285-1.286 1.285H1Zm8-.928L7.257 6.498A.857.857 0 0 0 7 7.11v.688h3.01a.857.857 0 0 0 .857-.858V4h-.717a.857.857 0 0 0-.6.246l-.55.54ZM4.867 1H4.15a.857.857 0 0 0-.601.246L1.257 3.498A.857.857 0 0 0 1 4.11v.688h3.01a.857.857 0 0 0 .857-.858V1ZM7 12V8.714H10.514c.71 0 1.286-.575 1.286-1.285V4h1.486C14.233 4 15 4.768 15 5.714v7.572c0 .947-.768 1.714-1.714 1.714H8.714A1.714 1.714 0 0 1 7 13.286V12Z"
                fill="currentColor"
                fill-rule="evenodd"
              />
            </svg>
            Copy page
          </div>
        </button>
        <button
          aria-controls=""
          aria-disabled="false"
          aria-expanded="false"
          aria-haspopup="true"
          aria-label="More options"
          class="lg-ui-button-0000 emotion-10"
          data-lgid="lg-split_button-trigger"
          data-testid="lg-split_button-trigger"
          type="button"
        >
          <div
            class="emotion-7"
          />
          <div
            class="emotion-8"
          >
            <svg
              aria-label="Caret Down Icon"
              class="emotion-13"
              fill="none"
              height="16"
              role="img"
              viewBox="0 0 16 16"
              width="16"
              xmlns="http://www.w3.org/2000/svg"
            >
              <path
                d="M8.679 10.796a.554.554 0 0 1-.858 0L4.64 6.976C4.32 6.594 4.582 6 5.069 6h6.362c.487 0 .748.594.43.976l-3.182 3.82Z"
                fill="currentColor"
              />
            </svg>
          </div>
        </button>
        <span
          class="emotion-14"
        />
      </div>
    </div>
  </section>
</DocumentFragment>
`;
