// Jest Snapshot v1, https://jestjs.io/docs/snapshot-testing

exports[`renders correctly with a directive_argument node 1`] = `
<DocumentFragment>
  .emotion-0 {
  font-size: 13px;
  line-height: 20px;
  display: inline;
  -webkit-transition: all 0.15s ease-in-out;
  transition: all 0.15s ease-in-out;
  border-radius: 3px;
  font-family: 'Source Code Pro',Menlo,monospace;
  line-height: 20px;
  background-color: #F9FBFA;
  border: 1px solid #E8EDEB;
  color: #1C2D38;
  white-space: nowrap;
  font-size: unset;
  display: inline;
  color: var(--font-color-primary);
  background: var(--background-color-secondary);
  word-wrap: break-word;
  white-space: unset;
}

.lg-ui-0000:hover>.emotion-0 {
  -webkit-text-decoration: none;
  text-decoration: none;
}

.lg-ui-0000:hover>.emotion-0 {
  box-shadow: 0 0 0 3px #E8EDEB;
  border: 1px solid #C1C7C6;
}

.lg-ui-0000:focus-visible>.emotion-0 {
  box-shadow: 0 0 0 2px #FFFFFF,0 0 0 4px #0498EC;
  border: 1px solid #016BF8;
}

a .emotion-0 {
  color: inherit;
}

.emotion-1 {
  position: absolute;
  -webkit-align-self: center;
  -ms-flex-item-align: center;
  align-self: center;
  padding: 0 10px;
  visibility: hidden;
}

.emotion-2 {
  color: #889397;
  -webkit-flex-shrink: 0;
  -ms-flex-negative: 0;
  flex-shrink: 0;
  vertical-align: middle;
  margin-top: -2px;
}

.emotion-3 {
  display: none;
}

.emotion-4 {
  display: inline;
  left: 0;
  top: 0;
  margin-top: -85px;
  position: absolute;
  padding-bottom: 2px;
}

@media only screen and (max-width: 767px) {
  .emotion-4 {
    margin-top: -85px;
  }
}

.emotion-5 {
  margin: unset;
  font-family: 'Euclid Circular A','Helvetica Neue',Helvetica,Arial,sans-serif;
  color: #001E2B;
  font-size: 13px;
  line-height: 20px;
  color: #001E2B;
  font-weight: 400;
  margin-bottom: 16px;
  color: var(--font-color-primary);
}

.emotion-5 strong,
.emotion-5 b {
  font-weight: 600;
}

.emotion-6 {
  -webkit-align-items: center;
  -webkit-box-align: center;
  -ms-flex-align: center;
  align-items: center;
  cursor: pointer;
  position: relative;
  -webkit-text-decoration: none;
  text-decoration: none;
  text-decoration-color: transparent;
  line-height: 13px;
  color: var(--link-color-primary);
  font-weight: var(--link-font-weight);
}

.emotion-6>span>code,
.emotion-6>code {
  color: var(--link-color-primary);
  font-weight: var(--link-font-weight);
}

.emotion-6:focus,
.emotion-6:hover {
  text-decoration-line: underline;
  -webkit-transition: text-decoration 150ms ease-in-out;
  transition: text-decoration 150ms ease-in-out;
  text-underline-offset: 4px;
  text-decoration-thickness: 2px;
}

.emotion-6:focus {
  text-decoration-color: #016BF8;
  outline: none;
}

.emotion-6:hover {
  text-decoration-color: #E8EDEB;
}

<dl
    class="option"
  >
    <dt>
      <code
        class="emotion-0"
      >
        --config &lt;filename&gt;, -f &lt;filename&gt;
      </code>
      <a
        class="headerlink emotion-1"
        href="#std-option-mongos.--config"
        title="Permalink to this definition"
      >
        <svg
          aria-label="Link Icon"
          class="emotion-2"
          height="12"
          role="img"
          viewBox="0 0 16 16"
          width="12"
        >
          <path
            d="M6.03867 9.95309C5.91948 9.8323 5.81065 9.70512 5.71217 9.57265L7.16282 8.12843C7.2355 8.27756 7.33323 8.41753 7.45605 8.54199C8.06167 9.15571 9.04795 9.1601 9.65896 8.55179L12.5432 5.68033C13.1542 5.07203 13.1586 4.08138 12.553 3.46767C11.9473 2.85395 10.9611 2.84956 10.3501 3.45786L9.97109 3.83515C9.5797 4.22481 8.94791 4.222 8.55996 3.82887C8.17202 3.43574 8.17482 2.80115 8.56622 2.41149L8.94518 2.03421C10.339 0.646579 12.5888 0.656589 13.9703 2.05657C15.3519 3.45655 15.3419 5.71635 13.9481 7.10399L11.0638 9.97545C9.67003 11.3631 7.42018 11.3531 6.03867 9.95309Z"
            fill="currentColor"
          />
          <path
            d="M9.96133 6.04691C10.0805 6.1677 10.1894 6.29488 10.2878 6.42735L8.83718 7.87157C8.7645 7.72244 8.66677 7.58247 8.54395 7.45801C7.93833 6.84429 6.95205 6.83991 6.34104 7.44821L3.45679 10.3197C2.84578 10.928 2.84141 11.9186 3.44703 12.5323C4.05265 13.1461 5.03893 13.1504 5.64994 12.5421L6.02891 12.1649C6.4203 11.7752 7.05209 11.778 7.44004 12.1711C7.82798 12.5643 7.82518 13.1988 7.43378 13.5885L7.05482 13.9658C5.66101 15.3534 3.41117 15.3434 2.02965 13.9434C0.648136 12.5435 0.658103 10.2836 2.05191 8.89601L4.93616 6.02455C6.32997 4.63692 8.57982 4.64693 9.96133 6.04691Z"
            fill="currentColor"
          />
        </svg>
        <span
          class="emotion-3"
        />
        <div
          class="emotion-4"
          id="std-option-mongos.--config"
        />
      </a>
    </dt>
    <dd>
      <p
        class="emotion-5"
      >
        Specifies a configuration file for runtime configuration options. The
configuration file is the preferred method for runtime configuration of

        <a
          class="emotion-6"
          href="/reference/program/mongos#std-program-mongos/"
        >
          <code
            class="emotion-0"
          >
            mongos
          </code>
        </a>
        . The options are equivalent to the command-line
configuration options. See 
        <a
          class="emotion-6"
          href="/reference/configuration-options"
        >
          Configuration File Options
        </a>
         for
more information.
      </p>
      <p
        class="emotion-5"
      >
        Ensure the configuration file uses ASCII encoding. The 
        <a
          class="emotion-6"
          href="/reference/program/mongos#std-program-mongos/"
        >
          <code
            class="emotion-0"
          >
            mongos
          </code>
        </a>
        
instance does not support configuration files with non-ASCII encoding,
including UTF-8.
      </p>
    </dd>
  </dl>
</DocumentFragment>
`;

exports[`renders correctly with no directive_argument nodes 1`] = `
<DocumentFragment>
  .emotion-0 {
  scroll-margin-top: 85px;
  position: absolute;
}

<span
    class="emotion-0"
    id="std-label-php-language-center"
  />
</DocumentFragment>
`;
